<html>
<body>
<pre>
<h1>礦ision Build Log</h1>
<h2>Tool Versions:</h2>
IDE-Version: μVision V5.16a
Copyright (C) 2015 ARM Ltd and ARM Germany GmbH. All rights reserved.
License Information: ABC ABC, ABC, LIC=D0DTG-VDJDA-ADAKK-ZNAFA-GJ9CT-9Z63P
 
Tool Versions:
Toolchain:       MDK-ARM Standard  Version: 5.16a
Toolchain Path:  C:\Keil_v5\ARM\ARMCC\Bin
C Compiler:      Armcc.exe V5.06 (build 20)
Assembler:       Armasm.exe V5.06 (build 20)
Linker/Locator:  ArmLink.exe V5.06 (build 20)
Library Manager: ArmAr.exe V5.06 (build 20)
Hex Converter:   FromElf.exe V5.06 (build 20)
CPU DLL:         SARMCM3.DLL V5.16a
Dialog DLL:      DARMSTM.DLL V1.65.0.0
Target DLL:      Segger\JL2CM3.dll V2.99.15.2
Dialog DLL:      DARMSTM.DLL V1.65.0.0
 
<h2>Project:</h2>
F:\QQPCMgr(1)\Desktop\擂台资料\参考资料\32程序参考\CAUC拳皇\USER\Battle.uvprojx
Project File Date:  09/02/2019

<h2>Output:</h2>
*** Using Compiler 'V5.06 (build 20)', folder: 'C:\Keil_v5\ARM\ARMCC\Bin'
Rebuild target 'Battle'
compiling stm32f10x_it.c...
compiling oled.c...
compiling system_stm32f10x.c...
compiling main.c...
compiling data.c...
compiling menu.c...
compiling attack.c...
compiling motor.c...
compiling led.c...
compiling buzzer.c...
compiling sensors.c...
compiling adc.c...
compiling dma.c...
compiling key.c...
compiling flash.c...
compiling encoder.c...
compiling SOLGUI_Hardware.c...
compiling SOLGUI_Picture.c...
compiling SOLGUI_Common.c...
compiling SOLGUI_Menu.c...
compiling SOLGUI_GBasic.c...
compiling Font8x10_ASCII.c...
compiling Font8x8_ASCII.c...
compiling Font4x6_ASCII.c...
compiling Font6x8_ASCII.c...
compiling delay.c...
compiling SOLGUI_Printf.c...
assembling startup_stm32f10x_hd.s...
compiling SOLGUI_Widget.c...
compiling core_cm3.c...
compiling misc.c...
compiling stm32f10x_rcc.c...
compiling stm32f10x_gpio.c...
compiling sys.c...
compiling stm32f10x_adc.c...
compiling stm32f10x_tim.c...
compiling stm32f10x_dma.c...
compiling stm32f10x_flash.c...
linking...
Program Size: Code=32494 RO-data=3910 RW-data=2004 ZI-data=4852  
FromELF: creating hex file...
"..\OBJ\Battle.axf" - 0 Error(s), 0 Warning(s).

<h2>Collection of Component include folders:</h2>
  F:\QQPCMgr(1)\Desktop\擂台资料\参考资料\32程序参考\CAUC拳皇\USER\RTE
  C:\Keil_v5\ARM\PACK\Keil\STM32F1xx_DFP\2.3.0\Device\Include

<h2>Collection of Component Files used:</h2>
Build Time Elapsed:  00:00:07
</pre>
</body>
</html>
