Component: ARM Compiler 5.05 update 1 (build 106) Tool: armlink [4d0efa]

==============================================================================

Section Cross References

    main.o(.text) refers to misc.o(.text) for NVIC_PriorityGroupConfig
    main.o(.text) refers to usart.o(.text) for uart_init
    main.o(.text) refers to delay.o(.text) for delay_init
    main.o(.text) refers to timer.o(.text) for TIM4motor_init
    main.o(.text) refers to motor.o(.text) for motor_init
    main.o(.text) refers to adc.o(.text) for Adc_Init
    main.o(.text) refers to dma.o(.text) for MYDMA_Config
    main.o(.text) refers to stm32f4xx_adc.o(.text) for ADC_SoftwareStartConv
    main.o(.text) refers to edge.o(.text) for edge_init
    main.o(.text) refers to dengtai.o(.text) for qidong
    main.o(.text) refers to main.o(.bss) for fir
    system_stm32f4xx.o(.text) refers to system_stm32f4xx.o(.data) for SystemCoreClock
    startup_stm32f40_41xxx.o(STACK) refers (Special) to heapauxi.o(.text) for __use_two_region_memory
    startup_stm32f40_41xxx.o(HEAP) refers (Special) to heapauxi.o(.text) for __use_two_region_memory
    startup_stm32f40_41xxx.o(RESET) refers (Special) to heapauxi.o(.text) for __use_two_region_memory
    startup_stm32f40_41xxx.o(RESET) refers to startup_stm32f40_41xxx.o(STACK) for __initial_sp
    startup_stm32f40_41xxx.o(RESET) refers to startup_stm32f40_41xxx.o(.text) for Reset_Handler
    startup_stm32f40_41xxx.o(RESET) refers to stm32f4xx_it.o(.text) for NMI_Handler
    startup_stm32f40_41xxx.o(RESET) refers to exti.o(.text) for EXTI2_IRQHandler
    startup_stm32f40_41xxx.o(RESET) refers to timer.o(.text) for TIM2_IRQHandler
    startup_stm32f40_41xxx.o(RESET) refers to dengtai.o(.text) for TIM3_IRQHandler
    startup_stm32f40_41xxx.o(RESET) refers to usmart.o(.text) for TIM4_IRQHandler
    startup_stm32f40_41xxx.o(RESET) refers to usart.o(.text) for USART1_IRQHandler
    startup_stm32f40_41xxx.o(RESET) refers to dma.o(.text) for DMA2_Stream0_IRQHandler
    startup_stm32f40_41xxx.o(.text) refers (Special) to heapauxi.o(.text) for __use_two_region_memory
    startup_stm32f40_41xxx.o(.text) refers to system_stm32f4xx.o(.text) for SystemInit
    startup_stm32f40_41xxx.o(.text) refers to __main.o(!!!main) for __main
    startup_stm32f40_41xxx.o(.text) refers to startup_stm32f40_41xxx.o(HEAP) for Heap_Mem
    startup_stm32f40_41xxx.o(.text) refers to startup_stm32f40_41xxx.o(STACK) for Stack_Mem
    stm32f4xx_adc.o(.text) refers to stm32f4xx_rcc.o(.text) for RCC_APB2PeriphResetCmd
    stm32f4xx_can.o(.text) refers to stm32f4xx_rcc.o(.text) for RCC_APB1PeriphResetCmd
    stm32f4xx_cryp.o(.text) refers to stm32f4xx_rcc.o(.text) for RCC_AHB2PeriphResetCmd
    stm32f4xx_cryp_aes.o(.text) refers to stm32f4xx_cryp.o(.text) for CRYP_KeyStructInit
    stm32f4xx_cryp_des.o(.text) refers to stm32f4xx_cryp.o(.text) for CRYP_KeyStructInit
    stm32f4xx_cryp_tdes.o(.text) refers to stm32f4xx_cryp.o(.text) for CRYP_KeyStructInit
    stm32f4xx_dac.o(.text) refers to stm32f4xx_rcc.o(.text) for RCC_APB1PeriphResetCmd
    stm32f4xx_dma2d.o(.text) refers to stm32f4xx_rcc.o(.text) for RCC_AHB1PeriphResetCmd
    stm32f4xx_fsmc.o(.text) refers to stm32f4xx_fsmc.o(.constdata) for FSMC_DefaultTimingStruct
    stm32f4xx_gpio.o(.text) refers to stm32f4xx_rcc.o(.text) for RCC_AHB1PeriphResetCmd
    stm32f4xx_hash.o(.text) refers to stm32f4xx_rcc.o(.text) for RCC_AHB2PeriphResetCmd
    stm32f4xx_hash_md5.o(.text) refers to stm32f4xx_hash.o(.text) for HASH_DeInit
    stm32f4xx_hash_sha1.o(.text) refers to stm32f4xx_hash.o(.text) for HASH_DeInit
    stm32f4xx_i2c.o(.text) refers to stm32f4xx_rcc.o(.text) for RCC_APB1PeriphResetCmd
    stm32f4xx_ltdc.o(.text) refers to stm32f4xx_rcc.o(.text) for RCC_APB2PeriphResetCmd
    stm32f4xx_pwr.o(.text) refers to stm32f4xx_rcc.o(.text) for RCC_APB1PeriphResetCmd
    stm32f4xx_rcc.o(.text) refers to stm32f4xx_rcc.o(.data) for APBAHBPrescTable
    stm32f4xx_rng.o(.text) refers to stm32f4xx_rcc.o(.text) for RCC_AHB2PeriphResetCmd
    stm32f4xx_sai.o(.text) refers to stm32f4xx_rcc.o(.text) for RCC_APB2PeriphResetCmd
    stm32f4xx_sdio.o(.text) refers to stm32f4xx_rcc.o(.text) for RCC_APB2PeriphResetCmd
    stm32f4xx_spi.o(.text) refers to stm32f4xx_rcc.o(.text) for RCC_APB2PeriphResetCmd
    stm32f4xx_syscfg.o(.text) refers to stm32f4xx_rcc.o(.text) for RCC_APB2PeriphResetCmd
    stm32f4xx_tim.o(.text) refers to stm32f4xx_rcc.o(.text) for RCC_APB2PeriphResetCmd
    stm32f4xx_usart.o(.text) refers to stm32f4xx_rcc.o(.text) for RCC_APB2PeriphResetCmd
    stm32f4xx_wwdg.o(.text) refers to stm32f4xx_rcc.o(.text) for RCC_APB1PeriphResetCmd
    delay.o(.text) refers to misc.o(.text) for SysTick_CLKSourceConfig
    delay.o(.text) refers to delay.o(.data) for fac_us
    usart.o(.rev16_text) refers (Special) to use_no_semi_2.o(.text) for __use_no_semihosting
    usart.o(.revsh_text) refers (Special) to use_no_semi_2.o(.text) for __use_no_semihosting
[...]
    ..\\FWLIB\\src\\stm32f4xx_ltdc.c         0x00000000   Number         0  stm32f4xx_ltdc.o ABSOLUTE
    ..\\FWLIB\\src\\stm32f4xx_pwr.c          0x00000000   Number         0  stm32f4xx_pwr.o ABSOLUTE
    ..\\FWLIB\\src\\stm32f4xx_rcc.c          0x00000000   Number         0  stm32f4xx_rcc.o ABSOLUTE
    ..\\FWLIB\\src\\stm32f4xx_rng.c          0x00000000   Number         0  stm32f4xx_rng.o ABSOLUTE
    ..\\FWLIB\\src\\stm32f4xx_rtc.c          0x00000000   Number         0  stm32f4xx_rtc.o ABSOLUTE
    ..\\FWLIB\\src\\stm32f4xx_sai.c          0x00000000   Number         0  stm32f4xx_sai.o ABSOLUTE
    ..\\FWLIB\\src\\stm32f4xx_sdio.c         0x00000000   Number         0  stm32f4xx_sdio.o ABSOLUTE
    ..\\FWLIB\\src\\stm32f4xx_spi.c          0x00000000   Number         0  stm32f4xx_spi.o ABSOLUTE
    ..\\FWLIB\\src\\stm32f4xx_syscfg.c       0x00000000   Number         0  stm32f4xx_syscfg.o ABSOLUTE
    ..\\FWLIB\\src\\stm32f4xx_tim.c          0x00000000   Number         0  stm32f4xx_tim.o ABSOLUTE
    ..\\FWLIB\\src\\stm32f4xx_usart.c        0x00000000   Number         0  stm32f4xx_usart.o ABSOLUTE
    ..\\FWLIB\\src\\stm32f4xx_wwdg.c         0x00000000   Number         0  stm32f4xx_wwdg.o ABSOLUTE
    ..\\HARDWARE\\ADC\\adc.c                 0x00000000   Number         0  adc.o ABSOLUTE
    ..\\HARDWARE\\DENGTAI\\dengtai.c         0x00000000   Number         0  dengtai.o ABSOLUTE
    ..\\HARDWARE\\DMA\\dma.c                 0x00000000   Number         0  dma.o ABSOLUTE
    ..\\HARDWARE\\EDGE\\edge.c               0x00000000   Number         0  edge.o ABSOLUTE
    ..\\HARDWARE\\EXTI\\exti.c               0x00000000   Number         0  exti.o ABSOLUTE
    ..\\HARDWARE\\FILTER\\filter.c           0x00000000   Number         0  filter.o ABSOLUTE
    ..\\HARDWARE\\MOTOR\\motor.c             0x00000000   Number         0  motor.o ABSOLUTE
    ..\\HARDWARE\\TIMER4\\timer.c            0x00000000   Number         0  timer.o ABSOLUTE
    ..\\HARDWARE\\debug\\debug.c             0x00000000   Number         0  debug.o ABSOLUTE
    ..\\SYSTEM\\delay\\delay.c               0x00000000   Number         0  delay.o ABSOLUTE
    ..\\SYSTEM\\sys\\sys.c                   0x00000000   Number         0  sys.o ABSOLUTE
    ..\\SYSTEM\\usart\\usart.c               0x00000000   Number         0  usart.o ABSOLUTE
    ..\\USMART\\usmart.c                     0x00000000   Number         0  usmart.o ABSOLUTE
    ..\\USMART\\usmart_config.c              0x00000000   Number         0  usmart_config.o ABSOLUTE
    ..\\USMART\\usmart_str.c                 0x00000000   Number         0  usmart_str.o ABSOLUTE
    dc.s                                     0x00000000   Number         0  dc.o ABSOLUTE
    main.c                                   0x00000000   Number         0  main.o ABSOLUTE
    main.c                                   0x00000000   Number         0  main.o ABSOLUTE
    stm32f4xx_it.c                           0x00000000   Number         0  stm32f4xx_it.o ABSOLUTE
    stm32f4xx_it.c                           0x00000000   Number         0  stm32f4xx_it.o ABSOLUTE
    system_stm32f4xx.c                       0x00000000   Number         0  system_stm32f4xx.o ABSOLUTE
    system_stm32f4xx.c                       0x00000000   Number         0  system_stm32f4xx.o ABSOLUTE
    RESET                                    0x08000000   Section      392  startup_stm32f40_41xxx.o(RESET)
    !!!main                                  0x08000188   Section        8  __main.o(!!!main)
    !!!scatter                               0x08000190   Section       52  __scatter.o(!!!scatter)
    !!dczerorl2                              0x080001c4   Section       90  __dczerorl2.o(!!dczerorl2)
    !!handler_zi                             0x08000220   Section       28  __scatter_zi.o(!!handler_zi)
    .ARM.Collect$$_printf_percent$$00000000  0x0800023c   Section        0  _printf_percent.o(.ARM.Collect$$_printf_percent$$00000000)
    .ARM.Collect$$_printf_percent$$00000009  0x0800023c   Section        6  _printf_d.o(.ARM.Collect$$_printf_percent$$00000009)
    .ARM.Collect$$_printf_percent$$0000000A  0x08000242   Section        6  _printf_u.o(.ARM.Collect$$_printf_percent$$0000000A)
    .ARM.Collect$$_printf_percent$$0000000C  0x08000248   Section        6  _printf_x.o(.ARM.Collect$$_printf_percent$$0000000C)
    .ARM.Collect$$_printf_percent$$00000013  0x0800024e   Section        6  _printf_c.o(.ARM.Collect$$_printf_percent$$00000013)
    .ARM.Collect$$_printf_percent$$00000014  0x08000254   Section        6  _printf_s.o(.ARM.Collect$$_printf_percent$$00000014)
    .ARM.Collect$$_printf_percent$$00000017  0x0800025a   Section        4  _printf_percent_end.o(.ARM.Collect$$_printf_percent$$00000017)
    .ARM.Collect$$libinit$$00000000          0x0800025e   Section        2  libinit.o(.ARM.Collect$$libinit$$00000000)
    .ARM.Collect$$libinit$$00000001          0x08000260   Section        4  libinit2.o(.ARM.Collect$$libinit$$00000001)
    .ARM.Collect$$libinit$$00000004          0x08000264   Section        0  libinit2.o(.ARM.Collect$$libinit$$00000004)
    .ARM.Collect$$libinit$$0000000A          0x08000264   Section        0  libinit2.o(.ARM.Collect$$libinit$$0000000A)
    .ARM.Collect$$libinit$$0000000C          0x08000264   Section        0  libinit2.o(.ARM.Collect$$libinit$$0000000C)
    .ARM.Collect$$libinit$$0000000E          0x08000264   Section        0  libinit2.o(.ARM.Collect$$libinit$$0000000E)
    .ARM.Collect$$libinit$$00000011          0x08000264   Section        0  libinit2.o(.ARM.Collect$$libinit$$00000011)
    .ARM.Collect$$libinit$$00000013          0x08000264   Section        0  libinit2.o(.ARM.Collect$$libinit$$00000013)
    .ARM.Collect$$libinit$$00000015          0x08000264   Section        0  libinit2.o(.ARM.Collect$$libinit$$00000015)
    .ARM.Collect$$libinit$$00000017          0x08000264   Section        0  libinit2.o(.ARM.Collect$$libinit$$00000017)
    .ARM.Collect$$libinit$$00000019          0x08000264   Section        0  libinit2.o(.ARM.Collect$$libinit$$00000019)
    .ARM.Collect$$libinit$$0000001B          0x08000264   Section        0  libinit2.o(.ARM.Collect$$libinit$$0000001B)
    .ARM.Collect$$libinit$$0000001D          0x08000264   Section        0  libinit2.o(.ARM.Collect$$libinit$$0000001D)
    .ARM.Collect$$libinit$$0000001F          0x08000264   Section        0  libinit2.o(.ARM.Collect$$libinit$$0000001F)
    .ARM.Collect$$libinit$$00000021          0x08000264   Section        0  libinit2.o(.ARM.Collect$$libinit$$00000021)
    .ARM.Collect$$libinit$$00000023          0x08000264   Section        0  libinit2.o(.ARM.Collect$$libinit$$00000023)
    .ARM.Collect$$libinit$$00000025          0x08000264   Section        0  libinit2.o(.ARM.Collect$$libinit$$00000025)
    .ARM.Collect$$libinit$$0000002C          0x08000264   Section        0  libinit2.o(.ARM.Collect$$libinit$$0000002C)
    .ARM.Collect$$libinit$$0000002E          0x08000264   Section        0  libinit2.o(.ARM.Collect$$libinit$$0000002E)
    .ARM.Collect$$libinit$$00000030          0x08000264   Section        0  libinit2.o(.ARM.Collect$$libinit$$00000030)
    .ARM.Collect$$libinit$$00000032          0x08000264   Section        0  libinit2.o(.ARM.Collect$$libinit$$00000032)
    .ARM.Collect$$libinit$$00000033          0x08000264   Section        2  libinit2.o(.ARM.Collect$$libinit$$00000033)
    .ARM.Collect$$libshutdown$$00000000      0x08000266   Section        2  libshutdown.o(.ARM.Collect$$libshutdown$$00000000)
    .ARM.Collect$$libshutdown$$00000003      0x08000268   Section        0  libshutdown2.o(.ARM.Collect$$libshutdown$$00000003)
    .ARM.Collect$$libshutdown$$00000006      0x08000268   Section        0  libshutdown2.o(.ARM.Collect$$libshutdown$$00000006)
    .ARM.Collect$$libshutdown$$00000009      0x08000268   Section        0  libshutdown2.o(.ARM.Collect$$libshutdown$$00000009)
    .ARM.Collect$$libshutdown$$0000000B      0x08000268   Section        0  libshutdown2.o(.ARM.Collect$$libshutdown$$0000000B)
    .ARM.Collect$$libshutdown$$0000000E      0x08000268   Section        0  libshutdown2.o(.ARM.Collect$$libshutdown$$0000000E)
    .ARM.Collect$$libshutdown$$0000000F      0x08000268   Section        2  libshutdown2.o(.ARM.Collect$$libshutdown$$0000000F)
    .ARM.Collect$$rtentry$$00000000          0x0800026a   Section        0  __rtentry.o(.ARM.Collect$$rtentry$$00000000)
    .ARM.Collect$$rtentry$$00000002          0x0800026a   Section        0  __rtentry2.o(.ARM.Collect$$rtentry$$00000002)
    .ARM.Collect$$rtentry$$00000004          0x0800026a   Section        6  __rtentry4.o(.ARM.Collect$$rtentry$$00000004)
    .ARM.Collect$$rtentry$$00000009          0x08000270   Section        0  __rtentry2.o(.ARM.Collect$$rtentry$$00000009)
    .ARM.Collect$$rtentry$$0000000A          0x08000270   Section        4  __rtentry2.o(.ARM.Collect$$rtentry$$0000000A)
    .ARM.Collect$$rtentry$$0000000C          0x08000274   Section        0  __rtentry2.o(.ARM.Collect$$rtentry$$0000000C)
    .ARM.Collect$$rtentry$$0000000D          0x08000274   Section        8  __rtentry2.o(.ARM.Collect$$rtentry$$0000000D)
    .ARM.Collect$$rtexit$$00000000           0x0800027c   Section        2  rtexit.o(.ARM.Collect$$rtexit$$00000000)
    .ARM.Collect$$rtexit$$00000002           0x0800027e   Section        0  rtexit2.o(.ARM.Collect$$rtexit$$00000002)
    .ARM.Collect$$rtexit$$00000003           0x0800027e   Section        4  rtexit2.o(.ARM.Collect$$rtexit$$00000003)
    .ARM.Collect$$rtexit$$00000004           0x08000282   Section        6  rtexit2.o(.ARM.Collect$$rtexit$$00000004)
    .text                                    0x08000288   Section        0  main.o(.text)
    .text                                    0x08000310   Section        0  stm32f4xx_it.o(.text)
    .text                                    0x0800032c   Section        0  system_stm32f4xx.o(.text)
    SetSysClock                              0x0800032d   Thumb Code   220  system_stm32f4xx.o(.text)
    .text                                    0x0800053c   Section       64  startup_stm32f40_41xxx.o(.text)
    $v0                                      0x0800053c   Number         0  startup_stm32f40_41xxx.o(.text)
    .text                                    0x0800057c   Section        0  misc.o(.text)
    .text                                    0x0800065c   Section        0  stm32f4xx_adc.o(.text)
    .text                                    0x08000ac0   Section        0  stm32f4xx_dma.o(.text)
    .text                                    0x08000e68   Section        0  stm32f4xx_exti.o(.text)
    .text                                    0x08000f78   Section        0  stm32f4xx_gpio.o(.text)
    .text                                    0x0800120c   Section        0  stm32f4xx_rcc.o(.text)
    .text                                    0x08001868   Section        0  stm32f4xx_syscfg.o(.text)
    .text                                    0x080018fc   Section        0  stm32f4xx_tim.o(.text)
    TI4_Config                               0x0800209b   Thumb Code    80  stm32f4xx_tim.o(.text)
    TI3_Config                               0x080020fd   Thumb Code    72  stm32f4xx_tim.o(.text)
    TI2_Config                               0x0800215f   Thumb Code    90  stm32f4xx_tim.o(.text)
    TI1_Config                               0x080021cb   Thumb Code    58  stm32f4xx_tim.o(.text)
    .text                                    0x080025a0   Section        0  stm32f4xx_usart.o(.text)
    .text                                    0x080029f4   Section        0  delay.o(.text)
    .text                                    0x08002af8   Section        0  usart.o(.text)
    .text                                    0x08002c48   Section        0  adc.o(.text)
    .text                                    0x08002e08   Section        0  dma.o(.text)
    .text                                    0x08002ef4   Section        0  exti.o(.text)
    .text                                    0x08002fd8   Section        0  motor.o(.text)
    .text                                    0x08003180   Section        0  timer.o(.text)
    .text                                    0x08003abc   Section        0  edge.o(.text)
    .text                                    0x08003af0   Section        0  filter.o(.text)
    .text                                    0x08003b50   Section        0  dengtai.o(.text)
    .text                                    0x08003d44   Section        0  usmart.o(.text)
    .text                                    0x08004978   Section        0  usmart_str.o(.text)
    .text                                    0x08004ea0   Section        0  debug.o(.text)
    .text                                    0x08004ec4   Section        2  use_no_semi_2.o(.text)
    .text                                    0x08004ec8   Section        0  noretval__2printf.o(.text)
    .text                                    0x08004ee0   Section        0  _printf_pad.o(.text)
    .text                                    0x08004f2e   Section        0  _printf_str.o(.text)
    .text                                    0x08004f80   Section        0  _printf_dec.o(.text)
    .text                                    0x08004ff8   Section        0  _printf_hex_int.o(.text)
    .text                                    0x08005050   Section        0  __printf_flags_ss_wp.o(.text)
    .text                                    0x080051d8   Section        0  heapauxi.o(.text)
    .text                                    0x080051de   Section        2  use_no_semi.o(.text)
    .text                                    0x080051e0   Section        0  _printf_intcommon.o(.text)
    .text                                    0x08005292   Section        0  _printf_char.o(.text)
    .text                                    0x080052c0   Section        0  _printf_char_file.o(.text)
    .text                                    0x080052e4   Section        0  _printf_char_common.o(.text)
    _printf_input_char                       0x080052e5   Thumb Code    10  _printf_char_common.o(.text)
    .text                                    0x08005314   Section        0  ferror.o(.text)
    .text                                    0x0800531c   Section       74  sys_stackheap_outer.o(.text)
    .text                                    0x08005366   Section        0  exit.o(.text)
    .text                                    0x08005374   Section        8  libspace.o(.text)
    i._is_digit                              0x0800537c   Section        0  __printf_wp.o(i._is_digit)
    x$fpl$fpinit                             0x0800538a   Section       10  fpinit.o(x$fpl$fpinit)
    $v0                                      0x0800538a   Number         0  fpinit.o(x$fpl$fpinit)
    .constdata                               0x08005394   Section       22  timer.o(.constdata)
    .constdata                               0x080053aa   Section       40  _printf_hex_int.o(.constdata)
    uc_hextab                                0x080053aa   Data          20  _printf_hex_int.o(.constdata)
    lc_hextab                                0x080053be   Data          20  _printf_hex_int.o(.constdata)
    .constdata                               0x080053d2   Section       17  __printf_flags_ss_wp.o(.constdata)
    maptable                                 0x080053d2   Data          17  __printf_flags_ss_wp.o(.constdata)
    .conststring                             0x080053e4   Section       40  usmart.o(.conststring)
    .conststring                             0x0800540c   Section      163  usmart_config.o(.conststring)
    .data                                    0x20000000   Section       20  system_stm32f4xx.o(.data)
    .data                                    0x20000014   Section       16  stm32f4xx_rcc.o(.data)
    APBAHBPrescTable                         0x20000014   Data          16  stm32f4xx_rcc.o(.data)
    .data                                    0x20000024   Section        4  delay.o(.data)
    fac_us                                   0x20000024   Data           1  delay.o(.data)
    fac_ms                                   0x20000026   Data           2  delay.o(.data)
    .data                                    0x20000028   Section        6  usart.o(.data)
    .data                                    0x20000030   Section       44  timer.o(.data)
    .data                                    0x2000005c   Section        4  dengtai.o(.data)
    .data                                    0x20000060   Section       28  usmart.o(.data)
    .data                                    0x2000007c   Section      292  usmart_config.o(.data)
    .data                                    0x200001a0   Section        2  debug.o(.data)
    .bss                                     0x200001a4   Section      308  main.o(.bss)
    .bss                                     0x200002d8   Section      200  usart.o(.bss)
    .bss                                     0x200003a0   Section       96  libspace.o(.bss)
    HEAP                                     0x20000400   Section      512  startup_stm32f40_41xxx.o(HEAP)
    Heap_Mem                                 0x20000400   Data         512  startup_stm32f40_41xxx.o(HEAP)
    STACK                                    0x20000600   Section     1024  startup_stm32f40_41xxx.o(STACK)
    Stack_Mem                                0x20000600   Data        1024  startup_stm32f40_41xxx.o(STACK)
    __initial_sp                             0x20000a00   Data           0  startup_stm32f40_41xxx.o(STACK)

    Global Symbols

    Symbol Name                              Value     Ov Type        Size  Object(Section)

    BuildAttributes$$THM_ISAv4$E$P$D$K$B$S$7EM$VFPi3$EXTD16$VFPS$VFMA$PE$A:L22UL41UL21$X:L11$S22US41US21$IEEE1$IW$USESV6$~STKCKD$USESV7$~SHL$OSPACE$ROPI$EBA8$UX$STANDARDLIB$REQ8$PRES8$EABIv2 0x00000000   Number         0  anon$$obj.o ABSOLUTE
    __ARM_use_no_argv                        0x00000000   Number         0  main.o ABSOLUTE
    _printf_flags                            0x00000000   Number         0  printf_stubs.o ABSOLUTE
    _printf_return_value                     0x00000000   Number         0  printf_stubs.o ABSOLUTE
    _printf_sizespec                         0x00000000   Number         0  printf_stubs.o ABSOLUTE
    _printf_widthprec                        0x00000000   Number         0  printf_stubs.o ABSOLUTE
    __ARM_exceptions_init                     - Undefined Weak Reference
    __alloca_initialize                       - Undefined Weak Reference
    __arm_preinit_                            - Undefined Weak Reference
    __cpp_initialize__aeabi_                  - Undefined Weak Reference
    __cxa_finalize                            - Undefined Weak Reference
    __rt_locale                               - Undefined Weak Reference
    __sigvec_lookup                           - Undefined Weak Reference
    _atexit_init                              - Undefined Weak Reference
    _call_atexit_fns                          - Undefined Weak Reference
    _clock_init                               - Undefined Weak Reference
    _fp_trap_init                             - Undefined Weak Reference
    _fp_trap_shutdown                         - Undefined Weak Reference
    _get_lc_collate                           - Undefined Weak Reference
    _get_lc_ctype                             - Undefined Weak Reference
    _get_lc_monetary                          - Undefined Weak Reference
    _get_lc_numeric                           - Undefined Weak Reference
    _get_lc_time                              - Undefined Weak Reference
    _getenv_init                              - Undefined Weak Reference
    _handle_redirection                       - Undefined Weak Reference
    _init_alloc                               - Undefined Weak Reference
    _init_user_alloc                          - Undefined Weak Reference
    _initio                                   - Undefined Weak Reference
    _mutex_acquire                            - Undefined Weak Reference
    _mutex_release                            - Undefined Weak Reference
    _printf_mbtowc                            - Undefined Weak Reference
    _printf_truncate_signed                   - Undefined Weak Reference
    _printf_truncate_unsigned                 - Undefined Weak Reference
    _rand_init                                - Undefined Weak Reference
    _signal_finish                            - Undefined Weak Reference
    _signal_init                              - Undefined Weak Reference
    _terminate_alloc                          - Undefined Weak Reference
    _terminate_user_alloc                     - Undefined Weak Reference
    _terminateio                              - Undefined Weak Reference
    __Vectors_Size                           0x00000188   Number         0  startup_stm32f40_41xxx.o ABSOLUTE
    __Vectors                                0x08000000   Data           4  startup_stm32f40_41xxx.o(RESET)
    __Vectors_End                            0x08000188   Data           0  startup_stm32f40_41xxx.o(RESET)
    __main                                   0x08000189   Thumb Code     8  __main.o(!!!main)
    __scatterload                            0x08000191   Thumb Code     0  __scatter.o(!!!scatter)
    __scatterload_rt2                        0x08000191   Thumb Code    44  __scatter.o(!!!scatter)
    __scatterload_rt2_thumb_only             0x08000191   Thumb Code     0  __scatter.o(!!!scatter)
    __scatterload_null                       0x0800019f   Thumb Code     0  __scatter.o(!!!scatter)
    __decompress                             0x080001c5   Thumb Code    90  __dczerorl2.o(!!dczerorl2)
    __decompress1                            0x080001c5   Thumb Code     0  __dczerorl2.o(!!dczerorl2)
    __scatterload_zeroinit                   0x08000221   Thumb Code    28  __scatter_zi.o(!!handler_zi)
    _printf_d                                0x0800023d   Thumb Code     0  _printf_d.o(.ARM.Collect$$_printf_percent$$00000009)
    _printf_percent                          0x0800023d   Thumb Code     0  _printf_percent.o(.ARM.Collect$$_printf_percent$$00000000)
    _printf_u                                0x08000243   Thumb Code     0  _printf_u.o(.ARM.Collect$$_printf_percent$$0000000A)
    _printf_x                                0x08000249   Thumb Code     0  _printf_x.o(.ARM.Collect$$_printf_percent$$0000000C)
    _printf_c                                0x0800024f   Thumb Code     0  _printf_c.o(.ARM.Collect$$_printf_percent$$00000013)
    _printf_s                                0x08000255   Thumb Code     0  _printf_s.o(.ARM.Collect$$_printf_percent$$00000014)
    _printf_percent_end                      0x0800025b   Thumb Code     0  _printf_percent_end.o(.ARM.Collect$$_printf_percent$$00000017)
    __rt_lib_init                            0x0800025f   Thumb Code     0  libinit.o(.ARM.Collect$$libinit$$00000000)
    __rt_lib_init_fp_1                       0x08000261   Thumb Code     0  libinit2.o(.ARM.Collect$$libinit$$00000001)
    __rt_lib_init_alloca_1                   0x08000265   Thumb Code     0  libinit2.o(.ARM.Collect$$libinit$$0000002E)
    __rt_lib_init_argv_1                     0x08000265   Thumb Code     0  libinit2.o(.ARM.Collect$$libinit$$0000002C)
    __rt_lib_init_atexit_1                   0x08000265   Thumb Code     0  libinit2.o(.ARM.Collect$$libinit$$0000001B)
    __rt_lib_init_clock_1                    0x08000265   Thumb Code     0  libinit2.o(.ARM.Collect$$libinit$$00000021)
    __rt_lib_init_cpp_1                      0x08000265   Thumb Code     0  libinit2.o(.ARM.Collect$$libinit$$00000032)
    __rt_lib_init_exceptions_1               0x08000265   Thumb Code     0  libinit2.o(.ARM.Collect$$libinit$$00000030)
    __rt_lib_init_fp_trap_1                  0x08000265   Thumb Code     0  libinit2.o(.ARM.Collect$$libinit$$0000001F)
    __rt_lib_init_getenv_1                   0x08000265   Thumb Code     0  libinit2.o(.ARM.Collect$$libinit$$00000023)
    __rt_lib_init_heap_1                     0x08000265   Thumb Code     0  libinit2.o(.ARM.Collect$$libinit$$0000000A)
    __rt_lib_init_lc_collate_1               0x08000265   Thumb Code     0  libinit2.o(.ARM.Collect$$libinit$$00000011)
    __rt_lib_init_lc_ctype_1                 0x08000265   Thumb Code     0  libinit2.o(.ARM.Collect$$libinit$$00000013)
    __rt_lib_init_lc_monetary_1              0x08000265   Thumb Code     0  libinit2.o(.ARM.Collect$$libinit$$00000015)
    __rt_lib_init_lc_numeric_1               0x08000265   Thumb Code     0  libinit2.o(.ARM.Collect$$libinit$$00000017)
    __rt_lib_init_lc_time_1                  0x08000265   Thumb Code     0  libinit2.o(.ARM.Collect$$libinit$$00000019)
    __rt_lib_init_preinit_1                  0x08000265   Thumb Code     0  libinit2.o(.ARM.Collect$$libinit$$00000004)
    __rt_lib_init_rand_1                     0x08000265   Thumb Code     0  libinit2.o(.ARM.Collect$$libinit$$0000000E)
    __rt_lib_init_return                     0x08000265   Thumb Code     0  libinit2.o(.ARM.Collect$$libinit$$00000033)
    __rt_lib_init_signal_1                   0x08000265   Thumb Code     0  libinit2.o(.ARM.Collect$$libinit$$0000001D)
    __rt_lib_init_stdio_1                    0x08000265   Thumb Code     0  libinit2.o(.ARM.Collect$$libinit$$00000025)
    __rt_lib_init_user_alloc_1               0x08000265   Thumb Code     0  libinit2.o(.ARM.Collect$$libinit$$0000000C)
    __rt_lib_shutdown                        0x08000267   Thumb Code     0  libshutdown.o(.ARM.Collect$$libshutdown$$00000000)
    __rt_lib_shutdown_fp_trap_1              0x08000269   Thumb Code     0  libshutdown2.o(.ARM.Collect$$libshutdown$$00000006)
    __rt_lib_shutdown_heap_1                 0x08000269   Thumb Code     0  libshutdown2.o(.ARM.Collect$$libshutdown$$0000000E)
    __rt_lib_shutdown_return                 0x08000269   Thumb Code     0  libshutdown2.o(.ARM.Collect$$libshutdown$$0000000F)
    __rt_lib_shutdown_signal_1               0x08000269   Thumb Code     0  libshutdown2.o(.ARM.Collect$$libshutdown$$00000009)
    __rt_lib_shutdown_stdio_1                0x08000269   Thumb Code     0  libshutdown2.o(.ARM.Collect$$libshutdown$$00000003)
    __rt_lib_shutdown_user_alloc_1           0x08000269   Thumb Code     0  libshutdown2.o(.ARM.Collect$$libshutdown$$0000000B)
    __rt_entry                               0x0800026b   Thumb Code     0  __rtentry.o(.ARM.Collect$$rtentry$$00000000)
    __rt_entry_presh_1                       0x0800026b   Thumb Code     0  __rtentry2.o(.ARM.Collect$$rtentry$$00000002)
    __rt_entry_sh                            0x0800026b   Thumb Code     0  __rtentry4.o(.ARM.Collect$$rtentry$$00000004)
    __rt_entry_li                            0x08000271   Thumb Code     0  __rtentry2.o(.ARM.Collect$$rtentry$$0000000A)
    __rt_entry_postsh_1                      0x08000271   Thumb Code     0  __rtentry2.o(.ARM.Collect$$rtentry$$00000009)
    __rt_entry_main                          0x08000275   Thumb Code     0  __rtentry2.o(.ARM.Collect$$rtentry$$0000000D)
    __rt_entry_postli_1                      0x08000275   Thumb Code     0  __rtentry2.o(.ARM.Collect$$rtentry$$0000000C)
    __rt_exit                                0x0800027d   Thumb Code     0  rtexit.o(.ARM.Collect$$rtexit$$00000000)
    __rt_exit_ls                             0x0800027f   Thumb Code     0  rtexit2.o(.ARM.Collect$$rtexit$$00000003)
    __rt_exit_prels_1                        0x0800027f   Thumb Code     0  rtexit2.o(.ARM.Collect$$rtexit$$00000002)
    __rt_exit_exit                           0x08000283   Thumb Code     0  rtexit2.o(.ARM.Collect$$rtexit$$00000004)
    main                                     0x08000289   Thumb Code   118  main.o(.text)
    NMI_Handler                              0x08000311   Thumb Code     2  stm32f4xx_it.o(.text)
    HardFault_Handler                        0x08000313   Thumb Code     4  stm32f4xx_it.o(.text)
    MemManage_Handler                        0x08000317   Thumb Code     4  stm32f4xx_it.o(.text)
    BusFault_Handler                         0x0800031b   Thumb Code     4  stm32f4xx_it.o(.text)
    UsageFault_Handler                       0x0800031f   Thumb Code     4  stm32f4xx_it.o(.text)
    SVC_Handler                              0x08000323   Thumb Code     2  stm32f4xx_it.o(.text)
    DebugMon_Handler                         0x08000325   Thumb Code     2  stm32f4xx_it.o(.text)
    PendSV_Handler                           0x08000327   Thumb Code     2  stm32f4xx_it.o(.text)
    SysTick_Handler                          0x08000329   Thumb Code     2  stm32f4xx_it.o(.text)
    SystemInit                               0x08000409   Thumb Code    88  system_stm32f4xx.o(.text)
    SystemCoreClockUpdate                    0x08000461   Thumb Code   174  system_stm32f4xx.o(.text)
    Reset_Handler                            0x0800053d   Thumb Code     8  startup_stm32f40_41xxx.o(.text)
    ADC_IRQHandler                           0x08000557   Thumb Code     0  startup_stm32f40_41xxx.o(.text)
    CAN1_RX0_IRQHandler                      0x08000557   Thumb Code     0  startup_stm32f40_41xxx.o(.text)
    CAN1_RX1_IRQHandler                      0x08000557   Thumb Code     0  startup_stm32f40_41xxx.o(.text)
    CAN1_SCE_IRQHandler                      0x08000557   Thumb Code     0  startup_stm32f40_41xxx.o(.text)
    CAN1_TX_IRQHandler                       0x08000557   Thumb Code     0  startup_stm32f40_41xxx.o(.text)
    CAN2_RX0_IRQHandler                      0x08000557   Thumb Code     0  startup_stm32f40_41xxx.o(.text)
    CAN2_RX1_IRQHandler                      0x08000557   Thumb Code     0  startup_stm32f40_41xxx.o(.text)
    CAN2_SCE_IRQHandler                      0x08000557   Thumb Code     0  startup_stm32f40_41xxx.o(.text)
    CAN2_TX_IRQHandler                       0x08000557   Thumb Code     0  startup_stm32f40_41xxx.o(.text)
    CRYP_IRQHandler                          0x08000557   Thumb Code     0  startup_stm32f40_41xxx.o(.text)
    DCMI_IRQHandler                          0x08000557   Thumb Code     0  startup_stm32f40_41xxx.o(.text)
    DMA1_Stream0_IRQHandler                  0x08000557   Thumb Code     0  startup_stm32f40_41xxx.o(.text)
    DMA1_Stream1_IRQHandler                  0x08000557   Thumb Code     0  startup_stm32f40_41xxx.o(.text)
    DMA1_Stream2_IRQHandler                  0x08000557   Thumb Code     0  startup_stm32f40_41xxx.o(.text)
    DMA1_Stream3_IRQHandler                  0x08000557   Thumb Code     0  startup_stm32f40_41xxx.o(.text)
    DMA1_Stream4_IRQHandler                  0x08000557   Thumb Code     0  startup_stm32f40_41xxx.o(.text)
    DMA1_Stream5_IRQHandler                  0x08000557   Thumb Code     0  startup_stm32f40_41xxx.o(.text)
    DMA1_Stream6_IRQHandler                  0x08000557   Thumb Code     0  startup_stm32f40_41xxx.o(.text)
    DMA1_Stream7_IRQHandler                  0x08000557   Thumb Code     0  startup_stm32f40_41xxx.o(.text)
    DMA2_Stream1_IRQHandler                  0x08000557   Thumb Code     0  startup_stm32f40_41xxx.o(.text)
    DMA2_Stream2_IRQHandler                  0x08000557   Thumb Code     0  startup_stm32f40_41xxx.o(.text)
    DMA2_Stream3_IRQHandler                  0x08000557   Thumb Code     0  startup_stm32f40_41xxx.o(.text)
    DMA2_Stream4_IRQHandler                  0x08000557   Thumb Code     0  startup_stm32f40_41xxx.o(.text)
    DMA2_Stream5_IRQHandler                  0x08000557   Thumb Code     0  startup_stm32f40_41xxx.o(.text)
    DMA2_Stream6_IRQHandler                  0x08000557   Thumb Code     0  startup_stm32f40_41xxx.o(.text)
    DMA2_Stream7_IRQHandler                  0x08000557   Thumb Code     0  startup_stm32f40_41xxx.o(.text)
    ETH_IRQHandler                           0x08000557   Thumb Code     0  startup_stm32f40_41xxx.o(.text)
    ETH_WKUP_IRQHandler                      0x08000557   Thumb Code     0  startup_stm32f40_41xxx.o(.text)
    EXTI0_IRQHandler                         0x08000557   Thumb Code     0  startup_stm32f40_41xxx.o(.text)
    EXTI15_10_IRQHandler                     0x08000557   Thumb Code     0  startup_stm32f40_41xxx.o(.text)
    EXTI1_IRQHandler                         0x08000557   Thumb Code     0  startup_stm32f40_41xxx.o(.text)
    FLASH_IRQHandler                         0x08000557   Thumb Code     0  startup_stm32f40_41xxx.o(.text)
    FPU_IRQHandler                           0x08000557   Thumb Code     0  startup_stm32f40_41xxx.o(.text)
    FSMC_IRQHandler                          0x08000557   Thumb Code     0  startup_stm32f40_41xxx.o(.text)
    HASH_RNG_IRQHandler                      0x08000557   Thumb Code     0  startup_stm32f40_41xxx.o(.text)
    I2C1_ER_IRQHandler                       0x08000557   Thumb Code     0  startup_stm32f40_41xxx.o(.text)
    I2C1_EV_IRQHandler                       0x08000557   Thumb Code     0  startup_stm32f40_41xxx.o(.text)
    I2C2_ER_IRQHandler                       0x08000557   Thumb Code     0  startup_stm32f40_41xxx.o(.text)
    I2C2_EV_IRQHandler                       0x08000557   Thumb Code     0  startup_stm32f40_41xxx.o(.text)
    I2C3_ER_IRQHandler                       0x08000557   Thumb Code     0  startup_stm32f40_41xxx.o(.text)
    I2C3_EV_IRQHandler                       0x08000557   Thumb Code     0  startup_stm32f40_41xxx.o(.text)
    OTG_FS_IRQHandler                        0x08000557   Thumb Code     0  startup_stm32f40_41xxx.o(.text)
    OTG_FS_WKUP_IRQHandler                   0x08000557   Thumb Code     0  startup_stm32f40_41xxx.o(.text)
    OTG_HS_EP1_IN_IRQHandler                 0x08000557   Thumb Code     0  startup_stm32f40_41xxx.o(.text)
    OTG_HS_EP1_OUT_IRQHandler                0x08000557   Thumb Code     0  startup_stm32f40_41xxx.o(.text)
    OTG_HS_IRQHandler                        0x08000557   Thumb Code     0  startup_stm32f40_41xxx.o(.text)
    OTG_HS_WKUP_IRQHandler                   0x08000557   Thumb Code     0  startup_stm32f40_41xxx.o(.text)
    PVD_IRQHandler                           0x08000557   Thumb Code     0  startup_stm32f40_41xxx.o(.text)
    RCC_IRQHandler                           0x08000557   Thumb Code     0  startup_stm32f40_41xxx.o(.text)
    RTC_Alarm_IRQHandler                     0x08000557   Thumb Code     0  startup_stm32f40_41xxx.o(.text)
    RTC_WKUP_IRQHandler                      0x08000557   Thumb Code     0  startup_stm32f40_41xxx.o(.text)
    SDIO_IRQHandler                          0x08000557   Thumb Code     0  startup_stm32f40_41xxx.o(.text)
    SPI1_IRQHandler                          0x08000557   Thumb Code     0  startup_stm32f40_41xxx.o(.text)
    SPI2_IRQHandler                          0x08000557   Thumb Code     0  startup_stm32f40_41xxx.o(.text)
    SPI3_IRQHandler                          0x08000557   Thumb Code     0  startup_stm32f40_41xxx.o(.text)
    TAMP_STAMP_IRQHandler                    0x08000557   Thumb Code     0  startup_stm32f40_41xxx.o(.text)
    TIM1_BRK_TIM9_IRQHandler                 0x08000557   Thumb Code     0  startup_stm32f40_41xxx.o(.text)
    TIM1_CC_IRQHandler                       0x08000557   Thumb Code     0  startup_stm32f40_41xxx.o(.text)
    TIM1_TRG_COM_TIM11_IRQHandler            0x08000557   Thumb Code     0  startup_stm32f40_41xxx.o(.text)
    TIM1_UP_TIM10_IRQHandler                 0x08000557   Thumb Code     0  startup_stm32f40_41xxx.o(.text)
    TIM6_DAC_IRQHandler                      0x08000557   Thumb Code     0  startup_stm32f40_41xxx.o(.text)
    TIM7_IRQHandler                          0x08000557   Thumb Code     0  startup_stm32f40_41xxx.o(.text)
    TIM8_BRK_TIM12_IRQHandler                0x08000557   Thumb Code     0  startup_stm32f40_41xxx.o(.text)
    TIM8_CC_IRQHandler                       0x08000557   Thumb Code     0  startup_stm32f40_41xxx.o(.text)
    TIM8_TRG_COM_TIM14_IRQHandler            0x08000557   Thumb Code     0  startup_stm32f40_41xxx.o(.text)
    TIM8_UP_TIM13_IRQHandler                 0x08000557   Thumb Code     0  startup_stm32f40_41xxx.o(.text)
    UART4_IRQHandler                         0x08000557   Thumb Code     0  startup_stm32f40_41xxx.o(.text)
    UART5_IRQHandler                         0x08000557   Thumb Code     0  startup_stm32f40_41xxx.o(.text)
    USART2_IRQHandler                        0x08000557   Thumb Code     0  startup_stm32f40_41xxx.o(.text)
    USART3_IRQHandler                        0x08000557   Thumb Code     0  startup_stm32f40_41xxx.o(.text)
    USART6_IRQHandler                        0x08000557   Thumb Code     0  startup_stm32f40_41xxx.o(.text)
    WWDG_IRQHandler                          0x08000557   Thumb Code     0  startup_stm32f40_41xxx.o(.text)
    __user_initial_stackheap                 0x08000559   Thumb Code     0  startup_stm32f40_41xxx.o(.text)
    NVIC_PriorityGroupConfig                 0x0800057d   Thumb Code    10  misc.o(.text)
    NVIC_Init                                0x08000587   Thumb Code   106  misc.o(.text)
    NVIC_SetVectorTable                      0x080005f1   Thumb Code    14  misc.o(.text)
    NVIC_SystemLPConfig                      0x080005ff   Thumb Code    34  misc.o(.text)
    SysTick_CLKSourceConfig                  0x08000621   Thumb Code    40  misc.o(.text)
    ADC_DeInit                               0x0800065d   Thumb Code    22  stm32f4xx_adc.o(.text)
    ADC_Init                                 0x08000673   Thumb Code    74  stm32f4xx_adc.o(.text)
    ADC_StructInit                           0x080006bd   Thumb Code    20  stm32f4xx_adc.o(.text)
    ADC_CommonInit                           0x080006d1   Thumb Code    34  stm32f4xx_adc.o(.text)
    ADC_CommonStructInit                     0x080006f3   Thumb Code    12  stm32f4xx_adc.o(.text)
    ADC_Cmd                                  0x080006ff   Thumb Code    22  stm32f4xx_adc.o(.text)
    ADC_AnalogWatchdogCmd                    0x08000715   Thumb Code    16  stm32f4xx_adc.o(.text)
    ADC_AnalogWatchdogThresholdsConfig       0x08000725   Thumb Code     6  stm32f4xx_adc.o(.text)
    ADC_AnalogWatchdogSingleChannelConfig    0x0800072b   Thumb Code    16  stm32f4xx_adc.o(.text)
    ADC_TempSensorVrefintCmd                 0x0800073b   Thumb Code    34  stm32f4xx_adc.o(.text)
    ADC_VBATCmd                              0x0800075d   Thumb Code    34  stm32f4xx_adc.o(.text)
    ADC_RegularChannelConfig                 0x0800077f   Thumb Code   184  stm32f4xx_adc.o(.text)
    ADC_SoftwareStartConv                    0x08000837   Thumb Code    10  stm32f4xx_adc.o(.text)
    ADC_GetSoftwareStartConvStatus           0x08000841   Thumb Code    20  stm32f4xx_adc.o(.text)
    ADC_EOCOnEachRegularChannelCmd           0x08000855   Thumb Code    22  stm32f4xx_adc.o(.text)
    ADC_ContinuousModeCmd                    0x0800086b   Thumb Code    22  stm32f4xx_adc.o(.text)
    ADC_DiscModeChannelCountConfig           0x08000881   Thumb Code    24  stm32f4xx_adc.o(.text)
    ADC_DiscModeCmd                          0x08000899   Thumb Code    22  stm32f4xx_adc.o(.text)
    ADC_GetConversionValue                   0x080008af   Thumb Code     8  stm32f4xx_adc.o(.text)
    ADC_GetMultiModeConversionValue          0x080008b7   Thumb Code     8  stm32f4xx_adc.o(.text)
    ADC_DMACmd                               0x080008bf   Thumb Code    22  stm32f4xx_adc.o(.text)
    ADC_DMARequestAfterLastTransferCmd       0x080008d5   Thumb Code    22  stm32f4xx_adc.o(.text)
    ADC_MultiModeDMARequestAfterLastTransferCmd 0x080008eb   Thumb Code    34  stm32f4xx_adc.o(.text)
    ADC_InjectedChannelConfig                0x0800090d   Thumb Code   130  stm32f4xx_adc.o(.text)
    ADC_InjectedSequencerLengthConfig        0x0800098f   Thumb Code    24  stm32f4xx_adc.o(.text)
    ADC_SetInjectedOffset                    0x080009a7   Thumb Code    20  stm32f4xx_adc.o(.text)
    ADC_ExternalTrigInjectedConvConfig       0x080009bb   Thumb Code    16  stm32f4xx_adc.o(.text)
    ADC_ExternalTrigInjectedConvEdgeConfig   0x080009cb   Thumb Code    16  stm32f4xx_adc.o(.text)
    ADC_SoftwareStartInjectedConv            0x080009db   Thumb Code    10  stm32f4xx_adc.o(.text)
    ADC_GetSoftwareStartInjectedConvCmdStatus 0x080009e5   Thumb Code    20  stm32f4xx_adc.o(.text)
    ADC_AutoInjectedConvCmd                  0x080009f9   Thumb Code    22  stm32f4xx_adc.o(.text)
    ADC_InjectedDiscModeCmd                  0x08000a0f   Thumb Code    22  stm32f4xx_adc.o(.text)
    ADC_GetInjectedConversionValue           0x08000a25   Thumb Code    28  stm32f4xx_adc.o(.text)
    ADC_ITConfig                             0x08000a41   Thumb Code    56  stm32f4xx_adc.o(.text)
    ADC_GetFlagStatus                        0x08000a79   Thumb Code    18  stm32f4xx_adc.o(.text)
    ADC_ClearFlag                            0x08000a8b   Thumb Code     6  stm32f4xx_adc.o(.text)
    ADC_GetITStatus                          0x08000a91   Thumb Code    38  stm32f4xx_adc.o(.text)
    ADC_ClearITPendingBit                    0x08000ab7   Thumb Code    10  stm32f4xx_adc.o(.text)
    DMA_DeInit                               0x08000ac1   Thumb Code   324  stm32f4xx_dma.o(.text)
    DMA_Init                                 0x08000c05   Thumb Code    82  stm32f4xx_dma.o(.text)
    DMA_StructInit                           0x08000c57   Thumb Code    34  stm32f4xx_dma.o(.text)
    DMA_Cmd                                  0x08000c79   Thumb Code    22  stm32f4xx_dma.o(.text)
    DMA_PeriphIncOffsetSizeConfig            0x08000c8f   Thumb Code    22  stm32f4xx_dma.o(.text)
    DMA_FlowControllerConfig                 0x08000ca5   Thumb Code    22  stm32f4xx_dma.o(.text)
    DMA_SetCurrDataCounter                   0x08000cbb   Thumb Code     4  stm32f4xx_dma.o(.text)
    DMA_GetCurrDataCounter                   0x08000cbf   Thumb Code     8  stm32f4xx_dma.o(.text)
    DMA_DoubleBufferModeConfig               0x08000cc7   Thumb Code    24  stm32f4xx_dma.o(.text)
    DMA_DoubleBufferModeCmd                  0x08000cdf   Thumb Code    22  stm32f4xx_dma.o(.text)
    DMA_MemoryTargetConfig                   0x08000cf5   Thumb Code    10  stm32f4xx_dma.o(.text)
    DMA_GetCurrentMemoryTarget               0x08000cff   Thumb Code    20  stm32f4xx_dma.o(.text)
    DMA_GetCmdStatus                         0x08000d13   Thumb Code    20  stm32f4xx_dma.o(.text)
    DMA_GetFIFOStatus                        0x08000d27   Thumb Code    12  stm32f4xx_dma.o(.text)
    DMA_GetFlagStatus                        0x08000d33   Thumb Code    56  stm32f4xx_dma.o(.text)
    DMA_ClearFlag                            0x08000d6b   Thumb Code    40  stm32f4xx_dma.o(.text)
    DMA_ITConfig                             0x08000d93   Thumb Code    58  stm32f4xx_dma.o(.text)
    DMA_GetITStatus                          0x08000dcd   Thumb Code    84  stm32f4xx_dma.o(.text)
    DMA_ClearITPendingBit                    0x08000e21   Thumb Code    40  stm32f4xx_dma.o(.text)
    EXTI_DeInit                              0x08000e69   Thumb Code    28  stm32f4xx_exti.o(.text)
    EXTI_Init                                0x08000e85   Thumb Code   142  stm32f4xx_exti.o(.text)
    EXTI_StructInit                          0x08000f13   Thumb Code    16  stm32f4xx_exti.o(.text)
    EXTI_GenerateSWInterrupt                 0x08000f23   Thumb Code    16  stm32f4xx_exti.o(.text)
    EXTI_GetFlagStatus                       0x08000f33   Thumb Code    22  stm32f4xx_exti.o(.text)
    EXTI_ClearFlag                           0x08000f49   Thumb Code     8  stm32f4xx_exti.o(.text)
    EXTI_GetITStatus                         0x08000f51   Thumb Code    22  stm32f4xx_exti.o(.text)
    EXTI_ClearITPendingBit                   0x08000f67   Thumb Code     8  stm32f4xx_exti.o(.text)
    GPIO_DeInit                              0x08000f79   Thumb Code   268  stm32f4xx_gpio.o(.text)
    GPIO_Init                                0x08001085   Thumb Code   144  stm32f4xx_gpio.o(.text)
    GPIO_StructInit                          0x08001115   Thumb Code    18  stm32f4xx_gpio.o(.text)
    GPIO_PinLockConfig                       0x08001127   Thumb Code    34  stm32f4xx_gpio.o(.text)
    GPIO_ReadInputDataBit                    0x08001149   Thumb Code    18  stm32f4xx_gpio.o(.text)
    GPIO_ReadInputData                       0x0800115b   Thumb Code     8  stm32f4xx_gpio.o(.text)
    GPIO_ReadOutputDataBit                   0x08001163   Thumb Code    18  stm32f4xx_gpio.o(.text)
    GPIO_ReadOutputData                      0x08001175   Thumb Code     8  stm32f4xx_gpio.o(.text)
    GPIO_SetBits                             0x0800117d   Thumb Code     4  stm32f4xx_gpio.o(.text)
    GPIO_ResetBits                           0x08001181   Thumb Code     4  stm32f4xx_gpio.o(.text)
    GPIO_WriteBit                            0x08001185   Thumb Code    10  stm32f4xx_gpio.o(.text)
    GPIO_Write                               0x0800118f   Thumb Code     4  stm32f4xx_gpio.o(.text)
    GPIO_ToggleBits                          0x08001193   Thumb Code     8  stm32f4xx_gpio.o(.text)
    GPIO_PinAFConfig                         0x0800119b   Thumb Code    70  stm32f4xx_gpio.o(.text)
    RCC_DeInit                               0x0800120d   Thumb Code    82  stm32f4xx_rcc.o(.text)
    RCC_HSEConfig                            0x0800125f   Thumb Code    14  stm32f4xx_rcc.o(.text)
    RCC_GetFlagStatus                        0x0800126d   Thumb Code    60  stm32f4xx_rcc.o(.text)
    RCC_WaitForHSEStartUp                    0x080012a9   Thumb Code    56  stm32f4xx_rcc.o(.text)
    RCC_AdjustHSICalibrationValue            0x080012e1   Thumb Code    20  stm32f4xx_rcc.o(.text)
    RCC_HSICmd                               0x080012f5   Thumb Code     6  stm32f4xx_rcc.o(.text)
    RCC_LSEConfig                            0x080012fb   Thumb Code    46  stm32f4xx_rcc.o(.text)
    RCC_LSICmd                               0x08001329   Thumb Code     6  stm32f4xx_rcc.o(.text)
    RCC_PLLConfig                            0x0800132f   Thumb Code    32  stm32f4xx_rcc.o(.text)
    RCC_PLLCmd                               0x0800134f   Thumb Code     6  stm32f4xx_rcc.o(.text)
    RCC_PLLI2SConfig                         0x08001355   Thumb Code    14  stm32f4xx_rcc.o(.text)
    RCC_PLLI2SCmd                            0x08001363   Thumb Code     6  stm32f4xx_rcc.o(.text)
    RCC_PLLSAIConfig                         0x08001369   Thumb Code    20  stm32f4xx_rcc.o(.text)
    RCC_PLLSAICmd                            0x0800137d   Thumb Code     6  stm32f4xx_rcc.o(.text)
    RCC_ClockSecuritySystemCmd               0x08001383   Thumb Code     6  stm32f4xx_rcc.o(.text)
    RCC_MCO1Config                           0x08001389   Thumb Code    28  stm32f4xx_rcc.o(.text)
    RCC_MCO2Config                           0x080013a5   Thumb Code    28  stm32f4xx_rcc.o(.text)
    RCC_SYSCLKConfig                         0x080013c1   Thumb Code    20  stm32f4xx_rcc.o(.text)
    RCC_GetSYSCLKSource                      0x080013d5   Thumb Code    12  stm32f4xx_rcc.o(.text)
    RCC_HCLKConfig                           0x080013e1   Thumb Code    20  stm32f4xx_rcc.o(.text)
    RCC_PCLK1Config                          0x080013f5   Thumb Code    20  stm32f4xx_rcc.o(.text)
    RCC_PCLK2Config                          0x08001409   Thumb Code    22  stm32f4xx_rcc.o(.text)
    RCC_GetClocksFreq                        0x0800141f   Thumb Code   222  stm32f4xx_rcc.o(.text)
    RCC_RTCCLKConfig                         0x080014fd   Thumb Code    54  stm32f4xx_rcc.o(.text)
    RCC_RTCCLKCmd                            0x08001533   Thumb Code     8  stm32f4xx_rcc.o(.text)
    RCC_BackupResetCmd                       0x0800153b   Thumb Code     8  stm32f4xx_rcc.o(.text)
    RCC_I2SCLKConfig                         0x08001543   Thumb Code     6  stm32f4xx_rcc.o(.text)
    RCC_SAIPLLI2SClkDivConfig                0x08001549   Thumb Code    26  stm32f4xx_rcc.o(.text)
    RCC_SAIPLLSAIClkDivConfig                0x08001563   Thumb Code    28  stm32f4xx_rcc.o(.text)
    RCC_SAIBlockACLKConfig                   0x0800157f   Thumb Code    20  stm32f4xx_rcc.o(.text)
    RCC_SAIBlockBCLKConfig                   0x08001593   Thumb Code    20  stm32f4xx_rcc.o(.text)
    RCC_LTDCCLKDivConfig                     0x080015a7   Thumb Code    20  stm32f4xx_rcc.o(.text)
    RCC_TIMCLKPresConfig                     0x080015bb   Thumb Code     6  stm32f4xx_rcc.o(.text)
    RCC_AHB1PeriphClockCmd                   0x080015c1   Thumb Code    34  stm32f4xx_rcc.o(.text)
    RCC_AHB2PeriphClockCmd                   0x080015e3   Thumb Code    78  stm32f4xx_rcc.o(.text)
    RCC_AHB3PeriphClockCmd                   0x08001631   Thumb Code    34  stm32f4xx_rcc.o(.text)
    RCC_APB1PeriphClockCmd                   0x08001653   Thumb Code    34  stm32f4xx_rcc.o(.text)
    RCC_APB2PeriphClockCmd                   0x08001675   Thumb Code    34  stm32f4xx_rcc.o(.text)
    RCC_AHB1PeriphResetCmd                   0x08001697   Thumb Code    34  stm32f4xx_rcc.o(.text)
    RCC_AHB2PeriphResetCmd                   0x080016b9   Thumb Code    34  stm32f4xx_rcc.o(.text)
    RCC_AHB3PeriphResetCmd                   0x080016db   Thumb Code    34  stm32f4xx_rcc.o(.text)
    RCC_APB1PeriphResetCmd                   0x080016fd   Thumb Code    34  stm32f4xx_rcc.o(.text)
    RCC_APB2PeriphResetCmd                   0x0800171f   Thumb Code    34  stm32f4xx_rcc.o(.text)
    RCC_AHB1PeriphClockLPModeCmd             0x08001741   Thumb Code    34  stm32f4xx_rcc.o(.text)
    RCC_AHB2PeriphClockLPModeCmd             0x08001763   Thumb Code    34  stm32f4xx_rcc.o(.text)
    RCC_AHB3PeriphClockLPModeCmd             0x08001785   Thumb Code    34  stm32f4xx_rcc.o(.text)
    RCC_APB1PeriphClockLPModeCmd             0x080017a7   Thumb Code    34  stm32f4xx_rcc.o(.text)
    RCC_APB2PeriphClockLPModeCmd             0x080017c9   Thumb Code    34  stm32f4xx_rcc.o(.text)
    RCC_LSEModeConfig                        0x080017eb   Thumb Code    40  stm32f4xx_rcc.o(.text)
    RCC_ITConfig                             0x08001813   Thumb Code    34  stm32f4xx_rcc.o(.text)
    RCC_ClearFlag                            0x08001835   Thumb Code    18  stm32f4xx_rcc.o(.text)
    RCC_GetITStatus                          0x08001847   Thumb Code    22  stm32f4xx_rcc.o(.text)
    RCC_ClearITPendingBit                    0x0800185d   Thumb Code     8  stm32f4xx_rcc.o(.text)
    SYSCFG_DeInit                            0x08001869   Thumb Code    22  stm32f4xx_syscfg.o(.text)
    SYSCFG_MemoryRemapConfig                 0x0800187f   Thumb Code     6  stm32f4xx_syscfg.o(.text)
    SYSCFG_MemorySwappingBank                0x08001885   Thumb Code     6  stm32f4xx_syscfg.o(.text)
    SYSCFG_EXTILineConfig                    0x0800188b   Thumb Code    66  stm32f4xx_syscfg.o(.text)
    SYSCFG_ETH_MediaInterfaceConfig          0x080018cd   Thumb Code     8  stm32f4xx_syscfg.o(.text)
    SYSCFG_CompensationCellCmd               0x080018d5   Thumb Code     6  stm32f4xx_syscfg.o(.text)
    SYSCFG_GetCompensationCellStatus         0x080018db   Thumb Code    22  stm32f4xx_syscfg.o(.text)
    TIM_DeInit                               0x080018fd   Thumb Code   346  stm32f4xx_tim.o(.text)
    TIM_TimeBaseInit                         0x08001a57   Thumb Code   104  stm32f4xx_tim.o(.text)
    TIM_TimeBaseStructInit                   0x08001abf   Thumb Code    18  stm32f4xx_tim.o(.text)
    TIM_PrescalerConfig                      0x08001ad1   Thumb Code     6  stm32f4xx_tim.o(.text)
    TIM_CounterModeConfig                    0x08001ad7   Thumb Code    18  stm32f4xx_tim.o(.text)
    TIM_SetCounter                           0x08001ae9   Thumb Code     4  stm32f4xx_tim.o(.text)
    TIM_SetAutoreload                        0x08001aed   Thumb Code     4  stm32f4xx_tim.o(.text)
    TIM_GetCounter                           0x08001af1   Thumb Code     6  stm32f4xx_tim.o(.text)
    TIM_GetPrescaler                         0x08001af7   Thumb Code     6  stm32f4xx_tim.o(.text)
    TIM_UpdateDisableConfig                  0x08001afd   Thumb Code    24  stm32f4xx_tim.o(.text)
    TIM_UpdateRequestConfig                  0x08001b15   Thumb Code    24  stm32f4xx_tim.o(.text)
    TIM_ARRPreloadConfig                     0x08001b2d   Thumb Code    24  stm32f4xx_tim.o(.text)
    TIM_SelectOnePulseMode                   0x08001b45   Thumb Code    18  stm32f4xx_tim.o(.text)
    TIM_SetClockDivision                     0x08001b57   Thumb Code    18  stm32f4xx_tim.o(.text)
    TIM_Cmd                                  0x08001b69   Thumb Code    24  stm32f4xx_tim.o(.text)
    TIM_OC1Init                              0x08001b81   Thumb Code   114  stm32f4xx_tim.o(.text)
    TIM_OC2Init                              0x08001bf3   Thumb Code   154  stm32f4xx_tim.o(.text)
    TIM_OC3Init                              0x08001c8d   Thumb Code   204  stm32f4xx_tim.o(.text)
    TIM_OC4Init                              0x08001d59   Thumb Code   112  stm32f4xx_tim.o(.text)
    TIM_OCStructInit                         0x08001dc9   Thumb Code    20  stm32f4xx_tim.o(.text)
    TIM_SelectOCxM                           0x08001ddd   Thumb Code    86  stm32f4xx_tim.o(.text)
    TIM_SetCompare1                          0x08001e33   Thumb Code     4  stm32f4xx_tim.o(.text)
    TIM_SetCompare2                          0x08001e37   Thumb Code     4  stm32f4xx_tim.o(.text)
    TIM_SetCompare3                          0x08001e3b   Thumb Code     4  stm32f4xx_tim.o(.text)
    TIM_SetCompare4                          0x08001e3f   Thumb Code     4  stm32f4xx_tim.o(.text)
    TIM_ForcedOC1Config                      0x08001e43   Thumb Code    18  stm32f4xx_tim.o(.text)
    TIM_ForcedOC2Config                      0x08001e55   Thumb Code    26  stm32f4xx_tim.o(.text)
    TIM_ForcedOC3Config                      0x08001e6f   Thumb Code    18  stm32f4xx_tim.o(.text)
    TIM_ForcedOC4Config                      0x08001e81   Thumb Code    26  stm32f4xx_tim.o(.text)
    TIM_OC1PreloadConfig                     0x08001e9b   Thumb Code    18  stm32f4xx_tim.o(.text)
    TIM_OC2PreloadConfig                     0x08001ead   Thumb Code    26  stm32f4xx_tim.o(.text)
    TIM_OC3PreloadConfig                     0x08001ec7   Thumb Code    18  stm32f4xx_tim.o(.text)
    TIM_OC4PreloadConfig                     0x08001ed9   Thumb Code    26  stm32f4xx_tim.o(.text)
    TIM_OC1FastConfig                        0x08001ef3   Thumb Code    18  stm32f4xx_tim.o(.text)
    TIM_OC2FastConfig                        0x08001f05   Thumb Code    26  stm32f4xx_tim.o(.text)
    TIM_OC3FastConfig                        0x08001f1f   Thumb Code    18  stm32f4xx_tim.o(.text)
    TIM_OC4FastConfig                        0x08001f31   Thumb Code    26  stm32f4xx_tim.o(.text)
    TIM_ClearOC1Ref                          0x08001f4b   Thumb Code    18  stm32f4xx_tim.o(.text)
    TIM_ClearOC2Ref                          0x08001f5d   Thumb Code    24  stm32f4xx_tim.o(.text)
    TIM_ClearOC3Ref                          0x08001f75   Thumb Code    18  stm32f4xx_tim.o(.text)
    TIM_ClearOC4Ref                          0x08001f87   Thumb Code    24  stm32f4xx_tim.o(.text)
    TIM_OC1PolarityConfig                    0x08001f9f   Thumb Code    18  stm32f4xx_tim.o(.text)
    TIM_OC1NPolarityConfig                   0x08001fb1   Thumb Code    18  stm32f4xx_tim.o(.text)
    TIM_OC2PolarityConfig                    0x08001fc3   Thumb Code    26  stm32f4xx_tim.o(.text)
    TIM_OC2NPolarityConfig                   0x08001fdd   Thumb Code    26  stm32f4xx_tim.o(.text)
    TIM_OC3PolarityConfig                    0x08001ff7   Thumb Code    26  stm32f4xx_tim.o(.text)
    TIM_OC3NPolarityConfig                   0x08002011   Thumb Code    26  stm32f4xx_tim.o(.text)
    TIM_OC4PolarityConfig                    0x0800202b   Thumb Code    26  stm32f4xx_tim.o(.text)
    TIM_CCxCmd                               0x08002045   Thumb Code    30  stm32f4xx_tim.o(.text)
    TIM_CCxNCmd                              0x08002063   Thumb Code    30  stm32f4xx_tim.o(.text)
    TIM_SetIC4Prescaler                      0x08002081   Thumb Code    26  stm32f4xx_tim.o(.text)
    TIM_SetIC3Prescaler                      0x080020eb   Thumb Code    18  stm32f4xx_tim.o(.text)
    TIM_SetIC2Prescaler                      0x08002145   Thumb Code    26  stm32f4xx_tim.o(.text)
    TIM_SetIC1Prescaler                      0x080021b9   Thumb Code    18  stm32f4xx_tim.o(.text)
    TIM_ICInit                               0x08002205   Thumb Code   110  stm32f4xx_tim.o(.text)
    TIM_ICStructInit                         0x08002273   Thumb Code    18  stm32f4xx_tim.o(.text)
    TIM_PWMIConfig                           0x08002285   Thumb Code   124  stm32f4xx_tim.o(.text)
    TIM_GetCapture1                          0x08002301   Thumb Code     6  stm32f4xx_tim.o(.text)
    TIM_GetCapture2                          0x08002307   Thumb Code     6  stm32f4xx_tim.o(.text)
    TIM_GetCapture3                          0x0800230d   Thumb Code     6  stm32f4xx_tim.o(.text)
    TIM_GetCapture4                          0x08002313   Thumb Code     6  stm32f4xx_tim.o(.text)
    TIM_BDTRConfig                           0x08002319   Thumb Code    32  stm32f4xx_tim.o(.text)
    TIM_BDTRStructInit                       0x08002339   Thumb Code    18  stm32f4xx_tim.o(.text)
    TIM_CtrlPWMOutputs                       0x0800234b   Thumb Code    30  stm32f4xx_tim.o(.text)
    TIM_SelectCOM                            0x08002369   Thumb Code    24  stm32f4xx_tim.o(.text)
    TIM_CCPreloadControl                     0x08002381   Thumb Code    24  stm32f4xx_tim.o(.text)
    TIM_ITConfig                             0x08002399   Thumb Code    18  stm32f4xx_tim.o(.text)
    TIM_GenerateEvent                        0x080023ab   Thumb Code     4  stm32f4xx_tim.o(.text)
    TIM_GetFlagStatus                        0x080023af   Thumb Code    18  stm32f4xx_tim.o(.text)
    TIM_ClearFlag                            0x080023c1   Thumb Code     6  stm32f4xx_tim.o(.text)
    TIM_GetITStatus                          0x080023c7   Thumb Code    34  stm32f4xx_tim.o(.text)
    TIM_ClearITPendingBit                    0x080023e9   Thumb Code     6  stm32f4xx_tim.o(.text)
    TIM_DMAConfig                            0x080023ef   Thumb Code    10  stm32f4xx_tim.o(.text)
    TIM_DMACmd                               0x080023f9   Thumb Code    18  stm32f4xx_tim.o(.text)
    TIM_SelectCCDMA                          0x0800240b   Thumb Code    24  stm32f4xx_tim.o(.text)
    TIM_InternalClockConfig                  0x08002423   Thumb Code    12  stm32f4xx_tim.o(.text)
    TIM_SelectInputTrigger                   0x0800242f   Thumb Code    18  stm32f4xx_tim.o(.text)
    TIM_ITRxExternalClockConfig              0x08002441   Thumb Code    24  stm32f4xx_tim.o(.text)
    TIM_TIxExternalClockConfig               0x08002459   Thumb Code    62  stm32f4xx_tim.o(.text)
    TIM_ETRConfig                            0x08002497   Thumb Code    28  stm32f4xx_tim.o(.text)
    TIM_ETRClockMode1Config                  0x080024b3   Thumb Code    54  stm32f4xx_tim.o(.text)
    TIM_ETRClockMode2Config                  0x080024e9   Thumb Code    32  stm32f4xx_tim.o(.text)
    TIM_SelectOutputTrigger                  0x08002509   Thumb Code    18  stm32f4xx_tim.o(.text)
    TIM_SelectSlaveMode                      0x0800251b   Thumb Code    18  stm32f4xx_tim.o(.text)
    TIM_SelectMasterSlaveMode                0x0800252d   Thumb Code    18  stm32f4xx_tim.o(.text)
    TIM_EncoderInterfaceConfig               0x0800253f   Thumb Code    66  stm32f4xx_tim.o(.text)
    TIM_SelectHallSensor                     0x08002581   Thumb Code    24  stm32f4xx_tim.o(.text)
    TIM_RemapConfig                          0x08002599   Thumb Code     6  stm32f4xx_tim.o(.text)
    USART_DeInit                             0x080025a1   Thumb Code   206  stm32f4xx_usart.o(.text)
    USART_Init                               0x0800266f   Thumb Code   204  stm32f4xx_usart.o(.text)
    USART_StructInit                         0x0800273b   Thumb Code    24  stm32f4xx_usart.o(.text)
    USART_ClockInit                          0x08002753   Thumb Code    32  stm32f4xx_usart.o(.text)
    USART_ClockStructInit                    0x08002773   Thumb Code    12  stm32f4xx_usart.o(.text)
    USART_Cmd                                0x0800277f   Thumb Code    24  stm32f4xx_usart.o(.text)
    USART_SetPrescaler                       0x08002797   Thumb Code    16  stm32f4xx_usart.o(.text)
    USART_OverSampling8Cmd                   0x080027a7   Thumb Code    22  stm32f4xx_usart.o(.text)
    USART_OneBitMethodCmd                    0x080027bd   Thumb Code    24  stm32f4xx_usart.o(.text)
    USART_SendData                           0x080027d5   Thumb Code     8  stm32f4xx_usart.o(.text)
    USART_ReceiveData                        0x080027dd   Thumb Code    10  stm32f4xx_usart.o(.text)
    USART_SetAddress                         0x080027e7   Thumb Code    18  stm32f4xx_usart.o(.text)
    USART_ReceiverWakeUpCmd                  0x080027f9   Thumb Code    24  stm32f4xx_usart.o(.text)
    USART_WakeUpConfig                       0x08002811   Thumb Code    18  stm32f4xx_usart.o(.text)
    USART_LINBreakDetectLengthConfig         0x08002823   Thumb Code    18  stm32f4xx_usart.o(.text)
    USART_LINCmd                             0x08002835   Thumb Code    24  stm32f4xx_usart.o(.text)
    USART_SendBreak                          0x0800284d   Thumb Code    10  stm32f4xx_usart.o(.text)
    USART_HalfDuplexCmd                      0x08002857   Thumb Code    24  stm32f4xx_usart.o(.text)
    USART_SetGuardTime                       0x0800286f   Thumb Code    16  stm32f4xx_usart.o(.text)
    USART_SmartCardCmd                       0x0800287f   Thumb Code    24  stm32f4xx_usart.o(.text)
    USART_SmartCardNACKCmd                   0x08002897   Thumb Code    24  stm32f4xx_usart.o(.text)
    USART_IrDAConfig                         0x080028af   Thumb Code    18  stm32f4xx_usart.o(.text)
    USART_IrDACmd                            0x080028c1   Thumb Code    24  stm32f4xx_usart.o(.text)
    USART_DMACmd                             0x080028d9   Thumb Code    18  stm32f4xx_usart.o(.text)
    USART_ITConfig                           0x080028eb   Thumb Code    74  stm32f4xx_usart.o(.text)
    USART_GetFlagStatus                      0x08002935   Thumb Code    26  stm32f4xx_usart.o(.text)
    USART_ClearFlag                          0x0800294f   Thumb Code    18  stm32f4xx_usart.o(.text)
    USART_GetITStatus                        0x08002961   Thumb Code   118  stm32f4xx_usart.o(.text)
    USART_ClearITPendingBit                  0x080029d7   Thumb Code    30  stm32f4xx_usart.o(.text)
    delay_init                               0x080029f5   Thumb Code    52  delay.o(.text)
    delay_us                                 0x08002a29   Thumb Code    72  delay.o(.text)
    delay_xms                                0x08002a71   Thumb Code    72  delay.o(.text)
    delay_ms                                 0x08002ab9   Thumb Code    56  delay.o(.text)
    _sys_exit                                0x08002af9   Thumb Code     4  usart.o(.text)
    fputc                                    0x08002afd   Thumb Code    22  usart.o(.text)
    uart_init                                0x08002b13   Thumb Code   172  usart.o(.text)
    USART1_IRQHandler                        0x08002bbf   Thumb Code   122  usart.o(.text)
    Adc_Init                                 0x08002c49   Thumb Code   342  adc.o(.text)
    Get_Adc                                  0x08002d9f   Thumb Code    44  adc.o(.text)
    Get_Adc_Average                          0x08002dcb   Thumb Code    46  adc.o(.text)
    MYDMA_Config                             0x08002e09   Thumb Code   196  dma.o(.text)
    DMA2_Stream0_IRQHandler                  0x08002ecd   Thumb Code    32  dma.o(.text)
    EXTI9_5_IRQHandler                       0x08002ef5   Thumb Code    10  exti.o(.text)
    EXTI4_IRQHandler                         0x08002eff   Thumb Code    10  exti.o(.text)
    EXTI3_IRQHandler                         0x08002f09   Thumb Code    10  exti.o(.text)
    EXTI2_IRQHandler                         0x08002f13   Thumb Code    10  exti.o(.text)
    EXTIX_Init                               0x08002f1d   Thumb Code   188  exti.o(.text)
    motor_init                               0x08002fd9   Thumb Code    64  motor.o(.text)
    motor                                    0x08003019   Thumb Code   204  motor.o(.text)
    zhidong                                  0x080030e5   Thumb Code    60  motor.o(.text)
    duoji                                    0x08003121   Thumb Code    30  motor.o(.text)
    siqu                                     0x0800313f   Thumb Code    16  motor.o(.text)
    abs                                      0x0800314f   Thumb Code    14  motor.o(.text)
    TIM2_init                                0x08003181   Thumb Code    90  timer.o(.text)
    TIM2_IRQHandler                          0x080031db   Thumb Code   110  timer.o(.text)
    TIM5_init                                0x08003249   Thumb Code    90  timer.o(.text)
    TIM5_IRQHandler                          0x080032a3   Thumb Code  1546  timer.o(.text)
    TIM12duoji_init                          0x080038ad   Thumb Code   152  timer.o(.text)
    TIM4motor_init                           0x08003945   Thumb Code   368  timer.o(.text)
    edge_init                                0x08003abd   Thumb Code    48  edge.o(.text)
    filter                                   0x08003af1   Thumb Code    86  filter.o(.text)
    encoder_init                             0x08003b51   Thumb Code   212  dengtai.o(.text)
    TIM3_IRQHandler                          0x08003c25   Thumb Code    36  dengtai.o(.text)
    read_encoder                             0x08003c49   Thumb Code    12  dengtai.o(.text)
    dengtai                                  0x08003c55   Thumb Code   112  dengtai.o(.text)
    qidong                                   0x08003cc5   Thumb Code   110  dengtai.o(.text)
    usmart_sys_cmd_exe                       0x08003d45   Thumb Code  1554  usmart.o(.text)
    usmart_reset_runtime                     0x08004357   Thumb Code    38  usmart.o(.text)
    usmart_get_runtime                       0x0800437d   Thumb Code    60  usmart.o(.text)
    TIM4_IRQHandler                          0x080043b9   Thumb Code    46  usmart.o(.text)
    Timer4_Init                              0x080043e7   Thumb Code    86  usmart.o(.text)
    usmart_init                              0x0800443d   Thumb Code    36  usmart.o(.text)
    usmart_cmd_rec                           0x08004461   Thumb Code   170  usmart.o(.text)
    usmart_exe                               0x0800450b   Thumb Code   868  usmart.o(.text)
    usmart_scan                              0x0800486f   Thumb Code   120  usmart.o(.text)
    read_addr                                0x080048e7   Thumb Code     6  usmart.o(.text)
    write_addr                               0x080048ed   Thumb Code     4  usmart.o(.text)
    usmart_strcmp                            0x08004979   Thumb Code    34  usmart_str.o(.text)
    usmart_strcopy                           0x0800499b   Thumb Code    22  usmart_str.o(.text)
    usmart_strlen                            0x080049b1   Thumb Code    24  usmart_str.o(.text)
    usmart_pow                               0x080049c9   Thumb Code    22  usmart_str.o(.text)
    usmart_str2num                           0x080049df   Thumb Code   202  usmart_str.o(.text)
    usmart_get_cmdname                       0x08004aa9   Thumb Code    54  usmart_str.o(.text)
    usmart_search_nextc                      0x08004adf   Thumb Code    22  usmart_str.o(.text)
    usmart_get_fname                         0x08004af5   Thumb Code   440  usmart_str.o(.text)
    usmart_get_aparm                         0x08004cad   Thumb Code   200  usmart_str.o(.text)
    usmart_get_parmpos                       0x08004d75   Thumb Code    26  usmart_str.o(.text)
    usmart_get_fparam                        0x08004d8f   Thumb Code   262  usmart_str.o(.text)
    change                                   0x08004ea1   Thumb Code    10  debug.o(.text)
    change1                                  0x08004eab   Thumb Code    10  debug.o(.text)
    __use_no_semihosting                     0x08004ec5   Thumb Code     2  use_no_semi_2.o(.text)
    __2printf                                0x08004ec9   Thumb Code    20  noretval__2printf.o(.text)
    _printf_pre_padding                      0x08004ee1   Thumb Code    44  _printf_pad.o(.text)
    _printf_post_padding                     0x08004f0d   Thumb Code    34  _printf_pad.o(.text)
    _printf_str                              0x08004f2f   Thumb Code    82  _printf_str.o(.text)
    _printf_int_dec                          0x08004f81   Thumb Code   104  _printf_dec.o(.text)
    _printf_int_hex                          0x08004ff9   Thumb Code    84  _printf_hex_int.o(.text)
    _printf_longlong_hex                     0x08004ff9   Thumb Code     0  _printf_hex_int.o(.text)
    __printf                                 0x08005051   Thumb Code   388  __printf_flags_ss_wp.o(.text)
    __use_two_region_memory                  0x080051d9   Thumb Code     2  heapauxi.o(.text)
    __rt_heap_escrow$2region                 0x080051db   Thumb Code     2  heapauxi.o(.text)
    __rt_heap_expand$2region                 0x080051dd   Thumb Code     2  heapauxi.o(.text)
    __I$use$semihosting                      0x080051df   Thumb Code     0  use_no_semi.o(.text)
    __use_no_semihosting_swi                 0x080051df   Thumb Code     2  use_no_semi.o(.text)
    _printf_int_common                       0x080051e1   Thumb Code   178  _printf_intcommon.o(.text)
    _printf_cs_common                        0x08005293   Thumb Code    20  _printf_char.o(.text)
    _printf_char                             0x080052a7   Thumb Code    16  _printf_char.o(.text)
    _printf_string                           0x080052b7   Thumb Code     8  _printf_char.o(.text)
    _printf_char_file                        0x080052c1   Thumb Code    32  _printf_char_file.o(.text)
    _printf_char_common                      0x080052ef   Thumb Code    32  _printf_char_common.o(.text)
    ferror                                   0x08005315   Thumb Code     8  ferror.o(.text)
    __user_setup_stackheap                   0x0800531d   Thumb Code    74  sys_stackheap_outer.o(.text)
    exit                                     0x08005367   Thumb Code    12  exit.o(.text)
    __user_libspace                          0x08005375   Thumb Code     8  libspace.o(.text)
    __user_perproc_libspace                  0x08005375   Thumb Code     0  libspace.o(.text)
    __user_perthread_libspace                0x08005375   Thumb Code     0  libspace.o(.text)
    _is_digit                                0x0800537d   Thumb Code    14  __printf_wp.o(i._is_digit)
    _fp_init                                 0x0800538b   Thumb Code    10  fpinit.o(x$fpl$fpinit)
    __fplib_config_fpu_vfp                   0x08005393   Thumb Code     0  fpinit.o(x$fpl$fpinit)
    __fplib_config_pureend_doubles           0x08005393   Thumb Code     0  fpinit.o(x$fpl$fpinit)
    fazhi                                    0x08005394   Data          22  timer.o(.constdata)
    Region$$Table$$Base                      0x080054b0   Number         0  anon$$obj.o(Region$$Table)
    Region$$Table$$Limit                     0x080054d0   Number         0  anon$$obj.o(Region$$Table)
    SystemCoreClock                          0x20000000   Data           4  system_stm32f4xx.o(.data)
    AHBPrescTable                            0x20000004   Data          16  system_stm32f4xx.o(.data)
    __stdout                                 0x20000028   Data           4  usart.o(.data)
    USART_RX_STA                             0x2000002c   Data           2  usart.o(.data)
    cmd                                      0x20000030   Data           1  timer.o(.data)
    cmd1                                     0x20000031   Data           1  timer.o(.data)
    state                                    0x20000032   Data           1  timer.o(.data)
    gg                                       0x20000033   Data           1  timer.o(.data)
    np                                       0x20000034   Data           1  timer.o(.data)
    i                                        0x20000035   Data           1  timer.o(.data)
    step                                     0x20000036   Data           1  timer.o(.data)
    test                                     0x20000037   Data           1  timer.o(.data)
    attack                                   0x20000038   Data           1  timer.o(.data)
    a                                        0x20000039   Data           1  timer.o(.data)
    rid                                      0x2000003a   Data           2  timer.o(.data)
    count                                    0x2000003c   Data           4  timer.o(.data)
    count1                                   0x20000040   Data           4  timer.o(.data)
    count2                                   0x20000044   Data           4  timer.o(.data)
    angle                                    0x20000048   Data           8  timer.o(.data)
    run                                      0x20000050   Data           4  timer.o(.data)
    np1                                      0x20000054   Data           4  timer.o(.data)
    np2                                      0x20000058   Data           4  timer.o(.data)
    k                                        0x2000005c   Data           1  dengtai.o(.data)
    js                                       0x2000005e   Data           2  dengtai.o(.data)
    sys_cmd_tab                              0x20000060   Data          28  usmart.o(.data)
    usmart_nametab                           0x2000007c   Data          48  usmart_config.o(.data)
    usmart_dev                               0x200000ac   Data         244  usmart_config.o(.data)
    x                                        0x200001a0   Data           1  debug.o(.data)
    y                                        0x200001a1   Data           1  debug.o(.data)
    juli                                     0x200001a4   Data          28  main.o(.bss)
    fir                                      0x200001c0   Data         280  main.o(.bss)
    USART_RX_BUF                             0x200002d8   Data         200  usart.o(.bss)
    __libspace_start                         0x200003a0   Data          96  libspace.o(.bss)
    __temporary_stack_top$libspace           0x20000400   Data           0  libspace.o(.bss)



==============================================================================

Memory Map of the image

  Image Entry point : 0x08000189

  Load Region LR_IROM1 (Base: 0x08000000, Size: 0x00005674, Max: 0x00080000, ABSOLUTE, COMPRESSED[0x00005540])

    Execution Region ER_IROM1 (Base: 0x08000000, Size: 0x000054d0, Max: 0x00080000, ABSOLUTE)

    Base Addr    Size         Type   Attr      Idx    E Section Name        Object

    0x08000000   0x00000188   Data   RO          225    RESET               startup_stm32f40_41xxx.o
    0x08000188   0x00000008   Code   RO         1387  * !!!main             c_w.l(__main.o)
    0x08000190   0x00000034   Code   RO         1558    !!!scatter          c_w.l(__scatter.o)
    0x080001c4   0x0000005a   Code   RO         1556    !!dczerorl2         c_w.l(__dczerorl2.o)
    0x0800021e   0x00000002   PAD
    0x08000220   0x0000001c   Code   RO         1560    !!handler_zi        c_w.l(__scatter_zi.o)
    0x0800023c   0x00000000   Code   RO         1384    .ARM.Collect$$_printf_percent$$00000000  c_w.l(_printf_percent.o)
    0x0800023c   0x00000006   Code   RO         1382    .ARM.Collect$$_printf_percent$$00000009  c_w.l(_printf_d.o)
    0x08000242   0x00000006   Code   RO         1383    .ARM.Collect$$_printf_percent$$0000000A  c_w.l(_printf_u.o)
    0x08000248   0x00000006   Code   RO         1381    .ARM.Collect$$_printf_percent$$0000000C  c_w.l(_printf_x.o)
    0x0800024e   0x00000006   Code   RO         1379    .ARM.Collect$$_printf_percent$$00000013  c_w.l(_printf_c.o)
    0x08000254   0x00000006   Code   RO         1380    .ARM.Collect$$_printf_percent$$00000014  c_w.l(_printf_s.o)
    0x0800025a   0x00000004   Code   RO         1398    .ARM.Collect$$_printf_percent$$00000017  c_w.l(_printf_percent_end.o)
    0x0800025e   0x00000002   Code   RO         1431    .ARM.Collect$$libinit$$00000000  c_w.l(libinit.o)
    0x08000260   0x00000004   Code   RO         1437    .ARM.Collect$$libinit$$00000001  c_w.l(libinit2.o)
    0x08000264   0x00000000   Code   RO         1440    .ARM.Collect$$libinit$$00000004  c_w.l(libinit2.o)
    0x08000264   0x00000000   Code   RO         1443    .ARM.Collect$$libinit$$0000000A  c_w.l(libinit2.o)
    0x08000264   0x00000000   Code   RO         1445    .ARM.Collect$$libinit$$0000000C  c_w.l(libinit2.o)
    0x08000264   0x00000000   Code   RO         1447    .ARM.Collect$$libinit$$0000000E  c_w.l(libinit2.o)
    0x08000264   0x00000000   Code   RO         1450    .ARM.Collect$$libinit$$00000011  c_w.l(libinit2.o)
    0x08000264   0x00000000   Code   RO         1452    .ARM.Collect$$libinit$$00000013  c_w.l(libinit2.o)
    0x08000264   0x00000000   Code   RO         1454    .ARM.Collect$$libinit$$00000015  c_w.l(libinit2.o)
    0x08000264   0x00000000   Code   RO         1456    .ARM.Collect$$libinit$$00000017  c_w.l(libinit2.o)
    0x08000264   0x00000000   Code   RO         1458    .ARM.Collect$$libinit$$00000019  c_w.l(libinit2.o)
    0x08000264   0x00000000   Code   RO         1460    .ARM.Collect$$libinit$$0000001B  c_w.l(libinit2.o)
    0x08000264   0x00000000   Code   RO         1462    .ARM.Collect$$libinit$$0000001D  c_w.l(libinit2.o)
    0x08000264   0x00000000   Code   RO         1464    .ARM.Collect$$libinit$$0000001F  c_w.l(libinit2.o)
    0x08000264   0x00000000   Code   RO         1466    .ARM.Collect$$libinit$$00000021  c_w.l(libinit2.o)
    0x08000264   0x00000000   Code   RO         1468    .ARM.Collect$$libinit$$00000023  c_w.l(libinit2.o)
    0x08000264   0x00000000   Code   RO         1470    .ARM.Collect$$libinit$$00000025  c_w.l(libinit2.o)
    0x08000264   0x00000000   Code   RO         1474    .ARM.Collect$$libinit$$0000002C  c_w.l(libinit2.o)
    0x08000264   0x00000000   Code   RO         1476    .ARM.Collect$$libinit$$0000002E  c_w.l(libinit2.o)
    0x08000264   0x00000000   Code   RO         1478    .ARM.Collect$$libinit$$00000030  c_w.l(libinit2.o)
    0x08000264   0x00000000   Code   RO         1480    .ARM.Collect$$libinit$$00000032  c_w.l(libinit2.o)
    0x08000264   0x00000002   Code   RO         1481    .ARM.Collect$$libinit$$00000033  c_w.l(libinit2.o)
    0x08000266   0x00000002   Code   RO         1499    .ARM.Collect$$libshutdown$$00000000  c_w.l(libshutdown.o)
    0x08000268   0x00000000   Code   RO         1510    .ARM.Collect$$libshutdown$$00000003  c_w.l(libshutdown2.o)
    0x08000268   0x00000000   Code   RO         1513    .ARM.Collect$$libshutdown$$00000006  c_w.l(libshutdown2.o)
    0x08000268   0x00000000   Code   RO         1516    .ARM.Collect$$libshutdown$$00000009  c_w.l(libshutdown2.o)
    0x08000268   0x00000000   Code   RO         1518    .ARM.Collect$$libshutdown$$0000000B  c_w.l(libshutdown2.o)
    0x08000268   0x00000000   Code   RO         1521    .ARM.Collect$$libshutdown$$0000000E  c_w.l(libshutdown2.o)
    0x08000268   0x00000002   Code   RO         1522    .ARM.Collect$$libshutdown$$0000000F  c_w.l(libshutdown2.o)
    0x0800026a   0x00000000   Code   RO         1391    .ARM.Collect$$rtentry$$00000000  c_w.l(__rtentry.o)
    0x0800026a   0x00000000   Code   RO         1400    .ARM.Collect$$rtentry$$00000002  c_w.l(__rtentry2.o)
    0x0800026a   0x00000006   Code   RO         1412    .ARM.Collect$$rtentry$$00000004  c_w.l(__rtentry4.o)
    0x08000270   0x00000000   Code   RO         1402    .ARM.Collect$$rtentry$$00000009  c_w.l(__rtentry2.o)
    0x08000270   0x00000004   Code   RO         1403    .ARM.Collect$$rtentry$$0000000A  c_w.l(__rtentry2.o)
    0x08000274   0x00000000   Code   RO         1405    .ARM.Collect$$rtentry$$0000000C  c_w.l(__rtentry2.o)
    0x08000274   0x00000008   Code   RO         1406    .ARM.Collect$$rtentry$$0000000D  c_w.l(__rtentry2.o)
    0x0800027c   0x00000002   Code   RO         1435    .ARM.Collect$$rtexit$$00000000  c_w.l(rtexit.o)
    0x0800027e   0x00000000   Code   RO         1483    .ARM.Collect$$rtexit$$00000002  c_w.l(rtexit2.o)
    0x0800027e   0x00000004   Code   RO         1484    .ARM.Collect$$rtexit$$00000003  c_w.l(rtexit2.o)
    0x08000282   0x00000006   Code   RO         1485    .ARM.Collect$$rtexit$$00000004  c_w.l(rtexit2.o)
    0x08000288   0x00000088   Code   RO            3    .text               main.o
    0x08000310   0x0000001a   Code   RO          176    .text               stm32f4xx_it.o
    0x0800032a   0x00000002   PAD
    0x0800032c   0x00000210   Code   RO          199    .text               system_stm32f4xx.o
    0x0800053c   0x00000040   Code   RO          226    .text               startup_stm32f40_41xxx.o
    0x0800057c   0x000000e0   Code   RO          232    .text               misc.o
    0x0800065c   0x00000464   Code   RO          278    .text               stm32f4xx_adc.o
    0x08000ac0   0x000003a8   Code   RO          501    .text               stm32f4xx_dma.o
    0x08000e68   0x00000110   Code   RO          521    .text               stm32f4xx_exti.o
    0x08000f78   0x00000294   Code   RO          607    .text               stm32f4xx_gpio.o
    0x0800120c   0x0000065c   Code   RO          770    .text               stm32f4xx_rcc.o
    0x08001868   0x00000094   Code   RO          895    .text               stm32f4xx_syscfg.o
    0x080018fc   0x00000ca2   Code   RO          915    .text               stm32f4xx_tim.o
    0x0800259e   0x00000002   PAD
    0x080025a0   0x00000454   Code   RO          935    .text               stm32f4xx_usart.o
    0x080029f4   0x00000104   Code   RO          975    .text               delay.o
    0x08002af8   0x00000150   Code   RO         1015    .text               usart.o
    0x08002c48   0x000001c0   Code   RO         1046    .text               adc.o
    0x08002e08   0x000000ec   Code   RO         1066    .text               dma.o
    0x08002ef4   0x000000e4   Code   RO         1093    .text               exti.o
    0x08002fd8   0x000001a8   Code   RO         1114    .text               motor.o
    0x08003180   0x0000093c   Code   RO         1134    .text               timer.o
    0x08003abc   0x00000034   Code   RO         1166    .text               edge.o
    0x08003af0   0x00000060   Code   RO         1186    .text               filter.o
    0x08003b50   0x000001f4   Code   RO         1207    .text               dengtai.o
    0x08003d44   0x00000c34   Code   RO         1231    .text               usmart.o
    0x08004978   0x00000528   Code   RO         1280    .text               usmart_str.o
    0x08004ea0   0x00000024   Code   RO         1300    .text               debug.o
    0x08004ec4   0x00000002   Code   RO         1324    .text               c_w.l(use_no_semi_2.o)
    0x08004ec6   0x00000002   PAD
    0x08004ec8   0x00000018   Code   RO         1328    .text               c_w.l(noretval__2printf.o)
    0x08004ee0   0x0000004e   Code   RO         1332    .text               c_w.l(_printf_pad.o)
    0x08004f2e   0x00000052   Code   RO         1334    .text               c_w.l(_printf_str.o)
    0x08004f80   0x00000078   Code   RO         1336    .text               c_w.l(_printf_dec.o)
    0x08004ff8   0x00000058   Code   RO         1341    .text               c_w.l(_printf_hex_int.o)
    0x08005050   0x00000188   Code   RO         1376    .text               c_w.l(__printf_flags_ss_wp.o)
    0x080051d8   0x00000006   Code   RO         1385    .text               c_w.l(heapauxi.o)
    0x080051de   0x00000002   Code   RO         1389    .text               c_w.l(use_no_semi.o)
    0x080051e0   0x000000b2   Code   RO         1392    .text               c_w.l(_printf_intcommon.o)
    0x08005292   0x0000002c   Code   RO         1394    .text               c_w.l(_printf_char.o)
    0x080052be   0x00000002   PAD
    0x080052c0   0x00000024   Code   RO         1396    .text               c_w.l(_printf_char_file.o)
    0x080052e4   0x00000030   Code   RO         1414    .text               c_w.l(_printf_char_common.o)
    0x08005314   0x00000008   Code   RO         1416    .text               c_w.l(ferror.o)
    0x0800531c   0x0000004a   Code   RO         1420    .text               c_w.l(sys_stackheap_outer.o)
    0x08005366   0x0000000c   Code   RO         1424    .text               c_w.l(exit.o)
    0x08005372   0x00000002   PAD
    0x08005374   0x00000008   Code   RO         1432    .text               c_w.l(libspace.o)
    0x0800537c   0x0000000e   Code   RO         1369    i._is_digit         c_w.l(__printf_wp.o)
    0x0800538a   0x0000000a   Code   RO         1491    x$fpl$fpinit        fz_wm.l(fpinit.o)
    0x08005394   0x00000016   Data   RO         1135    .constdata          timer.o
    0x080053aa   0x00000028   Data   RO         1342    .constdata          c_w.l(_printf_hex_int.o)
    0x080053d2   0x00000011   Data   RO         1377    .constdata          c_w.l(__printf_flags_ss_wp.o)
    0x080053e3   0x00000001   PAD
    0x080053e4   0x00000028   Data   RO         1232    .conststring        usmart.o
    0x0800540c   0x000000a3   Data   RO         1259    .conststring        usmart_config.o
    0x080054af   0x00000001   PAD
    0x080054b0   0x00000020   Data   RO         1554    Region$$Table       anon$$obj.o


    Execution Region RW_IRAM1 (Base: 0x20000000, Size: 0x00000a00, Max: 0x00020000, ABSOLUTE, COMPRESSED[0x00000070])

    Base Addr    Size         Type   Attr      Idx    E Section Name        Object

    0x20000000   0x00000014   Data   RW          200    .data               system_stm32f4xx.o
    0x20000014   0x00000010   Data   RW          771    .data               stm32f4xx_rcc.o
    0x20000024   0x00000004   Data   RW          976    .data               delay.o
    0x20000028   0x00000006   Data   RW         1017    .data               usart.o
    0x2000002e   0x00000002   PAD
    0x20000030   0x0000002c   Data   RW         1136    .data               timer.o
    0x2000005c   0x00000004   Data   RW         1208    .data               dengtai.o
    0x20000060   0x0000001c   Data   RW         1233    .data               usmart.o
    0x2000007c   0x00000124   Data   RW         1260    .data               usmart_config.o
    0x200001a0   0x00000002   Data   RW         1301    .data               debug.o
    0x200001a2   0x00000002   PAD
    0x200001a4   0x00000134   Zero   RW            4    .bss                main.o
    0x200002d8   0x000000c8   Zero   RW         1016    .bss                usart.o
    0x200003a0   0x00000060   Zero   RW         1433    .bss                c_w.l(libspace.o)
    0x20000400   0x00000200   Zero   RW          224    HEAP                startup_stm32f40_41xxx.o
    0x20000600   0x00000400   Zero   RW          223    STACK               startup_stm32f40_41xxx.o


==============================================================================

Image component sizes


      Code (inc. data)   RO Data    RW Data    ZI Data      Debug   Object Name

       448         16          0          0          0       1243   adc.o
        36         16          0          2          0        911   debug.o
       260          8          0          4          0       1457   delay.o
       500         18          0          4          0       1614   dengtai.o
       236          8          0          0          0       1403   dma.o
        52          4          0          0          0        536   edge.o
       228          0          0          0          0       1187   exti.o
        96         10          0          0          0        617   filter.o
       136         18          0          0        308     293918   main.o
       224         20          0          0          0     247193   misc.o
       424         36          0          0          0       1614   motor.o
        64         26        392          0       1536        844   startup_stm32f40_41xxx.o
      1124         24          0          0          0      10514   stm32f4xx_adc.o
       936         32          0          0          0       6313   stm32f4xx_dma.o
       272         10          0          0          0       2283   stm32f4xx_exti.o
       660         44          0          0          0       4113   stm32f4xx_gpio.o
        26          0          0          0          0       1234   stm32f4xx_it.o
      1628         52          0         16          0      12912   stm32f4xx_rcc.o
       148         12          0          0          0       1853   stm32f4xx_syscfg.o
      3234         60          0          0          0      22320   stm32f4xx_tim.o
      1108         34          0          0          0       7816   stm32f4xx_usart.o
       528         46          0         20          0       1811   system_stm32f4xx.o
      2364        160         22         44          0       4716   timer.o
       336         16          0          6        200       3326   usart.o
      3124       1286         40         28          0       4394   usmart.o
         0          0        163        292          0       1560   usmart_config.o
      1320         12          0          0          0       5185   usmart_str.o

    ----------------------------------------------------------------------
     19516       1968        650        420       2044     642887   Object Totals
         0          0         32          0          0          0   (incl. Generated)
         4          0          1          4          0          0   (incl. Padding)

    ----------------------------------------------------------------------

      Code (inc. data)   RO Data    RW Data    ZI Data      Debug   Library Member Name

        90          0          0          0          0          0   __dczerorl2.o
         8          0          0          0          0         68   __main.o
       392          4         17          0          0         92   __printf_flags_ss_wp.o
        14          0          0          0          0         68   __printf_wp.o
         0          0          0          0          0          0   __rtentry.o
        12          0          0          0          0          0   __rtentry2.o
         6          0          0          0          0          0   __rtentry4.o
        52          8          0          0          0          0   __scatter.o
        28          0          0          0          0          0   __scatter_zi.o
         6          0          0          0          0          0   _printf_c.o
        44          0          0          0          0        108   _printf_char.o
        48          6          0          0          0         96   _printf_char_common.o
        36          4          0          0          0         80   _printf_char_file.o
         6          0          0          0          0          0   _printf_d.o
       120         16          0          0          0         92   _printf_dec.o
        88          4         40          0          0         88   _printf_hex_int.o
       178          0          0          0          0         88   _printf_intcommon.o
        78          0          0          0          0        108   _printf_pad.o
         0          0          0          0          0          0   _printf_percent.o
         4          0          0          0          0          0   _printf_percent_end.o
         6          0          0          0          0          0   _printf_s.o
        82          0          0          0          0         80   _printf_str.o
         6          0          0          0          0          0   _printf_u.o
         6          0          0          0          0          0   _printf_x.o
        12          0          0          0          0         72   exit.o
         8          0          0          0          0         68   ferror.o
         6          0          0          0          0        152   heapauxi.o
         2          0          0          0          0          0   libinit.o
         6          0          0          0          0          0   libinit2.o
         2          0          0          0          0          0   libshutdown.o
         2          0          0          0          0          0   libshutdown2.o
         8          4          0          0         96         68   libspace.o
        24          4          0          0          0         84   noretval__2printf.o
         2          0          0          0          0          0   rtexit.o
        10          0          0          0          0          0   rtexit2.o
        74          0          0          0          0         80   sys_stackheap_outer.o
         2          0          0          0          0         68   use_no_semi.o
         2          0          0          0          0         68   use_no_semi_2.o
        10          0          0          0          0        116   fpinit.o

    ----------------------------------------------------------------------
      1488         50         58          0         96       1744   Library Totals
         8          0          1          0          0          0   (incl. Padding)

    ----------------------------------------------------------------------

      Code (inc. data)   RO Data    RW Data    ZI Data      Debug   Library Name

      1470         50         57          0         96       1628   c_w.l
        10          0          0          0          0        116   fz_wm.l

    ----------------------------------------------------------------------
      1488         50         58          0         96       1744   Library Totals

    ----------------------------------------------------------------------

==============================================================================


      Code (inc. data)   RO Data    RW Data    ZI Data      Debug   

     21004       2018        708        420       2140     638751   Grand Totals
     21004       2018        708        112       2140     638751   ELF Image Totals (compressed)
     21004       2018        708        112          0          0   ROM Totals

==============================================================================

    Total RO  Size (Code + RO Data)                21712 (  21.20kB)
    Total RW  Size (RW Data + ZI Data)              2560 (   2.50kB)
    Total ROM Size (Code + RO Data + RW Data)      21824 (  21.31kB)

==============================================================================

