<html>
<body>
<pre>
<h1>礦ision Build Log</h1>
<h2>Tool Versions:</h2>
IDE-Version: μVision V5.16a
Copyright (C) 2015 ARM Ltd and ARM Germany GmbH. All rights reserved.
License Information: ABC ABC, ABC, LIC=D0DTG-VDJDA-ADAKK-ZNAFA-GJ9CT-9Z63P
 
Tool Versions:
Toolchain:       MDK-ARM Standard  Version: 5.16a
Toolchain Path:  C:\Keil_v5\ARM\ARMCC\Bin
C Compiler:      Armcc.exe V5.06 (build 20)
Assembler:       Armasm.exe V5.06 (build 20)
Linker/Locator:  ArmLink.exe V5.06 (build 20)
Library Manager: ArmAr.exe V5.06 (build 20)
Hex Converter:   FromElf.exe V5.06 (build 20)
CPU DLL:         SARMCM3.DLL V5.16a
Dialog DLL:      DARMSTM.DLL V1.65.0.0
Target DLL:      STLink\ST-LINKIII-KEIL_SWO.dll V2.0.17.0
Dialog DLL:      DARMSTM.DLL V1.65.0.0
 
<h2>Project:</h2>
F:\QQPCMgr(1)\Desktop\st\上台比赛程序\USER\PWM.uvprojx
Project File Date:  10/06/2019

<h2>Output:</h2>
*** Using Compiler 'V5.06 (build 20)', folder: 'C:\Keil_v5\ARM\ARMCC\Bin'
Rebuild target 'Target 1'
compiling main.c...
compiling pwm.c...
compiling oled.c...
..\HARDWARE\OLED\oled.c(196): warning:  #177-D: variable "adder" was declared but never referenced
  	u8 t,j,adder=0;
..\HARDWARE\OLED\oled.c: 1 warning, 0 errors
compiling led.c...
compiling stm32f10x_it.c...
compiling adc.c...
compiling system_stm32f10x.c...
compiling move.c...
compiling delay.c...
compiling timer.c...
compiling buzzer.c...
compiling dma.c...
compiling scan.c...
assembling startup_stm32f10x_hd.s...
compiling sys.c...
compiling stm32f10x_usart.c...
compiling stm32f10x_rcc.c...
compiling stm32f10x_gpio.c...
compiling usart.c...
compiling misc.c...
compiling stm32f10x_dma.c...
compiling stm32f10x_tim.c...
compiling core_cm3.c...
compiling stm32f10x_adc.c...
linking...
Program Size: Code=18392 RO-data=2408 RW-data=3504 ZI-data=1864  
FromELF: creating hex file...
"..\OBJ\PWM.axf" - 0 Error(s), 1 Warning(s).

<h2>Collection of Component include folders:</h2>
  F:\QQPCMgr(1)\Desktop\st\上台比赛程序\USER\RTE
  C:\Keil_v5\ARM\PACK\Keil\STM32F1xx_DFP\2.3.0\Device\Include

<h2>Collection of Component Files used:</h2>
Build Time Elapsed:  00:00:06
</pre>
</body>
</html>
