Component: ARM Compiler 5.06 (build 20) Tool: armlink [4d35a3]

==============================================================================

Section Cross References

    system_stm32f10x.o(.text) refers to system_stm32f10x.o(.data) for SystemCoreClock
    main.o(.text) refers to sys.o(.text) for NVIC_Configuration
    main.o(.text) refers to delay.o(.text) for delay_init
    main.o(.text) refers to led.o(.text) for LED_Init
    main.o(.text) refers to key.o(.text) for KEY_Init
    main.o(.text) refers to sensors.o(.text) for SENSORS_Init
    main.o(.text) refers to buzzer.o(.text) for BUZZER_Init
    main.o(.text) refers to encoder.o(.text) for ENCODER_Init
    main.o(.text) refers to motor.o(.text) for MOTOR_Init
    main.o(.text) refers to adc.o(.text) for ADC1_Init
    main.o(.text) refers to dma.o(.text) for DMA1_Channel1_Init
    main.o(.text) refers to solgui_common.o(.text) for SOLGUI_Init
    main.o(.text) refers to data.o(.text) for Load_ALLData
    main.o(.text) refers to oled.o(.text) for OLED_ShowLogo
    main.o(.text) refers to solgui_menu.o(.text) for SOLGUI_InputKey
    main.o(.text) refers to menu.o(.data) for HOMEPAGE
    menu.o(.text) refers to solgui_widget.o(.text) for SOLGUI_Cursor
    menu.o(.text) refers to attack.o(.text) for MODE_Attack_Chess
    menu.o(.text) refers to menu.o(.data) for SETTINGS
    menu.o(.text) refers to data.o(.text) for Clear_Data
    menu.o(.text) refers to main.o(.bss) for MOTOR_PWM
    menu.o(.text) refers to adc.o(.bss) for ADC_BUFF
    menu.o(.data) refers to menu.o(.conststring) for .conststring
    menu.o(.data) refers to menu.o(.text) for _HOMEPAGE
    attack.o(.text) refers to motor.o(.text) for CAR_Jump
    attack.o(.text) refers to delay.o(.text) for delay_ms
    attack.o(.text) refers to oled.o(.text) for OLED_ShowLogo
    attack.o(.text) refers to buzzer.o(.text) for BUZZER_Hint
    attack.o(.text) refers to key.o(.text) for KEY_Scan
    attack.o(.text) refers to adc.o(.bss) for ADC_BUFF
    attack.o(.text) refers to main.o(.bss) for EYE_THRESHOLD
    attack.o(.text) refers to attack.o(.data) for lockcar_flag
    attack.o(.text) refers to led.o(.text) for LED_Show
    data.o(.text) refers to flash.o(.text) for STMFLASH_Write
    data.o(.text) refers to buzzer.o(.text) for BUZZER_Hint
    data.o(.text) refers to oled.o(.text) for OLED_ShowLogo
    data.o(.text) refers to motor.o(.text) for CAR_Move
    data.o(.text) refers to delay.o(.text) for delay_ms
    data.o(.text) refers to encoder.o(.text) for ENCODER_Read
    data.o(.text) refers to main.o(.bss) for MOTOR_PWM
    oled.o(.text) refers to stm32f10x_gpio.o(.text) for GPIO_SetBits
    oled.o(.text) refers to stm32f10x_rcc.o(.text) for RCC_APB2PeriphClockCmd
    oled.o(.text) refers to delay.o(.text) for delay_ms
    oled.o(.text) refers to oled.o(.constdata) for F8X16
    oled.o(.text) refers to oled.o(.data) for Chinese
    motor.o(.text) refers to stm32f10x_rcc.o(.text) for RCC_APB1PeriphClockCmd
    motor.o(.text) refers to stm32f10x_gpio.o(.text) for GPIO_Init
    motor.o(.text) refers to stm32f10x_tim.o(.text) for TIM_DeInit
    motor.o(.text) refers to delay.o(.text) for delay_ms
    buzzer.o(.text) refers to stm32f10x_rcc.o(.text) for RCC_APB2PeriphClockCmd
    buzzer.o(.text) refers to stm32f10x_gpio.o(.text) for GPIO_Init
    buzzer.o(.text) refers to delay.o(.text) for delay_ms
    adc.o(.text) refers to stm32f10x_rcc.o(.text) for RCC_APB2PeriphClockCmd
    adc.o(.text) refers to stm32f10x_gpio.o(.text) for GPIO_Init
    adc.o(.text) refers to stm32f10x_adc.o(.text) for ADC_DeInit
    dma.o(.text) refers to stm32f10x_rcc.o(.text) for RCC_AHBPeriphClockCmd
    dma.o(.text) refers to stm32f10x_dma.o(.text) for DMA_DeInit
    dma.o(.text) refers to adc.o(.bss) for ADC_BUFF
    led.o(.text) refers to stm32f10x_rcc.o(.text) for RCC_APB2PeriphClockCmd
    led.o(.text) refers to stm32f10x_gpio.o(.text) for GPIO_Init
    led.o(.text) refers to delay.o(.text) for delay_ms
    key.o(.text) refers to stm32f10x_rcc.o(.text) for RCC_APB2PeriphClockCmd
    key.o(.text) refers to stm32f10x_gpio.o(.text) for GPIO_Init
    key.o(.text) refers to delay.o(.text) for delay_ms
    sensors.o(.text) refers to stm32f10x_rcc.o(.text) for RCC_APB2PeriphClockCmd
    sensors.o(.text) refers to stm32f10x_gpio.o(.text) for GPIO_Init
    encoder.o(.text) refers to stm32f10x_rcc.o(.text) for RCC_APB1PeriphClockCmd
    encoder.o(.text) refers to stm32f10x_gpio.o(.text) for GPIO_AFIODeInit
    encoder.o(.text) refers to stm32f10x_tim.o(.text) for TIM_DeInit
    flash.o(.text) refers to stm32f10x_flash.o(.text) for FLASH_ProgramHalfWord
    flash.o(.text) refers to flash.o(.bss) for STMFLASH_BUF
    solgui_common.o(.text) refers to solgui_hardware.o(.text) for SOLGUI_Hardware_Init
    solgui_common.o(.text) refers to rt_memclr.o(.text) for __aeabi_memclr
    solgui_common.o(.text) refers to solgui_menu.o(.text) for SOLGUI_Menu_SetHomePage
    solgui_common.o(.text) refers to solgui_common.o(.bss) for SOLGUI_GRAM
[...]
    .ARM.Collect$$libinit$$0000002C          0x080001e6   Section        0  libinit2.o(.ARM.Collect$$libinit$$0000002C)
    .ARM.Collect$$libinit$$0000002E          0x080001e6   Section        0  libinit2.o(.ARM.Collect$$libinit$$0000002E)
    .ARM.Collect$$libinit$$00000030          0x080001e6   Section        0  libinit2.o(.ARM.Collect$$libinit$$00000030)
    .ARM.Collect$$libinit$$00000032          0x080001e6   Section        0  libinit2.o(.ARM.Collect$$libinit$$00000032)
    .ARM.Collect$$libinit$$00000033          0x080001e6   Section        2  libinit2.o(.ARM.Collect$$libinit$$00000033)
    .ARM.Collect$$libshutdown$$00000000      0x080001e8   Section        2  libshutdown.o(.ARM.Collect$$libshutdown$$00000000)
    .ARM.Collect$$libshutdown$$00000002      0x080001ea   Section        0  libshutdown2.o(.ARM.Collect$$libshutdown$$00000002)
    .ARM.Collect$$libshutdown$$00000004      0x080001ea   Section        0  libshutdown2.o(.ARM.Collect$$libshutdown$$00000004)
    .ARM.Collect$$libshutdown$$00000007      0x080001ea   Section        0  libshutdown2.o(.ARM.Collect$$libshutdown$$00000007)
    .ARM.Collect$$libshutdown$$0000000A      0x080001ea   Section        0  libshutdown2.o(.ARM.Collect$$libshutdown$$0000000A)
    .ARM.Collect$$libshutdown$$0000000C      0x080001ea   Section        0  libshutdown2.o(.ARM.Collect$$libshutdown$$0000000C)
    .ARM.Collect$$libshutdown$$0000000F      0x080001ea   Section        0  libshutdown2.o(.ARM.Collect$$libshutdown$$0000000F)
    .ARM.Collect$$libshutdown$$00000010      0x080001ea   Section        2  libshutdown2.o(.ARM.Collect$$libshutdown$$00000010)
    .ARM.Collect$$rtentry$$00000000          0x080001ec   Section        0  __rtentry.o(.ARM.Collect$$rtentry$$00000000)
    .ARM.Collect$$rtentry$$00000002          0x080001ec   Section        0  __rtentry2.o(.ARM.Collect$$rtentry$$00000002)
    .ARM.Collect$$rtentry$$00000004          0x080001ec   Section        6  __rtentry4.o(.ARM.Collect$$rtentry$$00000004)
    .ARM.Collect$$rtentry$$00000009          0x080001f2   Section        0  __rtentry2.o(.ARM.Collect$$rtentry$$00000009)
    .ARM.Collect$$rtentry$$0000000A          0x080001f2   Section        4  __rtentry2.o(.ARM.Collect$$rtentry$$0000000A)
    .ARM.Collect$$rtentry$$0000000C          0x080001f6   Section        0  __rtentry2.o(.ARM.Collect$$rtentry$$0000000C)
    .ARM.Collect$$rtentry$$0000000D          0x080001f6   Section        8  __rtentry2.o(.ARM.Collect$$rtentry$$0000000D)
    .ARM.Collect$$rtexit$$00000000           0x080001fe   Section        2  rtexit.o(.ARM.Collect$$rtexit$$00000000)
    .ARM.Collect$$rtexit$$00000002           0x08000200   Section        0  rtexit2.o(.ARM.Collect$$rtexit$$00000002)
    .ARM.Collect$$rtexit$$00000003           0x08000200   Section        4  rtexit2.o(.ARM.Collect$$rtexit$$00000003)
    .ARM.Collect$$rtexit$$00000004           0x08000204   Section        6  rtexit2.o(.ARM.Collect$$rtexit$$00000004)
    .text                                    0x0800020c   Section        0  system_stm32f10x.o(.text)
    SetSysClockTo72                          0x0800020d   Thumb Code   214  system_stm32f10x.o(.text)
    SetSysClock                              0x080002e3   Thumb Code     8  system_stm32f10x.o(.text)
    .text                                    0x080003ec   Section        0  stm32f10x_it.o(.text)
    .text                                    0x08000408   Section        0  main.o(.text)
    .text                                    0x08000464   Section        0  menu.o(.text)
    .text                                    0x08001304   Section        0  attack.o(.text)
    .text                                    0x08002224   Section        0  data.o(.text)
    .text                                    0x080026e8   Section        0  oled.o(.text)
    .text                                    0x08002b74   Section        0  motor.o(.text)
    .text                                    0x08002e48   Section        0  buzzer.o(.text)
    .text                                    0x08002eb4   Section        0  adc.o(.text)
    .text                                    0x08003038   Section        0  dma.o(.text)
    .text                                    0x080030a8   Section        0  led.o(.text)
    .text                                    0x08003270   Section        0  key.o(.text)
    .text                                    0x08003460   Section        0  sensors.o(.text)
    .text                                    0x080034a0   Section        0  encoder.o(.text)
    .text                                    0x08003598   Section        0  flash.o(.text)
    .text                                    0x080036cc   Section        0  solgui_common.o(.text)
    .text                                    0x08003758   Section        0  solgui_gbasic.o(.text)
    .text                                    0x08003ad4   Section        0  solgui_hardware.o(.text)
    .text                                    0x08003cc4   Section        0  solgui_menu.o(.text)
    .text                                    0x08003e18   Section        0  solgui_printf.o(.text)
    .text                                    0x08004438   Section        0  solgui_widget.o(.text)
    .text                                    0x08004e44   Section        0  delay.o(.text)
    .text                                    0x08004f18   Section        0  sys.o(.text)
    .text                                    0x08004f30   Section       64  startup_stm32f10x_hd.o(.text)
    .text                                    0x08004f70   Section        0  stm32f10x_gpio.o(.text)
    .text                                    0x080052cc   Section        0  stm32f10x_rcc.o(.text)
    .text                                    0x08005670   Section        0  misc.o(.text)
    .text                                    0x0800574c   Section        0  stm32f10x_tim.o(.text)
    TI4_Config                               0x08005bf3   Thumb Code   130  stm32f10x_tim.o(.text)
    TI3_Config                               0x08005c87   Thumb Code   122  stm32f10x_tim.o(.text)
    TI2_Config                               0x08005d1b   Thumb Code   130  stm32f10x_tim.o(.text)
    TI1_Config                               0x08005daf   Thumb Code   108  stm32f10x_tim.o(.text)
    .text                                    0x08006568   Section        0  stm32f10x_adc.o(.text)
    .text                                    0x080069b8   Section        0  stm32f10x_dma.o(.text)
    .text                                    0x08006c0c   Section        0  stm32f10x_flash.o(.text)
    .text                                    0x080071c8   Section        0  strlen.o(.text)
    .text                                    0x08007206   Section       68  rt_memclr.o(.text)
    .text                                    0x0800724a   Section        0  heapauxi.o(.text)
    .text                                    0x08007250   Section       78  rt_memclr_w.o(.text)
    .text                                    0x0800729e   Section       74  sys_stackheap_outer.o(.text)
    .text                                    0x080072e8   Section        0  exit.o(.text)
    .text                                    0x080072fc   Section        8  libspace.o(.text)
    .text                                    0x08007304   Section        0  sys_exit.o(.text)
    .text                                    0x08007310   Section        2  use_no_semi.o(.text)
    .text                                    0x08007312   Section        0  indicate_semi.o(.text)
    x$fpl$d2f                                0x08007314   Section       98  d2f.o(x$fpl$d2f)
    x$fpl$dadd                               0x08007378   Section      336  daddsub_clz.o(x$fpl$dadd)
    _dadd1                                   0x08007389   Thumb Code     0  daddsub_clz.o(x$fpl$dadd)
    x$fpl$dcmpinf                            0x080074c8   Section       24  dcmpi.o(x$fpl$dcmpinf)
    x$fpl$ddiv                               0x080074e0   Section      688  ddiv.o(x$fpl$ddiv)
    ddiv_entry                               0x080074e7   Thumb Code     0  ddiv.o(x$fpl$ddiv)
    x$fpl$dfix                               0x08007790   Section       94  dfix.o(x$fpl$dfix)
    x$fpl$dfixu                              0x080077f0   Section       90  dfixu.o(x$fpl$dfixu)
    x$fpl$dflt                               0x0800784a   Section       46  dflt_clz.o(x$fpl$dflt)
    x$fpl$dfltu                              0x08007878   Section       38  dflt_clz.o(x$fpl$dfltu)
    x$fpl$dleqf                              0x080078a0   Section      120  dleqf.o(x$fpl$dleqf)
    x$fpl$dmul                               0x08007918   Section      340  dmul.o(x$fpl$dmul)
    x$fpl$dnaninf                            0x08007a6c   Section      156  dnaninf.o(x$fpl$dnaninf)
    x$fpl$dretinf                            0x08007b08   Section       12  dretinf.o(x$fpl$dretinf)
    x$fpl$drleqf                             0x08007b14   Section      108  drleqf.o(x$fpl$drleqf)
    x$fpl$drsb                               0x08007b80   Section       22  daddsub_clz.o(x$fpl$drsb)
    x$fpl$dsub                               0x08007b98   Section      468  daddsub_clz.o(x$fpl$dsub)
    _dsub1                                   0x08007ba9   Thumb Code     0  daddsub_clz.o(x$fpl$dsub)
    x$fpl$f2d                                0x08007d6c   Section       86  f2d.o(x$fpl$f2d)
    x$fpl$fadd                               0x08007dc4   Section      196  faddsub_clz.o(x$fpl$fadd)
    _fadd1                                   0x08007dd3   Thumb Code     0  faddsub_clz.o(x$fpl$fadd)
    x$fpl$fnaninf                            0x08007e88   Section      140  fnaninf.o(x$fpl$fnaninf)
    x$fpl$fretinf                            0x08007f14   Section       10  fretinf.o(x$fpl$fretinf)
    x$fpl$frsb                               0x08007f1e   Section       20  faddsub_clz.o(x$fpl$frsb)
    x$fpl$fsub                               0x08007f34   Section      234  faddsub_clz.o(x$fpl$fsub)
    _fsub1                                   0x08007f43   Thumb Code     0  faddsub_clz.o(x$fpl$fsub)
    .constdata                               0x0800801e   Section     2072  oled.o(.constdata)
    x$fpl$usenofp                            0x0800801e   Section        0  usenofp.o(x$fpl$usenofp)
    .constdata                               0x08008836   Section      570  font4x6_ascii.o(.constdata)
    .constdata                               0x08008a70   Section      848  font6x8_ascii.o(.constdata)
    .conststring                             0x08008dc0   Section       83  menu.o(.conststring)
    .data                                    0x20000000   Section       20  system_stm32f10x.o(.data)
    .data                                    0x20000014   Section      120  menu.o(.data)
    .data                                    0x2000008c   Section        5  attack.o(.data)
    .data                                    0x20000091   Section     1792  oled.o(.data)
    .data                                    0x20000794   Section       13  solgui_menu.o(.data)
    .data                                    0x200007a4   Section       16  solgui_printf.o(.data)
    .data                                    0x200007b4   Section        5  solgui_widget.o(.data)
    spin_pos                                 0x200007b8   Data           1  solgui_widget.o(.data)
    .data                                    0x200007ba   Section        4  delay.o(.data)
    fac_us                                   0x200007ba   Data           1  delay.o(.data)
    fac_ms                                   0x200007bc   Data           2  delay.o(.data)
    .data                                    0x200007be   Section       20  stm32f10x_rcc.o(.data)
    APBAHBPrescTable                         0x200007be   Data          16  stm32f10x_rcc.o(.data)
    ADCPrescTable                            0x200007ce   Data           4  stm32f10x_rcc.o(.data)
    .bss                                     0x200007d4   Section       80  main.o(.bss)
    .bss                                     0x20000824   Section       32  adc.o(.bss)
    .bss                                     0x20000844   Section     2048  flash.o(.bss)
    .bss                                     0x20001044   Section     1024  solgui_common.o(.bss)
    .bss                                     0x20001444   Section       30  solgui_widget.o(.bss)
    .bss                                     0x20001464   Section       96  libspace.o(.bss)
    HEAP                                     0x200014c8   Section      512  startup_stm32f10x_hd.o(HEAP)
    Heap_Mem                                 0x200014c8   Data         512  startup_stm32f10x_hd.o(HEAP)
    STACK                                    0x200016c8   Section     1024  startup_stm32f10x_hd.o(STACK)
    Stack_Mem                                0x200016c8   Data        1024  startup_stm32f10x_hd.o(STACK)
    __initial_sp                             0x20001ac8   Data           0  startup_stm32f10x_hd.o(STACK)

    Global Symbols

    Symbol Name                              Value     Ov Type        Size  Object(Section)

    BuildAttributes$$THM_ISAv4$P$D$K$B$S$PE$A:L22UL41UL21$X:L11$S22US41US21$IEEE1$IW$USESV6$~STKCKD$USESV7$~SHL$OSPACE$ROPI$EBA8$UX$STANDARDLIB$REQ8$PRES8$EABIv2 0x00000000   Number         0  anon$$obj.o ABSOLUTE
    __ARM_use_no_argv                        0x00000000   Number         0  main.o ABSOLUTE
    __ARM_exceptions_init                     - Undefined Weak Reference
    __alloca_initialize                       - Undefined Weak Reference
    __arm_preinit_                            - Undefined Weak Reference
    __cpp_initialize__aeabi_                  - Undefined Weak Reference
    __cxa_finalize                            - Undefined Weak Reference
    __rt_locale                               - Undefined Weak Reference
    __sigvec_lookup                           - Undefined Weak Reference
    _atexit_init                              - Undefined Weak Reference
    _call_atexit_fns                          - Undefined Weak Reference
    _clock_init                               - Undefined Weak Reference
    _fp_trap_init                             - Undefined Weak Reference
    _fp_trap_shutdown                         - Undefined Weak Reference
    _get_lc_collate                           - Undefined Weak Reference
    _get_lc_ctype                             - Undefined Weak Reference
    _get_lc_monetary                          - Undefined Weak Reference
    _get_lc_numeric                           - Undefined Weak Reference
    _get_lc_time                              - Undefined Weak Reference
    _getenv_init                              - Undefined Weak Reference
    _handle_redirection                       - Undefined Weak Reference
    _init_alloc                               - Undefined Weak Reference
    _init_user_alloc                          - Undefined Weak Reference
    _initio                                   - Undefined Weak Reference
    _rand_init                                - Undefined Weak Reference
    _signal_finish                            - Undefined Weak Reference
    _signal_init                              - Undefined Weak Reference
    _terminate_alloc                          - Undefined Weak Reference
    _terminate_user_alloc                     - Undefined Weak Reference
    _terminateio                              - Undefined Weak Reference
    __Vectors_Size                           0x00000130   Number         0  startup_stm32f10x_hd.o ABSOLUTE
    __Vectors                                0x08000000   Data           4  startup_stm32f10x_hd.o(RESET)
    __Vectors_End                            0x08000130   Data           0  startup_stm32f10x_hd.o(RESET)
    __main                                   0x08000131   Thumb Code     8  __main.o(!!!main)
    __scatterload                            0x08000139   Thumb Code     0  __scatter.o(!!!scatter)
    __scatterload_rt2                        0x08000139   Thumb Code    44  __scatter.o(!!!scatter)
    __scatterload_rt2_thumb_only             0x08000139   Thumb Code     0  __scatter.o(!!!scatter)
    __scatterload_null                       0x08000147   Thumb Code     0  __scatter.o(!!!scatter)
    __decompress                             0x0800016d   Thumb Code    90  __dczerorl2.o(!!dczerorl2)
    __decompress1                            0x0800016d   Thumb Code     0  __dczerorl2.o(!!dczerorl2)
    __scatterload_zeroinit                   0x080001c9   Thumb Code    28  __scatter_zi.o(!!handler_zi)
    __rt_lib_init                            0x080001e5   Thumb Code     0  libinit.o(.ARM.Collect$$libinit$$00000000)
    __rt_lib_init_alloca_1                   0x080001e7   Thumb Code     0  libinit2.o(.ARM.Collect$$libinit$$0000002E)
    __rt_lib_init_argv_1                     0x080001e7   Thumb Code     0  libinit2.o(.ARM.Collect$$libinit$$0000002C)
    __rt_lib_init_atexit_1                   0x080001e7   Thumb Code     0  libinit2.o(.ARM.Collect$$libinit$$0000001B)
    __rt_lib_init_clock_1                    0x080001e7   Thumb Code     0  libinit2.o(.ARM.Collect$$libinit$$00000021)
    __rt_lib_init_cpp_1                      0x080001e7   Thumb Code     0  libinit2.o(.ARM.Collect$$libinit$$00000032)
    __rt_lib_init_exceptions_1               0x080001e7   Thumb Code     0  libinit2.o(.ARM.Collect$$libinit$$00000030)
    __rt_lib_init_fp_1                       0x080001e7   Thumb Code     0  libinit2.o(.ARM.Collect$$libinit$$00000002)
    __rt_lib_init_fp_trap_1                  0x080001e7   Thumb Code     0  libinit2.o(.ARM.Collect$$libinit$$0000001F)
    __rt_lib_init_getenv_1                   0x080001e7   Thumb Code     0  libinit2.o(.ARM.Collect$$libinit$$00000023)
    __rt_lib_init_heap_1                     0x080001e7   Thumb Code     0  libinit2.o(.ARM.Collect$$libinit$$0000000A)
    __rt_lib_init_lc_collate_1               0x080001e7   Thumb Code     0  libinit2.o(.ARM.Collect$$libinit$$00000011)
    __rt_lib_init_lc_ctype_1                 0x080001e7   Thumb Code     0  libinit2.o(.ARM.Collect$$libinit$$00000013)
    __rt_lib_init_lc_monetary_1              0x080001e7   Thumb Code     0  libinit2.o(.ARM.Collect$$libinit$$00000015)
    __rt_lib_init_lc_numeric_1               0x080001e7   Thumb Code     0  libinit2.o(.ARM.Collect$$libinit$$00000017)
    __rt_lib_init_lc_time_1                  0x080001e7   Thumb Code     0  libinit2.o(.ARM.Collect$$libinit$$00000019)
    __rt_lib_init_preinit_1                  0x080001e7   Thumb Code     0  libinit2.o(.ARM.Collect$$libinit$$00000004)
    __rt_lib_init_rand_1                     0x080001e7   Thumb Code     0  libinit2.o(.ARM.Collect$$libinit$$0000000E)
    __rt_lib_init_return                     0x080001e7   Thumb Code     0  libinit2.o(.ARM.Collect$$libinit$$00000033)
    __rt_lib_init_signal_1                   0x080001e7   Thumb Code     0  libinit2.o(.ARM.Collect$$libinit$$0000001D)
    __rt_lib_init_stdio_1                    0x080001e7   Thumb Code     0  libinit2.o(.ARM.Collect$$libinit$$00000025)
    __rt_lib_init_user_alloc_1               0x080001e7   Thumb Code     0  libinit2.o(.ARM.Collect$$libinit$$0000000C)
    __rt_lib_shutdown                        0x080001e9   Thumb Code     0  libshutdown.o(.ARM.Collect$$libshutdown$$00000000)
    __rt_lib_shutdown_cpp_1                  0x080001eb   Thumb Code     0  libshutdown2.o(.ARM.Collect$$libshutdown$$00000002)
    __rt_lib_shutdown_fp_trap_1              0x080001eb   Thumb Code     0  libshutdown2.o(.ARM.Collect$$libshutdown$$00000007)
    __rt_lib_shutdown_heap_1                 0x080001eb   Thumb Code     0  libshutdown2.o(.ARM.Collect$$libshutdown$$0000000F)
    __rt_lib_shutdown_return                 0x080001eb   Thumb Code     0  libshutdown2.o(.ARM.Collect$$libshutdown$$00000010)
    __rt_lib_shutdown_signal_1               0x080001eb   Thumb Code     0  libshutdown2.o(.ARM.Collect$$libshutdown$$0000000A)
    __rt_lib_shutdown_stdio_1                0x080001eb   Thumb Code     0  libshutdown2.o(.ARM.Collect$$libshutdown$$00000004)
    __rt_lib_shutdown_user_alloc_1           0x080001eb   Thumb Code     0  libshutdown2.o(.ARM.Collect$$libshutdown$$0000000C)
    __rt_entry                               0x080001ed   Thumb Code     0  __rtentry.o(.ARM.Collect$$rtentry$$00000000)
    __rt_entry_presh_1                       0x080001ed   Thumb Code     0  __rtentry2.o(.ARM.Collect$$rtentry$$00000002)
    __rt_entry_sh                            0x080001ed   Thumb Code     0  __rtentry4.o(.ARM.Collect$$rtentry$$00000004)
    __rt_entry_li                            0x080001f3   Thumb Code     0  __rtentry2.o(.ARM.Collect$$rtentry$$0000000A)
    __rt_entry_postsh_1                      0x080001f3   Thumb Code     0  __rtentry2.o(.ARM.Collect$$rtentry$$00000009)
    __rt_entry_main                          0x080001f7   Thumb Code     0  __rtentry2.o(.ARM.Collect$$rtentry$$0000000D)
    __rt_entry_postli_1                      0x080001f7   Thumb Code     0  __rtentry2.o(.ARM.Collect$$rtentry$$0000000C)
    __rt_exit                                0x080001ff   Thumb Code     0  rtexit.o(.ARM.Collect$$rtexit$$00000000)
    __rt_exit_ls                             0x08000201   Thumb Code     0  rtexit2.o(.ARM.Collect$$rtexit$$00000003)
    __rt_exit_prels_1                        0x08000201   Thumb Code     0  rtexit2.o(.ARM.Collect$$rtexit$$00000002)
    __rt_exit_exit                           0x08000205   Thumb Code     0  rtexit2.o(.ARM.Collect$$rtexit$$00000004)
    SystemInit                               0x080002eb   Thumb Code    78  system_stm32f10x.o(.text)
    SystemCoreClockUpdate                    0x08000339   Thumb Code   142  system_stm32f10x.o(.text)
    NMI_Handler                              0x080003ed   Thumb Code     2  stm32f10x_it.o(.text)
    HardFault_Handler                        0x080003ef   Thumb Code     4  stm32f10x_it.o(.text)
    MemManage_Handler                        0x080003f3   Thumb Code     4  stm32f10x_it.o(.text)
    BusFault_Handler                         0x080003f7   Thumb Code     4  stm32f10x_it.o(.text)
    UsageFault_Handler                       0x080003fb   Thumb Code     4  stm32f10x_it.o(.text)
    SVC_Handler                              0x080003ff   Thumb Code     2  stm32f10x_it.o(.text)
    DebugMon_Handler                         0x08000401   Thumb Code     2  stm32f10x_it.o(.text)
    PendSV_Handler                           0x08000403   Thumb Code     2  stm32f10x_it.o(.text)
    SysTick_Handler                          0x08000405   Thumb Code     2  stm32f10x_it.o(.text)
    main                                     0x08000409   Thumb Code    88  main.o(.text)
    _HOMEPAGE                                0x08000465   Thumb Code    60  menu.o(.text)
    _SETTINGS                                0x080004a1   Thumb Code    72  menu.o(.text)
    _AUTHOR                                  0x080004e9   Thumb Code    36  menu.o(.text)
    _PWM_SET                                 0x0800050d   Thumb Code   218  menu.o(.text)
    _ADC_SET                                 0x080005e7   Thumb Code   980  menu.o(.text)
    _ADC_SET_EXACT                           0x080009bb   Thumb Code   668  menu.o(.text)
    _ENCODER_SET                             0x08000c57   Thumb Code    96  menu.o(.text)
    _JUMP_SET                                0x08000cb7   Thumb Code   558  menu.o(.text)
    _SUNDRY_SET                              0x08000ee5   Thumb Code   144  menu.o(.text)
    _ADC_SET_SINGLE                          0x08000f75   Thumb Code   624  menu.o(.text)
    Scan_Gesture                             0x08001305   Thumb Code    20  attack.o(.text)
    Jump                                     0x08001319   Thumb Code    38  attack.o(.text)
    Jump_Test                                0x0800133f   Thumb Code    32  attack.o(.text)
    Jump_Restoration                         0x0800135f   Thumb Code    44  attack.o(.text)
    Find_Arena                               0x0800138b   Thumb Code   640  attack.o(.text)
    Ready_Jump                               0x0800160b   Thumb Code    48  attack.o(.text)
    Falling_Test                             0x0800163b   Thumb Code    50  attack.o(.text)
    Attack_Chess                             0x0800166d   Thumb Code   738  attack.o(.text)
    Judge_State_Chess                        0x0800194f   Thumb Code   254  attack.o(.text)
    MODE_Attack_Chess                        0x08001a4d   Thumb Code   114  attack.o(.text)
    Attack_Car                               0x08001abf   Thumb Code   804  attack.o(.text)
    Judge_State_Car                          0x08001de3   Thumb Code   200  attack.o(.text)
    MODE_Attack_Car                          0x08001eab   Thumb Code   114  attack.o(.text)
    Attack_Car_Single                        0x08001f1d   Thumb Code   632  attack.o(.text)
    MODE_Attack_Car_Single                   0x08002195   Thumb Code   114  attack.o(.text)
    Save_PWMData                             0x08002225   Thumb Code    20  data.o(.text)
    Load_PWMData                             0x08002239   Thumb Code    20  data.o(.text)
    Reset_PWMData                            0x0800224d   Thumb Code    58  data.o(.text)
    Clear_PWMData                            0x08002287   Thumb Code    12  data.o(.text)
    Refresh_ADCData                          0x08002293   Thumb Code   132  data.o(.text)
    Save_ADCData                             0x08002317   Thumb Code    24  data.o(.text)
    Load_ADCData                             0x0800232f   Thumb Code    20  data.o(.text)
    Reset_ADCData                            0x08002343   Thumb Code   114  data.o(.text)
    Clear_ADCData                            0x080023b5   Thumb Code    12  data.o(.text)
    Save_EncoderData                         0x080023c1   Thumb Code    20  data.o(.text)
    Load_EncoderData                         0x080023d5   Thumb Code    20  data.o(.text)
    Reset_EncoderData                        0x080023e9   Thumb Code    18  data.o(.text)
    Clear_EncoderData                        0x080023fb   Thumb Code    12  data.o(.text)
    AVERAGE                                  0x08002407   Thumb Code    34  data.o(.text)
    Get_ErrorRange                           0x08002429   Thumb Code    58  data.o(.text)
    Auto_EncoderData                         0x08002463   Thumb Code   466  data.o(.text)
    Save_SundryData                          0x08002635   Thumb Code    20  data.o(.text)
    Load_SundryData                          0x08002649   Thumb Code    20  data.o(.text)
    Reset_SundryData                         0x0800265d   Thumb Code    32  data.o(.text)
    Clear_SundryData                         0x0800267d   Thumb Code    12  data.o(.text)
    Save_JumpData                            0x08002689   Thumb Code    12  data.o(.text)
    Save_ALLData                             0x08002695   Thumb Code    20  data.o(.text)
    Load_ALLData                             0x080026a9   Thumb Code    20  data.o(.text)
    Reset_ALLData                            0x080026bd   Thumb Code    20  data.o(.text)
    Clear_Data                               0x080026d1   Thumb Code    12  data.o(.text)
    OLED_WR_Byte                             0x080026e9   Thumb Code   126  oled.o(.text)
    OLED_Set_Pos                             0x08002767   Thumb Code    46  oled.o(.text)
    OLED_Display_On                          0x08002795   Thumb Code    28  oled.o(.text)
    OLED_Display_Off                         0x080027b1   Thumb Code    28  oled.o(.text)
    OLED_Clear                               0x080027cd   Thumb Code    64  oled.o(.text)
    OLED_ShowChar                            0x0800280d   Thumb Code   106  oled.o(.text)
    oled_pow                                 0x08002877   Thumb Code    22  oled.o(.text)
    OLED_ShowNum                             0x0800288d   Thumb Code   132  oled.o(.text)
    OLED_ShowString                          0x08002911   Thumb Code    54  oled.o(.text)
    OLED_ShowChinese                         0x08002947   Thumb Code    98  oled.o(.text)
    OLED_ShowText                            0x080029a9   Thumb Code    58  oled.o(.text)
    OLED_ShowLogo                            0x080029e3   Thumb Code    28  oled.o(.text)
    OLED_Init                                0x080029ff   Thumb Code   372  oled.o(.text)
    TIM4_PWM_Init                            0x08002b75   Thumb Code   168  motor.o(.text)
    TIM1_PWM_Init                            0x08002c1d   Thumb Code   198  motor.o(.text)
    MOTOR_Init                               0x08002ce3   Thumb Code    24  motor.o(.text)
    CAR_Jump                                 0x08002cfb   Thumb Code   114  motor.o(.text)
    CAR_Stop                                 0x08002d6d   Thumb Code    22  motor.o(.text)
    CAR_Move                                 0x08002d83   Thumb Code   178  motor.o(.text)
    BUZZER_Init                              0x08002e49   Thumb Code    50  buzzer.o(.text)
    BUZZER_Hint                              0x08002e7b   Thumb Code    44  buzzer.o(.text)
    ADC1_Init                                0x08002eb5   Thumb Code   370  adc.o(.text)
    DMA1_Channel1_Init                       0x08003039   Thumb Code    82  dma.o(.text)
    DMA1_Channel1_IRQHandler                 0x0800308b   Thumb Code    18  dma.o(.text)
    LED_Init                                 0x080030a9   Thumb Code    50  led.o(.text)
    LED_Show                                 0x080030db   Thumb Code   316  led.o(.text)
    LED_Flow                                 0x08003217   Thumb Code    84  led.o(.text)
    KEY_Init                                 0x08003271   Thumb Code    56  key.o(.text)
    KEY_Scan                                 0x080032a9   Thumb Code   172  key.o(.text)
    KEY_OK_Scan                              0x08003355   Thumb Code    38  key.o(.text)
    KEY_BACK_Scan                            0x0800337b   Thumb Code    38  key.o(.text)
    KEY_UP_Scan                              0x080033a1   Thumb Code    44  key.o(.text)
    KEY_DOWN_Scan                            0x080033cd   Thumb Code    44  key.o(.text)
    KEY_LEFT_Scan                            0x080033f9   Thumb Code    44  key.o(.text)
    KEY_RIGHT_Scan                           0x08003425   Thumb Code    44  key.o(.text)
    SENSORS_Init                             0x08003461   Thumb Code    54  sensors.o(.text)
    ENCODER_Init                             0x080034a1   Thumb Code   170  encoder.o(.text)
    ENCODER_Read                             0x0800354b   Thumb Code    40  encoder.o(.text)
    TIM3_IRQHandler                          0x08003573   Thumb Code    24  encoder.o(.text)
    STMFLASH_ReadHalfWord                    0x08003599   Thumb Code     6  flash.o(.text)
    STMFLASH_Write_NoCheck                   0x0800359f   Thumb Code    38  flash.o(.text)
    STMFLASH_Read                            0x080035c5   Thumb Code    34  flash.o(.text)
    STMFLASH_Write                           0x080035e7   Thumb Code   222  flash.o(.text)
    SOLGUI_Init                              0x080036cd   Thumb Code    26  solgui_common.o(.text)
    SOLGUI_Clean                             0x080036e7   Thumb Code    14  solgui_common.o(.text)
    SOLGUI_Refresh                           0x080036f5   Thumb Code    14  solgui_common.o(.text)
    SOLGUI_DrawPoint                         0x08003703   Thumb Code    82  solgui_common.o(.text)
    _LineModes                               0x08003759   Thumb Code   126  solgui_gbasic.o(.text)
    SOLGUI_GBasic_Line                       0x080037d7   Thumb Code   230  solgui_gbasic.o(.text)
    SOLGUI_GBasic_MultiLine                  0x080038bd   Thumb Code    98  solgui_gbasic.o(.text)
    SOLGUI_GBasic_Rectangle                  0x0800391f   Thumb Code   194  solgui_gbasic.o(.text)
    SOLGUI_GBasic_Circle                     0x080039e1   Thumb Code   242  solgui_gbasic.o(.text)
    SOLGUI_Hardware_Init                     0x08003ad5   Thumb Code   352  solgui_hardware.o(.text)
    SOLGUI_Hardware_FillScreen               0x08003c35   Thumb Code    70  solgui_hardware.o(.text)
    SOLGUI_Hardware_ClearScreen              0x08003c7b   Thumb Code    64  solgui_hardware.o(.text)
    FIFO_Init                                0x08003cc5   Thumb Code    18  solgui_menu.o(.text)
    FIFO_EnQueue                             0x08003cd7   Thumb Code    28  solgui_menu.o(.text)
    FIFO_DeQueue                             0x08003cf3   Thumb Code    46  solgui_menu.o(.text)
    SOLGUI_Menu_Title                        0x08003d21   Thumb Code   110  solgui_menu.o(.text)
    SOLGUI_Menu_SetHomePage                  0x08003d8f   Thumb Code    14  solgui_menu.o(.text)
    SOLGUI_InputKey                          0x08003d9d   Thumb Code    12  solgui_menu.o(.text)
    SOLGUI_GetCurrentKey                     0x08003da9   Thumb Code     6  solgui_menu.o(.text)
    SOLGUI_Menu_PageStage                    0x08003daf   Thumb Code    74  solgui_menu.o(.text)
    SOLGUI_SwitchFont                        0x08003e19   Thumb Code    62  solgui_printf.o(.text)
    SOLGUI_PutChar                           0x08003e57   Thumb Code   164  solgui_printf.o(.text)
    SOLGUI_PutString                         0x08003efb   Thumb Code    56  solgui_printf.o(.text)
    __SOLGUI_printf                          0x08003f33   Thumb Code  1244  solgui_printf.o(.text)
    SOLGUI_printf                            0x0800440f   Thumb Code    40  solgui_printf.o(.text)
    _OptionsDisplay_Judge                    0x08004439   Thumb Code    38  solgui_widget.o(.text)
    _OptionsDisplay_coorY                    0x0800445f   Thumb Code    22  solgui_widget.o(.text)
    SOLGUI_Cursor                            0x08004475   Thumb Code   590  solgui_widget.o(.text)
    SOLGUI_Widget_GotoPage                   0x080046c3   Thumb Code   152  solgui_widget.o(.text)
    _Pow_10                                  0x0800475b   Thumb Code    84  solgui_widget.o(.text)
    SOLGUI_Widget_Spin                       0x080047af   Thumb Code  1376  solgui_widget.o(.text)
    SOLGUI_Widget_OptionText                 0x08004d0f   Thumb Code    76  solgui_widget.o(.text)
    SOLGUI_Widget_Button                     0x08004d5b   Thumb Code   160  solgui_widget.o(.text)
    SOLGUI_Widget_Text                       0x08004dfb   Thumb Code    54  solgui_widget.o(.text)
    delay_init                               0x08004e45   Thumb Code    50  delay.o(.text)
    delay_us                                 0x08004e77   Thumb Code    72  delay.o(.text)
    delay_ms                                 0x08004ebf   Thumb Code    72  delay.o(.text)
    WFI_SET                                  0x08004f19   Thumb Code     4  sys.o(.text)
    INTX_DISABLE                             0x08004f1d   Thumb Code     4  sys.o(.text)
    INTX_ENABLE                              0x08004f21   Thumb Code     4  sys.o(.text)
    NVIC_Configuration                       0x08004f25   Thumb Code    12  sys.o(.text)
    Reset_Handler                            0x08004f31   Thumb Code     8  startup_stm32f10x_hd.o(.text)
    ADC1_2_IRQHandler                        0x08004f4b   Thumb Code     0  startup_stm32f10x_hd.o(.text)
    ADC3_IRQHandler                          0x08004f4b   Thumb Code     0  startup_stm32f10x_hd.o(.text)
    CAN1_RX1_IRQHandler                      0x08004f4b   Thumb Code     0  startup_stm32f10x_hd.o(.text)
    CAN1_SCE_IRQHandler                      0x08004f4b   Thumb Code     0  startup_stm32f10x_hd.o(.text)
    DMA1_Channel2_IRQHandler                 0x08004f4b   Thumb Code     0  startup_stm32f10x_hd.o(.text)
    DMA1_Channel3_IRQHandler                 0x08004f4b   Thumb Code     0  startup_stm32f10x_hd.o(.text)
    DMA1_Channel4_IRQHandler                 0x08004f4b   Thumb Code     0  startup_stm32f10x_hd.o(.text)
    DMA1_Channel5_IRQHandler                 0x08004f4b   Thumb Code     0  startup_stm32f10x_hd.o(.text)
    DMA1_Channel6_IRQHandler                 0x08004f4b   Thumb Code     0  startup_stm32f10x_hd.o(.text)
    DMA1_Channel7_IRQHandler                 0x08004f4b   Thumb Code     0  startup_stm32f10x_hd.o(.text)
    DMA2_Channel1_IRQHandler                 0x08004f4b   Thumb Code     0  startup_stm32f10x_hd.o(.text)
    DMA2_Channel2_IRQHandler                 0x08004f4b   Thumb Code     0  startup_stm32f10x_hd.o(.text)
    DMA2_Channel3_IRQHandler                 0x08004f4b   Thumb Code     0  startup_stm32f10x_hd.o(.text)
    DMA2_Channel4_5_IRQHandler               0x08004f4b   Thumb Code     0  startup_stm32f10x_hd.o(.text)
    EXTI0_IRQHandler                         0x08004f4b   Thumb Code     0  startup_stm32f10x_hd.o(.text)
    EXTI15_10_IRQHandler                     0x08004f4b   Thumb Code     0  startup_stm32f10x_hd.o(.text)
    EXTI1_IRQHandler                         0x08004f4b   Thumb Code     0  startup_stm32f10x_hd.o(.text)
    EXTI2_IRQHandler                         0x08004f4b   Thumb Code     0  startup_stm32f10x_hd.o(.text)
    EXTI3_IRQHandler                         0x08004f4b   Thumb Code     0  startup_stm32f10x_hd.o(.text)
    EXTI4_IRQHandler                         0x08004f4b   Thumb Code     0  startup_stm32f10x_hd.o(.text)
    EXTI9_5_IRQHandler                       0x08004f4b   Thumb Code     0  startup_stm32f10x_hd.o(.text)
    FLASH_IRQHandler                         0x08004f4b   Thumb Code     0  startup_stm32f10x_hd.o(.text)
    FSMC_IRQHandler                          0x08004f4b   Thumb Code     0  startup_stm32f10x_hd.o(.text)
    I2C1_ER_IRQHandler                       0x08004f4b   Thumb Code     0  startup_stm32f10x_hd.o(.text)
    I2C1_EV_IRQHandler                       0x08004f4b   Thumb Code     0  startup_stm32f10x_hd.o(.text)
    I2C2_ER_IRQHandler                       0x08004f4b   Thumb Code     0  startup_stm32f10x_hd.o(.text)
    I2C2_EV_IRQHandler                       0x08004f4b   Thumb Code     0  startup_stm32f10x_hd.o(.text)
    PVD_IRQHandler                           0x08004f4b   Thumb Code     0  startup_stm32f10x_hd.o(.text)
    RCC_IRQHandler                           0x08004f4b   Thumb Code     0  startup_stm32f10x_hd.o(.text)
    RTCAlarm_IRQHandler                      0x08004f4b   Thumb Code     0  startup_stm32f10x_hd.o(.text)
    RTC_IRQHandler                           0x08004f4b   Thumb Code     0  startup_stm32f10x_hd.o(.text)
    SDIO_IRQHandler                          0x08004f4b   Thumb Code     0  startup_stm32f10x_hd.o(.text)
    SPI1_IRQHandler                          0x08004f4b   Thumb Code     0  startup_stm32f10x_hd.o(.text)
    SPI2_IRQHandler                          0x08004f4b   Thumb Code     0  startup_stm32f10x_hd.o(.text)
    SPI3_IRQHandler                          0x08004f4b   Thumb Code     0  startup_stm32f10x_hd.o(.text)
    TAMPER_IRQHandler                        0x08004f4b   Thumb Code     0  startup_stm32f10x_hd.o(.text)
    TIM1_BRK_IRQHandler                      0x08004f4b   Thumb Code     0  startup_stm32f10x_hd.o(.text)
    TIM1_CC_IRQHandler                       0x08004f4b   Thumb Code     0  startup_stm32f10x_hd.o(.text)
    TIM1_TRG_COM_IRQHandler                  0x08004f4b   Thumb Code     0  startup_stm32f10x_hd.o(.text)
    TIM1_UP_IRQHandler                       0x08004f4b   Thumb Code     0  startup_stm32f10x_hd.o(.text)
    TIM2_IRQHandler                          0x08004f4b   Thumb Code     0  startup_stm32f10x_hd.o(.text)
    TIM4_IRQHandler                          0x08004f4b   Thumb Code     0  startup_stm32f10x_hd.o(.text)
    TIM5_IRQHandler                          0x08004f4b   Thumb Code     0  startup_stm32f10x_hd.o(.text)
    TIM6_IRQHandler                          0x08004f4b   Thumb Code     0  startup_stm32f10x_hd.o(.text)
    TIM7_IRQHandler                          0x08004f4b   Thumb Code     0  startup_stm32f10x_hd.o(.text)
    TIM8_BRK_IRQHandler                      0x08004f4b   Thumb Code     0  startup_stm32f10x_hd.o(.text)
    TIM8_CC_IRQHandler                       0x08004f4b   Thumb Code     0  startup_stm32f10x_hd.o(.text)
    TIM8_TRG_COM_IRQHandler                  0x08004f4b   Thumb Code     0  startup_stm32f10x_hd.o(.text)
    TIM8_UP_IRQHandler                       0x08004f4b   Thumb Code     0  startup_stm32f10x_hd.o(.text)
    UART4_IRQHandler                         0x08004f4b   Thumb Code     0  startup_stm32f10x_hd.o(.text)
    UART5_IRQHandler                         0x08004f4b   Thumb Code     0  startup_stm32f10x_hd.o(.text)
    USART1_IRQHandler                        0x08004f4b   Thumb Code     0  startup_stm32f10x_hd.o(.text)
    USART2_IRQHandler                        0x08004f4b   Thumb Code     0  startup_stm32f10x_hd.o(.text)
    USART3_IRQHandler                        0x08004f4b   Thumb Code     0  startup_stm32f10x_hd.o(.text)
    USBWakeUp_IRQHandler                     0x08004f4b   Thumb Code     0  startup_stm32f10x_hd.o(.text)
    USB_HP_CAN1_TX_IRQHandler                0x08004f4b   Thumb Code     0  startup_stm32f10x_hd.o(.text)
    USB_LP_CAN1_RX0_IRQHandler               0x08004f4b   Thumb Code     0  startup_stm32f10x_hd.o(.text)
    WWDG_IRQHandler                          0x08004f4b   Thumb Code     0  startup_stm32f10x_hd.o(.text)
    __user_initial_stackheap                 0x08004f4d   Thumb Code     0  startup_stm32f10x_hd.o(.text)
    GPIO_DeInit                              0x08004f71   Thumb Code   172  stm32f10x_gpio.o(.text)
    GPIO_AFIODeInit                          0x0800501d   Thumb Code    20  stm32f10x_gpio.o(.text)
    GPIO_Init                                0x08005031   Thumb Code   278  stm32f10x_gpio.o(.text)
    GPIO_StructInit                          0x08005147   Thumb Code    16  stm32f10x_gpio.o(.text)
    GPIO_ReadInputDataBit                    0x08005157   Thumb Code    18  stm32f10x_gpio.o(.text)
    GPIO_ReadInputData                       0x08005169   Thumb Code     8  stm32f10x_gpio.o(.text)
    GPIO_ReadOutputDataBit                   0x08005171   Thumb Code    18  stm32f10x_gpio.o(.text)
    GPIO_ReadOutputData                      0x08005183   Thumb Code     8  stm32f10x_gpio.o(.text)
    GPIO_SetBits                             0x0800518b   Thumb Code     4  stm32f10x_gpio.o(.text)
    GPIO_ResetBits                           0x0800518f   Thumb Code     4  stm32f10x_gpio.o(.text)
    GPIO_WriteBit                            0x08005193   Thumb Code    10  stm32f10x_gpio.o(.text)
    GPIO_Write                               0x0800519d   Thumb Code     4  stm32f10x_gpio.o(.text)
    GPIO_PinLockConfig                       0x080051a1   Thumb Code    18  stm32f10x_gpio.o(.text)
    GPIO_EventOutputConfig                   0x080051b3   Thumb Code    26  stm32f10x_gpio.o(.text)
    GPIO_EventOutputCmd                      0x080051cd   Thumb Code     6  stm32f10x_gpio.o(.text)
    GPIO_PinRemapConfig                      0x080051d3   Thumb Code   138  stm32f10x_gpio.o(.text)
    GPIO_EXTILineConfig                      0x0800525d   Thumb Code    66  stm32f10x_gpio.o(.text)
    GPIO_ETH_MediaInterfaceConfig            0x0800529f   Thumb Code     8  stm32f10x_gpio.o(.text)
    RCC_DeInit                               0x080052cd   Thumb Code    64  stm32f10x_rcc.o(.text)
    RCC_HSEConfig                            0x0800530d   Thumb Code    70  stm32f10x_rcc.o(.text)
    RCC_GetFlagStatus                        0x08005353   Thumb Code    56  stm32f10x_rcc.o(.text)
    RCC_WaitForHSEStartUp                    0x0800538b   Thumb Code    56  stm32f10x_rcc.o(.text)
    RCC_AdjustHSICalibrationValue            0x080053c3   Thumb Code    20  stm32f10x_rcc.o(.text)
    RCC_HSICmd                               0x080053d7   Thumb Code     6  stm32f10x_rcc.o(.text)
    RCC_PLLConfig                            0x080053dd   Thumb Code    24  stm32f10x_rcc.o(.text)
    RCC_PLLCmd                               0x080053f5   Thumb Code     6  stm32f10x_rcc.o(.text)
    RCC_SYSCLKConfig                         0x080053fb   Thumb Code    18  stm32f10x_rcc.o(.text)
    RCC_GetSYSCLKSource                      0x0800540d   Thumb Code    10  stm32f10x_rcc.o(.text)
    RCC_HCLKConfig                           0x08005417   Thumb Code    18  stm32f10x_rcc.o(.text)
    RCC_PCLK1Config                          0x08005429   Thumb Code    18  stm32f10x_rcc.o(.text)
    RCC_PCLK2Config                          0x0800543b   Thumb Code    20  stm32f10x_rcc.o(.text)
    RCC_ITConfig                             0x0800544f   Thumb Code    26  stm32f10x_rcc.o(.text)
    RCC_USBCLKConfig                         0x08005469   Thumb Code     8  stm32f10x_rcc.o(.text)
    RCC_ADCCLKConfig                         0x08005471   Thumb Code    18  stm32f10x_rcc.o(.text)
    RCC_LSEConfig                            0x08005483   Thumb Code    50  stm32f10x_rcc.o(.text)
    RCC_LSICmd                               0x080054b5   Thumb Code     6  stm32f10x_rcc.o(.text)
    RCC_RTCCLKConfig                         0x080054bb   Thumb Code    12  stm32f10x_rcc.o(.text)
    RCC_RTCCLKCmd                            0x080054c7   Thumb Code     8  stm32f10x_rcc.o(.text)
    RCC_GetClocksFreq                        0x080054cf   Thumb Code   192  stm32f10x_rcc.o(.text)
    RCC_AHBPeriphClockCmd                    0x0800558f   Thumb Code    26  stm32f10x_rcc.o(.text)
    RCC_APB2PeriphClockCmd                   0x080055a9   Thumb Code    26  stm32f10x_rcc.o(.text)
    RCC_APB1PeriphClockCmd                   0x080055c3   Thumb Code    26  stm32f10x_rcc.o(.text)
    RCC_APB2PeriphResetCmd                   0x080055dd   Thumb Code    26  stm32f10x_rcc.o(.text)
    RCC_APB1PeriphResetCmd                   0x080055f7   Thumb Code    26  stm32f10x_rcc.o(.text)
    RCC_BackupResetCmd                       0x08005611   Thumb Code     8  stm32f10x_rcc.o(.text)
    RCC_ClockSecuritySystemCmd               0x08005619   Thumb Code     6  stm32f10x_rcc.o(.text)
    RCC_MCOConfig                            0x0800561f   Thumb Code     6  stm32f10x_rcc.o(.text)
    RCC_ClearFlag                            0x08005625   Thumb Code    14  stm32f10x_rcc.o(.text)
    RCC_GetITStatus                          0x08005633   Thumb Code    20  stm32f10x_rcc.o(.text)
    RCC_ClearITPendingBit                    0x08005647   Thumb Code     6  stm32f10x_rcc.o(.text)
    NVIC_PriorityGroupConfig                 0x08005671   Thumb Code    10  misc.o(.text)
    NVIC_Init                                0x0800567b   Thumb Code   100  misc.o(.text)
    NVIC_SetVectorTable                      0x080056df   Thumb Code    14  misc.o(.text)
    NVIC_SystemLPConfig                      0x080056ed   Thumb Code    34  misc.o(.text)
    SysTick_CLKSourceConfig                  0x0800570f   Thumb Code    40  misc.o(.text)
    TIM_DeInit                               0x0800574d   Thumb Code   424  stm32f10x_tim.o(.text)
    TIM_TimeBaseInit                         0x080058f5   Thumb Code   122  stm32f10x_tim.o(.text)
    TIM_OC1Init                              0x0800596f   Thumb Code   132  stm32f10x_tim.o(.text)
    TIM_OC2Init                              0x080059f3   Thumb Code   154  stm32f10x_tim.o(.text)
    TIM_OC3Init                              0x08005a8d   Thumb Code   150  stm32f10x_tim.o(.text)
    TIM_OC4Init                              0x08005b23   Thumb Code   182  stm32f10x_tim.o(.text)
    TIM_SetIC4Prescaler                      0x08005bd9   Thumb Code    26  stm32f10x_tim.o(.text)
    TIM_SetIC3Prescaler                      0x08005c75   Thumb Code    18  stm32f10x_tim.o(.text)
    TIM_SetIC2Prescaler                      0x08005d01   Thumb Code    26  stm32f10x_tim.o(.text)
    TIM_SetIC1Prescaler                      0x08005d9d   Thumb Code    18  stm32f10x_tim.o(.text)
    TIM_ICInit                               0x08005e1b   Thumb Code   150  stm32f10x_tim.o(.text)
    TIM_PWMIConfig                           0x08005eb1   Thumb Code   124  stm32f10x_tim.o(.text)
    TIM_BDTRConfig                           0x08005f2d   Thumb Code    32  stm32f10x_tim.o(.text)
    TIM_TimeBaseStructInit                   0x08005f4d   Thumb Code    18  stm32f10x_tim.o(.text)
    TIM_OCStructInit                         0x08005f5f   Thumb Code    20  stm32f10x_tim.o(.text)
    TIM_ICStructInit                         0x08005f73   Thumb Code    18  stm32f10x_tim.o(.text)
    TIM_BDTRStructInit                       0x08005f85   Thumb Code    40  stm32f10x_tim.o(.text)
    TIM_Cmd                                  0x08005fad   Thumb Code    24  stm32f10x_tim.o(.text)
    TIM_CtrlPWMOutputs                       0x08005fc5   Thumb Code    30  stm32f10x_tim.o(.text)
    TIM_ITConfig                             0x08005fe3   Thumb Code    18  stm32f10x_tim.o(.text)
    TIM_GenerateEvent                        0x08005ff5   Thumb Code     4  stm32f10x_tim.o(.text)
    TIM_DMAConfig                            0x08005ff9   Thumb Code    10  stm32f10x_tim.o(.text)
    TIM_DMACmd                               0x08006003   Thumb Code    18  stm32f10x_tim.o(.text)
    TIM_InternalClockConfig                  0x08006015   Thumb Code    12  stm32f10x_tim.o(.text)
    TIM_SelectInputTrigger                   0x08006021   Thumb Code    18  stm32f10x_tim.o(.text)
    TIM_ITRxExternalClockConfig              0x08006033   Thumb Code    24  stm32f10x_tim.o(.text)
    TIM_TIxExternalClockConfig               0x0800604b   Thumb Code    62  stm32f10x_tim.o(.text)
    TIM_ETRConfig                            0x08006089   Thumb Code    28  stm32f10x_tim.o(.text)
    TIM_ETRClockMode1Config                  0x080060a5   Thumb Code    54  stm32f10x_tim.o(.text)
    TIM_ETRClockMode2Config                  0x080060db   Thumb Code    32  stm32f10x_tim.o(.text)
    TIM_PrescalerConfig                      0x080060fb   Thumb Code     6  stm32f10x_tim.o(.text)
    TIM_CounterModeConfig                    0x08006101   Thumb Code    18  stm32f10x_tim.o(.text)
    TIM_EncoderInterfaceConfig               0x08006113   Thumb Code    66  stm32f10x_tim.o(.text)
    TIM_ForcedOC1Config                      0x08006155   Thumb Code    18  stm32f10x_tim.o(.text)
    TIM_ForcedOC2Config                      0x08006167   Thumb Code    26  stm32f10x_tim.o(.text)
    TIM_ForcedOC3Config                      0x08006181   Thumb Code    18  stm32f10x_tim.o(.text)
    TIM_ForcedOC4Config                      0x08006193   Thumb Code    26  stm32f10x_tim.o(.text)
    TIM_ARRPreloadConfig                     0x080061ad   Thumb Code    24  stm32f10x_tim.o(.text)
    TIM_SelectCOM                            0x080061c5   Thumb Code    24  stm32f10x_tim.o(.text)
    TIM_SelectCCDMA                          0x080061dd   Thumb Code    24  stm32f10x_tim.o(.text)
    TIM_CCPreloadControl                     0x080061f5   Thumb Code    24  stm32f10x_tim.o(.text)
    TIM_OC1PreloadConfig                     0x0800620d   Thumb Code    18  stm32f10x_tim.o(.text)
    TIM_OC2PreloadConfig                     0x0800621f   Thumb Code    26  stm32f10x_tim.o(.text)
    TIM_OC3PreloadConfig                     0x08006239   Thumb Code    18  stm32f10x_tim.o(.text)
    TIM_OC4PreloadConfig                     0x0800624b   Thumb Code    26  stm32f10x_tim.o(.text)
    TIM_OC1FastConfig                        0x08006265   Thumb Code    18  stm32f10x_tim.o(.text)
    TIM_OC2FastConfig                        0x08006277   Thumb Code    26  stm32f10x_tim.o(.text)
    TIM_OC3FastConfig                        0x08006291   Thumb Code    18  stm32f10x_tim.o(.text)
    TIM_OC4FastConfig                        0x080062a3   Thumb Code    26  stm32f10x_tim.o(.text)
    TIM_ClearOC1Ref                          0x080062bd   Thumb Code    18  stm32f10x_tim.o(.text)
    TIM_ClearOC2Ref                          0x080062cf   Thumb Code    24  stm32f10x_tim.o(.text)
    TIM_ClearOC3Ref                          0x080062e7   Thumb Code    18  stm32f10x_tim.o(.text)
    TIM_ClearOC4Ref                          0x080062f9   Thumb Code    24  stm32f10x_tim.o(.text)
    TIM_OC1PolarityConfig                    0x08006311   Thumb Code    18  stm32f10x_tim.o(.text)
    TIM_OC1NPolarityConfig                   0x08006323   Thumb Code    18  stm32f10x_tim.o(.text)
    TIM_OC2PolarityConfig                    0x08006335   Thumb Code    26  stm32f10x_tim.o(.text)
    TIM_OC2NPolarityConfig                   0x0800634f   Thumb Code    26  stm32f10x_tim.o(.text)
    TIM_OC3PolarityConfig                    0x08006369   Thumb Code    26  stm32f10x_tim.o(.text)
    TIM_OC3NPolarityConfig                   0x08006383   Thumb Code    26  stm32f10x_tim.o(.text)
    TIM_OC4PolarityConfig                    0x0800639d   Thumb Code    26  stm32f10x_tim.o(.text)
    TIM_CCxCmd                               0x080063b7   Thumb Code    30  stm32f10x_tim.o(.text)
    TIM_CCxNCmd                              0x080063d5   Thumb Code    30  stm32f10x_tim.o(.text)
    TIM_SelectOCxM                           0x080063f3   Thumb Code    82  stm32f10x_tim.o(.text)
    TIM_UpdateDisableConfig                  0x08006445   Thumb Code    24  stm32f10x_tim.o(.text)
    TIM_UpdateRequestConfig                  0x0800645d   Thumb Code    24  stm32f10x_tim.o(.text)
    TIM_SelectHallSensor                     0x08006475   Thumb Code    24  stm32f10x_tim.o(.text)
    TIM_SelectOnePulseMode                   0x0800648d   Thumb Code    18  stm32f10x_tim.o(.text)
    TIM_SelectOutputTrigger                  0x0800649f   Thumb Code    18  stm32f10x_tim.o(.text)
    TIM_SelectSlaveMode                      0x080064b1   Thumb Code    18  stm32f10x_tim.o(.text)
    TIM_SelectMasterSlaveMode                0x080064c3   Thumb Code    18  stm32f10x_tim.o(.text)
    TIM_SetCounter                           0x080064d5   Thumb Code     4  stm32f10x_tim.o(.text)
    TIM_SetAutoreload                        0x080064d9   Thumb Code     4  stm32f10x_tim.o(.text)
    TIM_SetCompare1                          0x080064dd   Thumb Code     4  stm32f10x_tim.o(.text)
    TIM_SetCompare2                          0x080064e1   Thumb Code     4  stm32f10x_tim.o(.text)
    TIM_SetCompare3                          0x080064e5   Thumb Code     4  stm32f10x_tim.o(.text)
    TIM_SetCompare4                          0x080064e9   Thumb Code     6  stm32f10x_tim.o(.text)
    TIM_SetClockDivision                     0x080064ef   Thumb Code    18  stm32f10x_tim.o(.text)
    TIM_GetCapture1                          0x08006501   Thumb Code     6  stm32f10x_tim.o(.text)
    TIM_GetCapture2                          0x08006507   Thumb Code     6  stm32f10x_tim.o(.text)
    TIM_GetCapture3                          0x0800650d   Thumb Code     6  stm32f10x_tim.o(.text)
    TIM_GetCapture4                          0x08006513   Thumb Code     8  stm32f10x_tim.o(.text)
    TIM_GetCounter                           0x0800651b   Thumb Code     6  stm32f10x_tim.o(.text)
    TIM_GetPrescaler                         0x08006521   Thumb Code     6  stm32f10x_tim.o(.text)
    TIM_GetFlagStatus                        0x08006527   Thumb Code    18  stm32f10x_tim.o(.text)
    TIM_ClearFlag                            0x08006539   Thumb Code     6  stm32f10x_tim.o(.text)
    TIM_GetITStatus                          0x0800653f   Thumb Code    34  stm32f10x_tim.o(.text)
    TIM_ClearITPendingBit                    0x08006561   Thumb Code     6  stm32f10x_tim.o(.text)
    ADC_DeInit                               0x08006569   Thumb Code    78  stm32f10x_adc.o(.text)
    ADC_Init                                 0x080065b7   Thumb Code    70  stm32f10x_adc.o(.text)
    ADC_StructInit                           0x080065fd   Thumb Code    18  stm32f10x_adc.o(.text)
    ADC_Cmd                                  0x0800660f   Thumb Code    22  stm32f10x_adc.o(.text)
    ADC_DMACmd                               0x08006625   Thumb Code    22  stm32f10x_adc.o(.text)
    ADC_ITConfig                             0x0800663b   Thumb Code    24  stm32f10x_adc.o(.text)
    ADC_ResetCalibration                     0x08006653   Thumb Code    10  stm32f10x_adc.o(.text)
    ADC_GetResetCalibrationStatus            0x0800665d   Thumb Code    20  stm32f10x_adc.o(.text)
    ADC_StartCalibration                     0x08006671   Thumb Code    10  stm32f10x_adc.o(.text)
    ADC_GetCalibrationStatus                 0x0800667b   Thumb Code    20  stm32f10x_adc.o(.text)
    ADC_SoftwareStartConvCmd                 0x0800668f   Thumb Code    22  stm32f10x_adc.o(.text)
    ADC_GetSoftwareStartConvStatus           0x080066a5   Thumb Code    20  stm32f10x_adc.o(.text)
    ADC_DiscModeChannelCountConfig           0x080066b9   Thumb Code    24  stm32f10x_adc.o(.text)
    ADC_DiscModeCmd                          0x080066d1   Thumb Code    22  stm32f10x_adc.o(.text)
    ADC_RegularChannelConfig                 0x080066e7   Thumb Code   184  stm32f10x_adc.o(.text)
    ADC_ExternalTrigConvCmd                  0x0800679f   Thumb Code    22  stm32f10x_adc.o(.text)
    ADC_GetConversionValue                   0x080067b5   Thumb Code     8  stm32f10x_adc.o(.text)
    ADC_GetDualModeConversionValue           0x080067bd   Thumb Code     8  stm32f10x_adc.o(.text)
    ADC_AutoInjectedConvCmd                  0x080067c5   Thumb Code    22  stm32f10x_adc.o(.text)
    ADC_InjectedDiscModeCmd                  0x080067db   Thumb Code    22  stm32f10x_adc.o(.text)
    ADC_ExternalTrigInjectedConvConfig       0x080067f1   Thumb Code    16  stm32f10x_adc.o(.text)
    ADC_ExternalTrigInjectedConvCmd          0x08006801   Thumb Code    22  stm32f10x_adc.o(.text)
    ADC_SoftwareStartInjectedConvCmd         0x08006817   Thumb Code    22  stm32f10x_adc.o(.text)
    ADC_GetSoftwareStartInjectedConvCmdStatus 0x0800682d   Thumb Code    20  stm32f10x_adc.o(.text)
    ADC_InjectedChannelConfig                0x08006841   Thumb Code   130  stm32f10x_adc.o(.text)
    ADC_InjectedSequencerLengthConfig        0x080068c3   Thumb Code    24  stm32f10x_adc.o(.text)
    ADC_SetInjectedOffset                    0x080068db   Thumb Code    20  stm32f10x_adc.o(.text)
    ADC_GetInjectedConversionValue           0x080068ef   Thumb Code    28  stm32f10x_adc.o(.text)
    ADC_AnalogWatchdogCmd                    0x0800690b   Thumb Code    16  stm32f10x_adc.o(.text)
    ADC_AnalogWatchdogThresholdsConfig       0x0800691b   Thumb Code     6  stm32f10x_adc.o(.text)
    ADC_AnalogWatchdogSingleChannelConfig    0x08006921   Thumb Code    16  stm32f10x_adc.o(.text)
    ADC_TempSensorVrefintCmd                 0x08006931   Thumb Code    64  stm32f10x_adc.o(.text)
    ADC_GetFlagStatus                        0x08006971   Thumb Code    18  stm32f10x_adc.o(.text)
    ADC_ClearFlag                            0x08006983   Thumb Code     6  stm32f10x_adc.o(.text)
    ADC_GetITStatus                          0x08006989   Thumb Code    36  stm32f10x_adc.o(.text)
    ADC_ClearITPendingBit                    0x080069ad   Thumb Code    10  stm32f10x_adc.o(.text)
    DMA_DeInit                               0x080069b9   Thumb Code   324  stm32f10x_dma.o(.text)
    DMA_Init                                 0x08006afd   Thumb Code    60  stm32f10x_dma.o(.text)
    DMA_StructInit                           0x08006b39   Thumb Code    26  stm32f10x_dma.o(.text)
    DMA_Cmd                                  0x08006b53   Thumb Code    24  stm32f10x_dma.o(.text)
    DMA_ITConfig                             0x08006b6b   Thumb Code    18  stm32f10x_dma.o(.text)
    DMA_SetCurrDataCounter                   0x08006b7d   Thumb Code     4  stm32f10x_dma.o(.text)
    DMA_GetCurrDataCounter                   0x08006b81   Thumb Code     8  stm32f10x_dma.o(.text)
    DMA_GetFlagStatus                        0x08006b89   Thumb Code    40  stm32f10x_dma.o(.text)
    DMA_ClearFlag                            0x08006bb1   Thumb Code    22  stm32f10x_dma.o(.text)
    DMA_GetITStatus                          0x08006bc7   Thumb Code    40  stm32f10x_dma.o(.text)
    DMA_ClearITPendingBit                    0x08006bef   Thumb Code    22  stm32f10x_dma.o(.text)
    FLASH_SetLatency                         0x08006c0d   Thumb Code    18  stm32f10x_flash.o(.text)
    FLASH_HalfCycleAccessCmd                 0x08006c1f   Thumb Code    22  stm32f10x_flash.o(.text)
    FLASH_PrefetchBufferCmd                  0x08006c35   Thumb Code    22  stm32f10x_flash.o(.text)
    FLASH_Unlock                             0x08006c4b   Thumb Code    12  stm32f10x_flash.o(.text)
    FLASH_UnlockBank1                        0x08006c57   Thumb Code    12  stm32f10x_flash.o(.text)
    FLASH_Lock                               0x08006c63   Thumb Code    14  stm32f10x_flash.o(.text)
    FLASH_LockBank1                          0x08006c71   Thumb Code    14  stm32f10x_flash.o(.text)
    FLASH_GetBank1Status                     0x08006c7f   Thumb Code    48  stm32f10x_flash.o(.text)
    FLASH_WaitForLastOperation               0x08006caf   Thumb Code    38  stm32f10x_flash.o(.text)
    FLASH_ErasePage                          0x08006cd5   Thumb Code    72  stm32f10x_flash.o(.text)
    FLASH_EraseAllPages                      0x08006d1d   Thumb Code    68  stm32f10x_flash.o(.text)
    FLASH_WaitForLastBank1Operation          0x08006d61   Thumb Code    38  stm32f10x_flash.o(.text)
    FLASH_EraseAllBank1Pages                 0x08006d87   Thumb Code    68  stm32f10x_flash.o(.text)
    FLASH_GetReadOutProtectionStatus         0x08006dcb   Thumb Code    20  stm32f10x_flash.o(.text)
    FLASH_EraseOptionBytes                   0x08006ddf   Thumb Code   150  stm32f10x_flash.o(.text)
    FLASH_ProgramWord                        0x08006e75   Thumb Code   102  stm32f10x_flash.o(.text)
    FLASH_ProgramHalfWord                    0x08006edb   Thumb Code    60  stm32f10x_flash.o(.text)
    FLASH_ProgramOptionByteData              0x08006f17   Thumb Code    72  stm32f10x_flash.o(.text)
    FLASH_EnableWriteProtection              0x08006f5f   Thumb Code   200  stm32f10x_flash.o(.text)
    FLASH_ReadOutProtection                  0x08007027   Thumb Code   156  stm32f10x_flash.o(.text)
    FLASH_UserOptionByteConfig               0x080070c3   Thumb Code    88  stm32f10x_flash.o(.text)
    FLASH_GetUserOptionByte                  0x0800711b   Thumb Code     8  stm32f10x_flash.o(.text)
    FLASH_GetWriteProtectionOptionByte       0x08007123   Thumb Code     6  stm32f10x_flash.o(.text)
    FLASH_GetPrefetchBufferStatus            0x08007129   Thumb Code    20  stm32f10x_flash.o(.text)
    FLASH_ITConfig                           0x0800713d   Thumb Code    26  stm32f10x_flash.o(.text)
    FLASH_GetFlagStatus                      0x08007157   Thumb Code    42  stm32f10x_flash.o(.text)
    FLASH_ClearFlag                          0x08007181   Thumb Code     6  stm32f10x_flash.o(.text)
    FLASH_GetStatus                          0x08007187   Thumb Code    48  stm32f10x_flash.o(.text)
    strlen                                   0x080071c9   Thumb Code    62  strlen.o(.text)
    __aeabi_memclr                           0x08007207   Thumb Code     0  rt_memclr.o(.text)
    __rt_memclr                              0x08007207   Thumb Code    68  rt_memclr.o(.text)
    _memset                                  0x0800720b   Thumb Code     0  rt_memclr.o(.text)
    __use_two_region_memory                  0x0800724b   Thumb Code     2  heapauxi.o(.text)
    __rt_heap_escrow$2region                 0x0800724d   Thumb Code     2  heapauxi.o(.text)
    __rt_heap_expand$2region                 0x0800724f   Thumb Code     2  heapauxi.o(.text)
    __aeabi_memclr4                          0x08007251   Thumb Code     0  rt_memclr_w.o(.text)
    __aeabi_memclr8                          0x08007251   Thumb Code     0  rt_memclr_w.o(.text)
    __rt_memclr_w                            0x08007251   Thumb Code    78  rt_memclr_w.o(.text)
    _memset_w                                0x08007255   Thumb Code     0  rt_memclr_w.o(.text)
    __user_setup_stackheap                   0x0800729f   Thumb Code    74  sys_stackheap_outer.o(.text)
    exit                                     0x080072e9   Thumb Code    18  exit.o(.text)
    __user_libspace                          0x080072fd   Thumb Code     8  libspace.o(.text)
    __user_perproc_libspace                  0x080072fd   Thumb Code     0  libspace.o(.text)
    __user_perthread_libspace                0x080072fd   Thumb Code     0  libspace.o(.text)
    _sys_exit                                0x08007305   Thumb Code     8  sys_exit.o(.text)
    __I$use$semihosting                      0x08007311   Thumb Code     0  use_no_semi.o(.text)
    __use_no_semihosting_swi                 0x08007311   Thumb Code     2  use_no_semi.o(.text)
    __semihosting_library_function           0x08007313   Thumb Code     0  indicate_semi.o(.text)
    __aeabi_d2f                              0x08007315   Thumb Code     0  d2f.o(x$fpl$d2f)
    _d2f                                     0x08007315   Thumb Code    98  d2f.o(x$fpl$d2f)
    __aeabi_dadd                             0x08007379   Thumb Code     0  daddsub_clz.o(x$fpl$dadd)
    _dadd                                    0x08007379   Thumb Code   332  daddsub_clz.o(x$fpl$dadd)
    __fpl_dcmp_Inf                           0x080074c9   Thumb Code    24  dcmpi.o(x$fpl$dcmpinf)
    __aeabi_ddiv                             0x080074e1   Thumb Code     0  ddiv.o(x$fpl$ddiv)
    _ddiv                                    0x080074e1   Thumb Code   552  ddiv.o(x$fpl$ddiv)
    __aeabi_d2iz                             0x08007791   Thumb Code     0  dfix.o(x$fpl$dfix)
    _dfix                                    0x08007791   Thumb Code    94  dfix.o(x$fpl$dfix)
    __aeabi_d2uiz                            0x080077f1   Thumb Code     0  dfixu.o(x$fpl$dfixu)
    _dfixu                                   0x080077f1   Thumb Code    90  dfixu.o(x$fpl$dfixu)
    __aeabi_i2d                              0x0800784b   Thumb Code     0  dflt_clz.o(x$fpl$dflt)
    _dflt                                    0x0800784b   Thumb Code    46  dflt_clz.o(x$fpl$dflt)
    __aeabi_ui2d                             0x08007879   Thumb Code     0  dflt_clz.o(x$fpl$dfltu)
    _dfltu                                   0x08007879   Thumb Code    38  dflt_clz.o(x$fpl$dfltu)
    __aeabi_cdcmple                          0x080078a1   Thumb Code     0  dleqf.o(x$fpl$dleqf)
    _dcmple                                  0x080078a1   Thumb Code   120  dleqf.o(x$fpl$dleqf)
    __fpl_dcmple_InfNaN                      0x08007903   Thumb Code     0  dleqf.o(x$fpl$dleqf)
    __aeabi_dmul                             0x08007919   Thumb Code     0  dmul.o(x$fpl$dmul)
    _dmul                                    0x08007919   Thumb Code   332  dmul.o(x$fpl$dmul)
    __fpl_dnaninf                            0x08007a6d   Thumb Code   156  dnaninf.o(x$fpl$dnaninf)
    __fpl_dretinf                            0x08007b09   Thumb Code    12  dretinf.o(x$fpl$dretinf)
    __aeabi_cdrcmple                         0x08007b15   Thumb Code     0  drleqf.o(x$fpl$drleqf)
    _drcmple                                 0x08007b15   Thumb Code   108  drleqf.o(x$fpl$drleqf)
    __aeabi_drsub                            0x08007b81   Thumb Code     0  daddsub_clz.o(x$fpl$drsb)
    _drsb                                    0x08007b81   Thumb Code    22  daddsub_clz.o(x$fpl$drsb)
    __aeabi_dsub                             0x08007b99   Thumb Code     0  daddsub_clz.o(x$fpl$dsub)
    _dsub                                    0x08007b99   Thumb Code   464  daddsub_clz.o(x$fpl$dsub)
    __aeabi_f2d                              0x08007d6d   Thumb Code     0  f2d.o(x$fpl$f2d)
    _f2d                                     0x08007d6d   Thumb Code    86  f2d.o(x$fpl$f2d)
    __aeabi_fadd                             0x08007dc5   Thumb Code     0  faddsub_clz.o(x$fpl$fadd)
    _fadd                                    0x08007dc5   Thumb Code   196  faddsub_clz.o(x$fpl$fadd)
    __fpl_fnaninf                            0x08007e89   Thumb Code   140  fnaninf.o(x$fpl$fnaninf)
    __fpl_fretinf                            0x08007f15   Thumb Code    10  fretinf.o(x$fpl$fretinf)
    __aeabi_frsub                            0x08007f1f   Thumb Code     0  faddsub_clz.o(x$fpl$frsb)
    _frsb                                    0x08007f1f   Thumb Code    20  faddsub_clz.o(x$fpl$frsb)
    __aeabi_fsub                             0x08007f35   Thumb Code     0  faddsub_clz.o(x$fpl$fsub)
    _fsub                                    0x08007f35   Thumb Code   234  faddsub_clz.o(x$fpl$fsub)
    F6x8                                     0x0800801e   Data         552  oled.o(.constdata)
    __I$use$fp                               0x0800801e   Number         0  usenofp.o(x$fpl$usenofp)
    F8X16                                    0x08008246   Data        1520  oled.o(.constdata)
    _Font4x6                                 0x08008836   Data         570  font4x6_ascii.o(.constdata)
    _Font6x8                                 0x08008a70   Data         848  font6x8_ascii.o(.constdata)
    Region$$Table$$Base                      0x08008e14   Number         0  anon$$obj.o(Region$$Table)
    Region$$Table$$Limit                     0x08008e34   Number         0  anon$$obj.o(Region$$Table)
    SystemCoreClock                          0x20000000   Data           4  system_stm32f10x.o(.data)
    AHBPrescTable                            0x20000004   Data          16  system_stm32f10x.o(.data)
    HOMEPAGE                                 0x20000014   Data          12  menu.o(.data)
    SETTINGS                                 0x20000020   Data          12  menu.o(.data)
    AUTHOR                                   0x2000002c   Data          12  menu.o(.data)
    PWM_SET                                  0x20000038   Data          12  menu.o(.data)
    ADC_SET                                  0x20000044   Data          12  menu.o(.data)
    ADC_SET_EXACT                            0x20000050   Data          12  menu.o(.data)
    ENCODER_SET                              0x2000005c   Data          12  menu.o(.data)
    JUMP_SET                                 0x20000068   Data          12  menu.o(.data)
    SUNDRY_SET                               0x20000074   Data          12  menu.o(.data)
    ADC_SET_SINGLE                           0x20000080   Data          12  menu.o(.data)
    miss_count                               0x2000008c   Data           2  attack.o(.data)
    lockchess_flag                           0x2000008e   Data           1  attack.o(.data)
    lockcar_flag                             0x2000008f   Data           1  attack.o(.data)
    Avoid_flag                               0x20000090   Data           1  attack.o(.data)
    Chinese                                  0x20000091   Data        1792  oled.o(.data)
    current_page                             0x20000794   Data           4  solgui_menu.o(.data)
    _key_cache                               0x20000798   Data           7  solgui_menu.o(.data)
    cur_key                                  0x2000079f   Data           1  solgui_menu.o(.data)
    SOLGUI_CSR                               0x200007a0   Data           1  solgui_menu.o(.data)
    _fontInfo_6x8                            0x200007a4   Data           8  solgui_printf.o(.data)
    _fontInfo_4x6                            0x200007ac   Data           8  solgui_printf.o(.data)
    cursor                                   0x200007b4   Data           4  solgui_widget.o(.data)
    MOTOR_PWM                                0x200007d4   Data          18  main.o(.bss)
    EYE_THRESHOLD                            0x200007e6   Data          38  main.o(.bss)
    ENCODER_VALUE                            0x2000080c   Data          10  main.o(.bss)
    SETTING_SUNDRY                           0x20000816   Data          14  main.o(.bss)
    ADC_BUFF                                 0x20000824   Data          32  adc.o(.bss)
    STMFLASH_BUF                             0x20000844   Data        2048  flash.o(.bss)
    SOLGUI_GRAM                              0x20001044   Data        1024  solgui_common.o(.bss)
    cursor_reg                               0x20001444   Data          12  solgui_widget.o(.bss)
    option_enable_list                       0x20001450   Data          18  solgui_widget.o(.bss)
    __libspace_start                         0x20001464   Data          96  libspace.o(.bss)
    __temporary_stack_top$libspace           0x200014c4   Data           0  libspace.o(.bss)



==============================================================================

Memory Map of the image

  Image Entry point : 0x08000131

  Load Region LR_IROM1 (Base: 0x08000000, Size: 0x00009608, Max: 0x00080000, ABSOLUTE, COMPRESSED[0x0000916c])

    Execution Region ER_IROM1 (Base: 0x08000000, Size: 0x00008e34, Max: 0x00080000, ABSOLUTE)

    Base Addr    Size         Type   Attr      Idx    E Section Name        Object

    0x08000000   0x00000130   Data   RO          645    RESET               startup_stm32f10x_hd.o
    0x08000130   0x00000008   Code   RO          744  * !!!main             c_w.l(__main.o)
    0x08000138   0x00000034   Code   RO          956    !!!scatter          c_w.l(__scatter.o)
    0x0800016c   0x0000005a   Code   RO          954    !!dczerorl2         c_w.l(__dczerorl2.o)
    0x080001c6   0x00000002   PAD
    0x080001c8   0x0000001c   Code   RO          958    !!handler_zi        c_w.l(__scatter_zi.o)
    0x080001e4   0x00000002   Code   RO          824    .ARM.Collect$$libinit$$00000000  c_w.l(libinit.o)
    0x080001e6   0x00000000   Code   RO          831    .ARM.Collect$$libinit$$00000002  c_w.l(libinit2.o)
    0x080001e6   0x00000000   Code   RO          833    .ARM.Collect$$libinit$$00000004  c_w.l(libinit2.o)
    0x080001e6   0x00000000   Code   RO          836    .ARM.Collect$$libinit$$0000000A  c_w.l(libinit2.o)
    0x080001e6   0x00000000   Code   RO          838    .ARM.Collect$$libinit$$0000000C  c_w.l(libinit2.o)
    0x080001e6   0x00000000   Code   RO          840    .ARM.Collect$$libinit$$0000000E  c_w.l(libinit2.o)
    0x080001e6   0x00000000   Code   RO          843    .ARM.Collect$$libinit$$00000011  c_w.l(libinit2.o)
    0x080001e6   0x00000000   Code   RO          845    .ARM.Collect$$libinit$$00000013  c_w.l(libinit2.o)
    0x080001e6   0x00000000   Code   RO          847    .ARM.Collect$$libinit$$00000015  c_w.l(libinit2.o)
    0x080001e6   0x00000000   Code   RO          849    .ARM.Collect$$libinit$$00000017  c_w.l(libinit2.o)
    0x080001e6   0x00000000   Code   RO          851    .ARM.Collect$$libinit$$00000019  c_w.l(libinit2.o)
    0x080001e6   0x00000000   Code   RO          853    .ARM.Collect$$libinit$$0000001B  c_w.l(libinit2.o)
    0x080001e6   0x00000000   Code   RO          855    .ARM.Collect$$libinit$$0000001D  c_w.l(libinit2.o)
    0x080001e6   0x00000000   Code   RO          857    .ARM.Collect$$libinit$$0000001F  c_w.l(libinit2.o)
    0x080001e6   0x00000000   Code   RO          859    .ARM.Collect$$libinit$$00000021  c_w.l(libinit2.o)
    0x080001e6   0x00000000   Code   RO          861    .ARM.Collect$$libinit$$00000023  c_w.l(libinit2.o)
    0x080001e6   0x00000000   Code   RO          863    .ARM.Collect$$libinit$$00000025  c_w.l(libinit2.o)
    0x080001e6   0x00000000   Code   RO          867    .ARM.Collect$$libinit$$0000002C  c_w.l(libinit2.o)
    0x080001e6   0x00000000   Code   RO          869    .ARM.Collect$$libinit$$0000002E  c_w.l(libinit2.o)
    0x080001e6   0x00000000   Code   RO          871    .ARM.Collect$$libinit$$00000030  c_w.l(libinit2.o)
    0x080001e6   0x00000000   Code   RO          873    .ARM.Collect$$libinit$$00000032  c_w.l(libinit2.o)
    0x080001e6   0x00000002   Code   RO          874    .ARM.Collect$$libinit$$00000033  c_w.l(libinit2.o)
    0x080001e8   0x00000002   Code   RO          894    .ARM.Collect$$libshutdown$$00000000  c_w.l(libshutdown.o)
    0x080001ea   0x00000000   Code   RO          907    .ARM.Collect$$libshutdown$$00000002  c_w.l(libshutdown2.o)
    0x080001ea   0x00000000   Code   RO          909    .ARM.Collect$$libshutdown$$00000004  c_w.l(libshutdown2.o)
    0x080001ea   0x00000000   Code   RO          912    .ARM.Collect$$libshutdown$$00000007  c_w.l(libshutdown2.o)
    0x080001ea   0x00000000   Code   RO          915    .ARM.Collect$$libshutdown$$0000000A  c_w.l(libshutdown2.o)
    0x080001ea   0x00000000   Code   RO          917    .ARM.Collect$$libshutdown$$0000000C  c_w.l(libshutdown2.o)
    0x080001ea   0x00000000   Code   RO          920    .ARM.Collect$$libshutdown$$0000000F  c_w.l(libshutdown2.o)
    0x080001ea   0x00000002   Code   RO          921    .ARM.Collect$$libshutdown$$00000010  c_w.l(libshutdown2.o)
    0x080001ec   0x00000000   Code   RO          786    .ARM.Collect$$rtentry$$00000000  c_w.l(__rtentry.o)
    0x080001ec   0x00000000   Code   RO          801    .ARM.Collect$$rtentry$$00000002  c_w.l(__rtentry2.o)
    0x080001ec   0x00000006   Code   RO          813    .ARM.Collect$$rtentry$$00000004  c_w.l(__rtentry4.o)
    0x080001f2   0x00000000   Code   RO          803    .ARM.Collect$$rtentry$$00000009  c_w.l(__rtentry2.o)
    0x080001f2   0x00000004   Code   RO          804    .ARM.Collect$$rtentry$$0000000A  c_w.l(__rtentry2.o)
    0x080001f6   0x00000000   Code   RO          806    .ARM.Collect$$rtentry$$0000000C  c_w.l(__rtentry2.o)
    0x080001f6   0x00000008   Code   RO          807    .ARM.Collect$$rtentry$$0000000D  c_w.l(__rtentry2.o)
    0x080001fe   0x00000002   Code   RO          828    .ARM.Collect$$rtexit$$00000000  c_w.l(rtexit.o)
    0x08000200   0x00000000   Code   RO          876    .ARM.Collect$$rtexit$$00000002  c_w.l(rtexit2.o)
    0x08000200   0x00000004   Code   RO          877    .ARM.Collect$$rtexit$$00000003  c_w.l(rtexit2.o)
    0x08000204   0x00000006   Code   RO          878    .ARM.Collect$$rtexit$$00000004  c_w.l(rtexit2.o)
    0x0800020a   0x00000002   PAD
    0x0800020c   0x000001e0   Code   RO            1    .text               system_stm32f10x.o
    0x080003ec   0x0000001a   Code   RO          103    .text               stm32f10x_it.o
    0x08000406   0x00000002   PAD
    0x08000408   0x0000005c   Code   RO          122    .text               main.o
    0x08000464   0x00000ea0   Code   RO          247    .text               menu.o
    0x08001304   0x00000f20   Code   RO          267    .text               attack.o
    0x08002224   0x000004c4   Code   RO          287    .text               data.o
    0x080026e8   0x0000048a   Code   RO          299    .text               oled.o
    0x08002b72   0x00000002   PAD
    0x08002b74   0x000002d4   Code   RO          318    .text               motor.o
    0x08002e48   0x0000006c   Code   RO          334    .text               buzzer.o
    0x08002eb4   0x00000184   Code   RO          349    .text               adc.o
    0x08003038   0x00000070   Code   RO          367    .text               dma.o
    0x080030a8   0x000001c8   Code   RO          379    .text               led.o
    0x08003270   0x000001f0   Code   RO          391    .text               key.o
    0x08003460   0x00000040   Code   RO          403    .text               sensors.o
    0x080034a0   0x000000f8   Code   RO          415    .text               encoder.o
    0x08003598   0x00000134   Code   RO          427    .text               flash.o
    0x080036cc   0x0000008c   Code   RO          442    .text               solgui_common.o
    0x08003758   0x0000037a   Code   RO          463    .text               solgui_gbasic.o
    0x08003ad2   0x00000002   PAD
    0x08003ad4   0x000001f0   Code   RO          475    .text               solgui_hardware.o
    0x08003cc4   0x00000154   Code   RO          487    .text               solgui_menu.o
    0x08003e18   0x0000061e   Code   RO          515    .text               solgui_printf.o
    0x08004436   0x00000002   PAD
    0x08004438   0x00000a0c   Code   RO          546    .text               solgui_widget.o
    0x08004e44   0x000000d4   Code   RO          602    .text               delay.o
    0x08004f18   0x00000018   Code   RO          617    .text               sys.o
    0x08004f30   0x00000040   Code   RO          646    .text               startup_stm32f10x_hd.o
    0x08004f70   0x0000035c   Code   RO          650    .text               stm32f10x_gpio.o
    0x080052cc   0x000003a4   Code   RO          662    .text               stm32f10x_rcc.o
    0x08005670   0x000000dc   Code   RO          676    .text               misc.o
    0x0800574c   0x00000e1a   Code   RO          688    .text               stm32f10x_tim.o
    0x08006566   0x00000002   PAD
    0x08006568   0x0000044e   Code   RO          700    .text               stm32f10x_adc.o
    0x080069b6   0x00000002   PAD
    0x080069b8   0x00000254   Code   RO          712    .text               stm32f10x_dma.o
    0x08006c0c   0x000005bc   Code   RO          724    .text               stm32f10x_flash.o
    0x080071c8   0x0000003e   Code   RO          738    .text               c_w.l(strlen.o)
    0x08007206   0x00000044   Code   RO          740    .text               c_w.l(rt_memclr.o)
    0x0800724a   0x00000006   Code   RO          742    .text               c_w.l(heapauxi.o)
    0x08007250   0x0000004e   Code   RO          787    .text               c_w.l(rt_memclr_w.o)
    0x0800729e   0x0000004a   Code   RO          815    .text               c_w.l(sys_stackheap_outer.o)
    0x080072e8   0x00000012   Code   RO          817    .text               c_w.l(exit.o)
    0x080072fa   0x00000002   PAD
    0x080072fc   0x00000008   Code   RO          825    .text               c_w.l(libspace.o)
    0x08007304   0x0000000c   Code   RO          886    .text               c_w.l(sys_exit.o)
    0x08007310   0x00000002   Code   RO          897    .text               c_w.l(use_no_semi.o)
    0x08007312   0x00000000   Code   RO          899    .text               c_w.l(indicate_semi.o)
    0x08007312   0x00000002   PAD
    0x08007314   0x00000062   Code   RO          746    x$fpl$d2f           fz_ws.l(d2f.o)
    0x08007376   0x00000002   PAD
    0x08007378   0x00000150   Code   RO          748    x$fpl$dadd          fz_ws.l(daddsub_clz.o)
    0x080074c8   0x00000018   Code   RO          789    x$fpl$dcmpinf       fz_ws.l(dcmpi.o)
    0x080074e0   0x000002b0   Code   RO          755    x$fpl$ddiv          fz_ws.l(ddiv.o)
    0x08007790   0x0000005e   Code   RO          758    x$fpl$dfix          fz_ws.l(dfix.o)
    0x080077ee   0x00000002   PAD
    0x080077f0   0x0000005a   Code   RO          762    x$fpl$dfixu         fz_ws.l(dfixu.o)
    0x0800784a   0x0000002e   Code   RO          767    x$fpl$dflt          fz_ws.l(dflt_clz.o)
    0x08007878   0x00000026   Code   RO          766    x$fpl$dfltu         fz_ws.l(dflt_clz.o)
    0x0800789e   0x00000002   PAD
    0x080078a0   0x00000078   Code   RO          772    x$fpl$dleqf         fz_ws.l(dleqf.o)
    0x08007918   0x00000154   Code   RO          774    x$fpl$dmul          fz_ws.l(dmul.o)
    0x08007a6c   0x0000009c   Code   RO          791    x$fpl$dnaninf       fz_ws.l(dnaninf.o)
    0x08007b08   0x0000000c   Code   RO          793    x$fpl$dretinf       fz_ws.l(dretinf.o)
    0x08007b14   0x0000006c   Code   RO          776    x$fpl$drleqf        fz_ws.l(drleqf.o)
    0x08007b80   0x00000016   Code   RO          749    x$fpl$drsb          fz_ws.l(daddsub_clz.o)
    0x08007b96   0x00000002   PAD
    0x08007b98   0x000001d4   Code   RO          750    x$fpl$dsub          fz_ws.l(daddsub_clz.o)
    0x08007d6c   0x00000056   Code   RO          778    x$fpl$f2d           fz_ws.l(f2d.o)
    0x08007dc2   0x00000002   PAD
    0x08007dc4   0x000000c4   Code   RO          780    x$fpl$fadd          fz_ws.l(faddsub_clz.o)
    0x08007e88   0x0000008c   Code   RO          795    x$fpl$fnaninf       fz_ws.l(fnaninf.o)
    0x08007f14   0x0000000a   Code   RO          797    x$fpl$fretinf       fz_ws.l(fretinf.o)
    0x08007f1e   0x00000014   Code   RO          781    x$fpl$frsb          fz_ws.l(faddsub_clz.o)
    0x08007f32   0x00000002   PAD
    0x08007f34   0x000000ea   Code   RO          782    x$fpl$fsub          fz_ws.l(faddsub_clz.o)
    0x0800801e   0x00000000   Code   RO          799    x$fpl$usenofp       fz_ws.l(usenofp.o)
    0x0800801e   0x00000818   Data   RO          300    .constdata          oled.o
    0x08008836   0x0000023a   Data   RO          563    .constdata          font4x6_ascii.o
    0x08008a70   0x00000350   Data   RO          578    .constdata          font6x8_ascii.o
    0x08008dc0   0x00000053   Data   RO          248    .conststring        menu.o
    0x08008e13   0x00000001   PAD
    0x08008e14   0x00000020   Data   RO          952    Region$$Table       anon$$obj.o


    Execution Region RW_IRAM1 (Base: 0x20000000, Size: 0x00001ac8, Max: 0x00010000, ABSOLUTE, COMPRESSED[0x00000338])

    Base Addr    Size         Type   Attr      Idx    E Section Name        Object

    0x20000000   0x00000014   Data   RW            2    .data               system_stm32f10x.o
    0x20000014   0x00000078   Data   RW          249    .data               menu.o
    0x2000008c   0x00000005   Data   RW          268    .data               attack.o
    0x20000091   0x00000700   Data   RW          301    .data               oled.o
    0x20000791   0x00000003   PAD
    0x20000794   0x0000000d   Data   RW          488    .data               solgui_menu.o
    0x200007a1   0x00000003   PAD
    0x200007a4   0x00000010   Data   RW          516    .data               solgui_printf.o
    0x200007b4   0x00000005   Data   RW          548    .data               solgui_widget.o
    0x200007b9   0x00000001   PAD
    0x200007ba   0x00000004   Data   RW          603    .data               delay.o
    0x200007be   0x00000014   Data   RW          663    .data               stm32f10x_rcc.o
    0x200007d2   0x00000002   PAD
    0x200007d4   0x00000050   Zero   RW          123    .bss                main.o
    0x20000824   0x00000020   Zero   RW          350    .bss                adc.o
    0x20000844   0x00000800   Zero   RW          428    .bss                flash.o
    0x20001044   0x00000400   Zero   RW          443    .bss                solgui_common.o
    0x20001444   0x0000001e   Zero   RW          547    .bss                solgui_widget.o
    0x20001462   0x00000002   PAD
    0x20001464   0x00000060   Zero   RW          826    .bss                c_w.l(libspace.o)
    0x200014c4   0x00000004   PAD
    0x200014c8   0x00000200   Zero   RW          644    HEAP                startup_stm32f10x_hd.o
    0x200016c8   0x00000400   Zero   RW          643    STACK               startup_stm32f10x_hd.o


==============================================================================

Image component sizes


      Code (inc. data)   RO Data    RW Data    ZI Data      Debug   Object Name

       388         18          0          0         32       1223   adc.o
      3872        136          0          5          0       4843   attack.o
       108         14          0          0          0        698   buzzer.o
      1220         36          0          0          0       4775   data.o
       212         18          0          4          0       1055   delay.o
       112         12          0          0          0        730   dma.o
       248         14          0          0          0       1048   encoder.o
       308          8          0          0       2048       2495   flash.o
         0          0        570          0          0        651   font4x6_ascii.o
         0          0        848          0          0        631   font6x8_ascii.o
       496         16          0          0          0       1957   key.o
       456         16          0          0          0       1093   led.o
        92          4          0          0         80     219575   main.o
      3744        914         83        120          0       2842   menu.o
       220         22          0          0          0       1813   misc.o
       724         26          0          0          0       2196   motor.o
      1162         18       2072       1792          0       4800   oled.o
        64         10          0          0          0        527   sensors.o
       140          4          0          0       1024       1813   solgui_common.o
       890          0          0          0          0       3413   solgui_gbasic.o
       496         10          0          0          0       1214   solgui_hardware.o
       340         32          0         13          0       2661   solgui_menu.o
      1566         12          0         16          0       4144   solgui_printf.o
      2572        104          0          5         30       5712   solgui_widget.o
        64         26        304          0       1536        796   startup_stm32f10x_hd.o
      1102         26          0          0          0      11057   stm32f10x_adc.o
       596          8          0          0          0       4378   stm32f10x_dma.o
      1468         34          0          0          0       8222   stm32f10x_flash.o
       860         38          0          0          0       5745   stm32f10x_gpio.o
        26          0          0          0          0       1186   stm32f10x_it.o
       932         36          0         20          0       8932   stm32f10x_rcc.o
      3610         88          0          0          0      22856   stm32f10x_tim.o
        24          0          0          0          0        806   sys.o
       480         38          0         20          0      59915   system_stm32f10x.o

    ----------------------------------------------------------------------
     28604       1738       3910       2004       4752     395802   Object Totals
         0          0         32          0          0          0   (incl. Generated)
        12          0          1          9          2          0   (incl. Padding)

    ----------------------------------------------------------------------

      Code (inc. data)   RO Data    RW Data    ZI Data      Debug   Library Member Name

        90          0          0          0          0          0   __dczerorl2.o
         8          0          0          0          0         68   __main.o
         0          0          0          0          0          0   __rtentry.o
        12          0          0          0          0          0   __rtentry2.o
         6          0          0          0          0          0   __rtentry4.o
        52          8          0          0          0          0   __scatter.o
        28          0          0          0          0          0   __scatter_zi.o
        18          0          0          0          0         80   exit.o
         6          0          0          0          0        152   heapauxi.o
         0          0          0          0          0          0   indicate_semi.o
         2          0          0          0          0          0   libinit.o
         2          0          0          0          0          0   libinit2.o
         2          0          0          0          0          0   libshutdown.o
         2          0          0          0          0          0   libshutdown2.o
         8          4          0          0         96         68   libspace.o
        68          0          0          0          0         68   rt_memclr.o
        78          0          0          0          0         80   rt_memclr_w.o
         2          0          0          0          0          0   rtexit.o
        10          0          0          0          0          0   rtexit2.o
        62          0          0          0          0         76   strlen.o
        12          4          0          0          0         68   sys_exit.o
        74          0          0          0          0         80   sys_stackheap_outer.o
         2          0          0          0          0         68   use_no_semi.o
        98          4          0          0          0         92   d2f.o
       826         16          0          0          0        348   daddsub_clz.o
        24          0          0          0          0         68   dcmpi.o
       688        140          0          0          0        208   ddiv.o
        94          4          0          0          0         92   dfix.o
        90          4          0          0          0         92   dfixu.o
        84          0          0          0          0        136   dflt_clz.o
       120          4          0          0          0         92   dleqf.o
       340         12          0          0          0        104   dmul.o
       156          4          0          0          0         92   dnaninf.o
        12          0          0          0          0         68   dretinf.o
       108          0          0          0          0         80   drleqf.o
        86          4          0          0          0         84   f2d.o
       450          8          0          0          0        236   faddsub_clz.o
       140          4          0          0          0         84   fnaninf.o
        10          0          0          0          0         68   fretinf.o
         0          0          0          0          0          0   usenofp.o

    ----------------------------------------------------------------------
      3890        220          0          0        100       2752   Library Totals
        20          0          0          0          4          0   (incl. Padding)

    ----------------------------------------------------------------------

      Code (inc. data)   RO Data    RW Data    ZI Data      Debug   Library Name

       544         16          0          0         96        808   c_w.l
      3326        204          0          0          0       1944   fz_ws.l

    ----------------------------------------------------------------------
      3890        220          0          0        100       2752   Library Totals

    ----------------------------------------------------------------------

==============================================================================


      Code (inc. data)   RO Data    RW Data    ZI Data      Debug   

     32494       1958       3910       2004       4852     394338   Grand Totals
     32494       1958       3910        824       4852     394338   ELF Image Totals (compressed)
     32494       1958       3910        824          0          0   ROM Totals

==============================================================================

    Total RO  Size (Code + RO Data)                36404 (  35.55kB)
    Total RW  Size (RW Data + ZI Data)              6856 (   6.70kB)
    Total ROM Size (Code + RO Data + RW Data)      37228 (  36.36kB)

==============================================================================

